10-02 02:37:41.028  2354  2457 I HwMobileSignalController: subId:1 phoneType:1 networktype:13 targetClass:3 masterLevel:5 slaveLevel:-1
10-02 02:37:41.477  2023  4781 I MQoS    : MSG_QUERY_TCP_INFO called,count:503
10-02 02:37:41.477  2023  2023 I WifiProJNI: ######### CMD_QUERY_PKTS ########
10-02 02:37:41.478  2023  2272 I QosMonitor: postEventFromNative: msg=100,arg1=0,arg2=9
10-02 02:37:41.478  2023  2272 W WifiProJNI: poll before: g_monitor_fd =318
10-02 02:37:41.478  2023  2023 I MQoS    : rtt=0,tcp_tx_pkts=0,tcp_rx_pkts=0
10-02 02:37:41.483  2023  4781 I TrafficMonitor: getStatic,count:0,work status:false
10-02 02:37:41.483  2023  4781 I MQoS    : QOS_level:5(5),use RAT:4G;signalLvl:5
10-02 02:37:41.651  2354  2354 I NetworkSpeedManagerEx: mIsStop = false
10-02 02:37:41.654  2354  2354 I NetworkSpeedManagerEx: value=54328.332speed = 53.1K/s
10-02 02:37:41.654  2354  2354 I NetworkSpeedView: /update(), speed=53.1K/s parent class:class com.android.systemui.statusbar.HwSystemIcons
10-02 02:37:41.662  2023  2848 E LocSvc_ApiV02: I/<--- void globalEventCb(locClientHandleType, uint32_t, const locClientEventIndUnionType, void *) line 114 QMI_LOC_EVENT_GNSS_SV_INFO_IND_V02
10-02 02:37:41.662  2023  3575 E LocSvc_libulp: I/int ulp_brain_process_gnss_sv_report(const GnssSvStatus *), gnss sv report cnt = 120, gnss pos report cnt = 1,strong sv cnt = 0
10-02 02:37:41.662  2023  2848 E LocSvc_ApiV02: I/<--- void globalEventCb(locClientHandleType, uint32_t, const locClientEventIndUnionType, void *) line 114 QMI_LOC_EVENT_POSITION_REPORT_IND_V02
10-02 02:37:41.663  2023  3575 E LocSvc_libulp: I/int ulp_brain_process_gnss_position_report(enum loc_sess_status, LocPosTechMask, UlpLocation *, const GpsLocationExtended *, const void *), transition provider returned = 0
10-02 02:37:41.663  2023  3575 E LocSvc_libulp: I/int ulp_brain_process_gnss_position_report(enum loc_sess_status, LocPosTechMask, UlpLocation *, const GpsLocationExtended *, const void *), report GNSS position/status to hybrid fix requests = 0
10-02 02:37:41.663  2023  2793 E LocSvc_eng: E/Calling gnss_sv_status_cb
10-02 02:37:41.678  2354  2354 I NetworkSpeedManagerEx: mIsStop = false
10-02 02:37:41.682  2354  2354 I NetworkSpeedManagerEx: value=56521.668speed = 55.2K/s
10-02 02:37:41.682  2354  2354 I NetworkSpeedView: /update(), speed=55.2K/s parent class:class com.android.systemui.statusbar.HwSystemIcons
10-02 02:37:42.661  2023  2848 E LocSvc_ApiV02: I/<--- void globalEventCb(locClientHandleType, uint32_t, const locClientEventIndUnionType, void *) line 114 QMI_LOC_EVENT_GNSS_SV_INFO_IND_V02
10-02 02:37:42.661  2023  2848 E LocSvc_ApiV02: I/<--- void globalEventCb(locClientHandleType, uint32_t, const locClientEventIndUnionType, void *) line 114 QMI_LOC_EVENT_POSITION_REPORT_IND_V02
10-02 02:37:42.661  2023  3575 E LocSvc_libulp: I/int ulp_brain_process_gnss_sv_report(const GnssSvStatus *), gnss sv report cnt = 121, gnss pos report cnt = 1,strong sv cnt = 0
10-02 02:37:42.661  2023  3575 E LocSvc_libulp: I/int ulp_brain_process_gnss_position_report(enum loc_sess_status, LocPosTechMask, UlpLocation *, const GpsLocationExtended *, const void *), transition provider returned = 0
10-02 02:37:42.662  2023  3575 E LocSvc_libulp: I/int ulp_brain_process_gnss_position_report(enum loc_sess_status, LocPosTechMask, UlpLocation *, const GpsLocationExtended *, const void *), report GNSS position/status to hybrid fix requests = 0
10-02 02:37:42.662  2023  2793 E LocSvc_eng: E/Calling gnss_sv_status_cb
10-02 02:37:43.505  3405  3422 I QtiTetherService: limitReached Alert received limitName: globalAlert on Interface: rmnet_data0
10-02 02:37:43.507   782  2020 I QtiConnectivityAdapter: getV6TetherStats(tether= upstream=)
10-02 02:37:43.548   782  2020 I QtiConnectivityAdapter: getV6TetherStats(tether= upstream=)
10-02 02:37:43.594  2023  2212 I TetherStatsReporting: getTetherStats() called NetworkStats: elapsedRealtime=5516975
10-02 02:37:43.594  2023  2212 I TetherStatsReporting:   [0] iface=rmnet_data0 uid=0 set=DEFAULT tag=0x0 roaming=NO rxBytes=226660 rxPackets=1405 txBytes=95008 txPackets=1000 operations=0
10-02 02:37:43.594  2023  2212 I TetherStatsReporting:  proc=
10-02 02:37:43.594  2023  2212 I TetherStatsReporting:   [1] iface=rmnet_data0 uid=0 set=FOREGROUND tag=0x0 roaming=NO rxBytes=0 rxPackets=0 txBytes=0 txPackets=0 operations=0
10-02 02:37:43.594  2023  2212 I TetherStatsReporting:  proc=
10-02 02:37:43.594  2023  2212 I TetherStatsReporting:   [2] iface=rmnet_data0 uid=1000 set=DEFAULT tag=0x0 roaming=NO rxBytes=20673 rxPackets=51 txBytes=5380 txPackets=74 operations=0
10-02 02:37:43.594  2023  2212 I TetherStatsReporting:  proc=
10-02 02:37:43.594  2023  2212 I TetherStatsReporting:   [3] iface=rmnet_data0 uid=1000 set=FOREGROUND tag=0x0 roaming=NO rxBytes=0 rxPackets=0 txBytes=0 txPackets=0 operations=0
10-02 02:37:43.594  2023  2212 I TetherStatsReporting:  proc=
10-02 02:37:43.594  2023  2212 I TetherStatsReporting:   [4] iface=rmnet_data0 uid=9999 set=DEFAULT tag=0x0 roaming=NO rxBytes=134531 rxPackets=886 txBytes=76917 txPackets=1131 operations=0
10-02 02:37:43.594  2023  2212 I TetherStatsReporting:  proc=
10-02 02:37:43.594  2023  2212 I TetherStatsReporting:   [5] iface=rmnet_data0 uid=9999 set=FOREGROUND tag=0x0 roaming=NO rxBytes=0 rxPackets=0 txBytes=0 txPackets=0 operations=0
10-02 02:37:43.594  2023  2212 I TetherStatsReporting:  proc=
10-02 02:37:43.594  2023  2212 I TetherStatsReporting:   [6] iface=rmnet_data0 uid=10016 set=DEFAULT tag=0x0 roaming=NO rxBytes=1137306 rxPackets=1354 txBytes=355536 txPackets=1224 operations=0
10-02 02:37:43.594  2023  2212 I TetherStatsReporting:  proc=
10-02 02:37:43.594  2023  2212 I TetherStatsReporting:   [7] iface=rmnet_data0 uid=10016 set=FOREGROUND tag=0x0 roaming=NO rxBytes=27753 rxPackets=67 txBytes=38929 txPackets=72 operations=0
10-02 02:37:43.594  2023  2212 I TetherStatsReporting:  proc=
10-02 02:37:43.594  2023  2212 I TetherStatsReporting:   [8] iface=rmnet_data0 uid=10034 set=DEFAULT tag=0x0 roaming=NO rxBytes=25618 rxPackets=47 txBytes=6182 txPackets=65 operations=0
10-02 02:37:43.594  2023  2212 I TetherStatsReporting:  proc=
10-02 02:37:43.594  2023  2212 I TetherStatsReporting:   [9] iface=rmnet_data0 uid=10034 set=FOREGROUND tag=0x0 roaming=NO rxBytes=0 rxPackets=0 txBytes=0 txPackets=0 operations=0
10-02 02:37:43.594  2023  2212 I TetherStatsReporting:  proc=
10-02 02:37:43.594  2023  2212 I TetherStatsReporting:   [10] iface=rmnet_data0 uid=10040 set=DEFAULT tag=0x0 roaming=NO rxBytes=84879 rxPackets=195 txBytes=72366 txPackets=201 operations=0
10-02 02:37:43.594  2023  2212 I TetherStatsReporting:  proc=
10-02 02:37:43.594  2023  2212 I TetherStatsReporting:   [11] iface=rmnet_data0 uid=10040 set=FOREGROUND tag=0x0 roaming=NO rxBytes=0 rxPackets=0 txBytes=0 txPackets=0 operations=0
10-02 02:37:43.594  2023  2212 I TetherStatsReporting:  proc=
10-02 02:37:43.594  2023  2212 I TetherStatsReporting:   [12] iface=rmnet_data0 uid=10044 set=DEFAULT tag=0x0 roaming=NO rxBytes=301053 rxPackets=764 txBytes=304513 txPackets=763 operations=0
10-02 02:37:43.594  2023  2212 I TetherStatsReporting:  proc=
10-02 02:37:43.594  2023  2212 I TetherStatsReporting:   [13] iface=rmnet_data0 uid=10044 set=FOREGROUND tag=0x0 roaming=NO rxBytes=0 rxPackets=0 txBytes=0 txPackets=0 operations=0
10-02 02:37:43.594  2023  2212 I TetherStatsReporting:  proc=
10-02 02:37:43.594  2023  2212 I TetherStatsReporting:   [14] iface=rmnet_data0 uid=10054 set=DEFAULT tag=0x0 roaming=NO rxBytes=57313 rxPackets=185 txBytes=32316 txPackets=210 operations=0
10-02 02:37:43.594  2023  2212 I TetherStatsReporting:  proc=
10-02 02:37:43.594  2023  2212 I TetherStatsReporting:   [15] iface=rmnet_data0 uid=10054 set=FOREGROUND tag=0x0 roaming=NO rxBytes=0 rxPackets=0 txBytes=0 txPackets=0 operations=0
10-02 02:37:43.594  2023  2212 I TetherStatsReporting:  proc=
10-02 02:37:43.594  2023  2212 I TetherStatsReporting:   [16] iface=rmnet_data0 uid=10058 set=DEFAULT tag=0x0 roaming=NO rxBytes=162654844 rxPackets=133667 txBytes=8768725 txPackets=107808 operations=0
10-02 02:37:43.594  2023  2212 I TetherStatsReporting:  proc=
10-02 02:37:43.594  2023  2212 I TetherStatsReporting:   [17] iface=rmnet_data0 uid=10058 set=FOREGROUND tag=0x0 roaming=NO rxBytes=25444366 rxPackets=19577 txBytes=2209848 txPackets=18705 operations=0
10-02 02:37:43.594  2023  2212 I TetherStatsReporting:  proc=
10-02 02:37:43.594  2023  2212 I TetherStatsReporting:   [18] iface=rmnet_data0 uid=10060 set=DEFAULT tag=0x0 roaming=NO rxBytes=45843 rxPackets=175 txBytes=92054 txPackets=190 operations=0
10-02 02:37:43.594  2023  2212 I TetherStatsReporting:  proc=
10-02 02:37:43.594  2023  2212 I TetherStatsReporting:   [19] iface=rmnet_data0 uid=10060 set=FOREGROUND tag=0x0 roaming=NO rxBytes=936865 rxPackets=855 txBytes=130439 txPackets=821 operations=0
10-02 02:37:43.594  2023  2212 I TetherStatsReporting:  proc=
10-02 02:37:43.594  2023  2212 I TetherStatsReporting:   [20] iface=rmnet_data0 uid=10075 set=DEFAULT tag=0x0 roaming=NO rxBytes=19184 rxPackets=35 txBytes=6779 txPackets=41 operations=0
10-02 02:37:43.594  2023  2212 I TetherStatsReporting:  proc=
10-02 02:37:43.594  2023  2212 I TetherStatsReporting:   [21] iface=rmnet_data0 uid=10075 set=FOREGROUND tag=0x0 roaming=NO rxBytes=0 rxPackets=0 txBytes=0 txPackets=0 operations=0
10-02 02:37:43.594  2023  2212 I TetherStatsReporting:  proc=
10-02 02:37:43.594  2023  2212 I TetherStatsReporting:   [22] iface=rmnet_data0 uid=10083 set=DEFAULT tag=0x0 roaming=NO rxBytes=111526 rxPackets=224 txBytes=103059 txPackets=226 operations=0
10-02 02:37:43.594  2023  2212 I TetherStatsReporting:  proc=
10-02 02:37:43.594  2023  2212 I TetherStatsReporting:   [23] iface=rmnet_data0 uid=10083 set=FOREGROUND tag=0x0 roaming=NO rxBytes=0 rxPackets=0 txBytes=0 txPackets=0 operations=0
10-02 02:37:43.594  2023  2212 I TetherStatsReporting:  proc=
10-02 02:37:43.594  2023  2212 I TetherStatsReporting:   [24] iface=rmnet_data0 uid=10084 set=DEFAULT tag=0x0 roaming=NO rxBytes=16828 rxPackets=39 txBytes=12688 txPackets=38 operations=0
10-02 02:37:43.594  2023  2212 I TetherStatsReporting:  proc=
10-02 02:37:43.594  2023  2212 I TetherStatsReporting:   [25] iface=rmnet_data0 uid=10084 set=FOREGROUND tag=0x0 roaming=NO rxBytes=0 rxPackets=0 txBytes=0 txPackets=0 operations=0
10-02 02:37:43.594  2023  2212 I TetherStatsReporting:  proc=
10-02 02:37:43.594  2023  2212 I TetherStatsReporting:   [26] iface=rmnet_data0 uid=10085 set=DEFAULT tag=0x0 roaming=NO rxBytes=46418 rxPackets=136 txBytes=74947 txPackets=113 operations=0
10-02 02:37:43.594  2023  2212 I TetherStatsReporting:  proc=
10-02 02:37:43.594  2023  2212 I TetherStatsReporting:   [27] iface=rmnet_data0 uid=10085 set=FOREGROUND tag=0x0 roaming=NO rxBytes=0 rxPackets=0 txBytes=0 txPackets=0 operations=0
10-02 02:37:43.594  2023  2212 I TetherStatsReporting:  proc=
10-02 02:37:43.594  2023  2212 I TetherStatsReporting:   [28] iface=rmnet_data0 uid=10086 set=DEFAULT tag=0x0 roaming=NO rxBytes=127472 rxPackets=238 
10-02 02:37:43.594  2023  2212 I TetherStatsReporting: combining tether stats
10-02 02:37:43.595  3405  3417 I QtiTetherService/IpaWrapper: getTetherStats(tether=wlan0 upstream=rmnet_data0)
10-02 02:37:43.595  3405  3417 I libQtiTether: getTetherStats called for upstream=rmnet_data0 tethered=wlan0
10-02 02:37:43.595  3405  3417 I libQtiTether: getTetherStats(upstream=rmnet_data0 tether=wlan0)
10-02 02:37:43.596  3405  3417 I QtiTetherService/IpaWrapper: upstream=rmnet_data0 tethered=wlan0 v4RxBytes=0 bytes v4RxPackets=0 v4TxBytes=0 bytes v4TxPackets=0 v6RxBytes=0 bytes v6RxPackets=0 v6TxBytes=0 bytes v6TxPackets=0 error=null
10-02 02:37:43.615  2023  2212 I SendBroadcastPermission: action:com.android.server.action.NETWORK_STATS_UPDATED, mPermissionType:0
10-02 02:37:43.661  2023  2848 E LocSvc_ApiV02: I/<--- void globalEventCb(locClientHandleType, uint32_t, const locClientEventIndUnionType, void *) line 114 QMI_LOC_EVENT_GNSS_SV_INFO_IND_V02
10-02 02:37:43.661  2023  3575 E LocSvc_libulp: I/int ulp_brain_process_gnss_sv_report(const GnssSvStatus *), gnss sv report cnt = 122, gnss pos report cnt = 1,strong sv cnt = 0
10-02 02:37:43.661  2023  2793 E LocSvc_eng: E/Calling gnss_sv_status_cb
10-02 02:37:43.662  2023  2848 E LocSvc_ApiV02: I/<--- void globalEventCb(locClientHandleType, uint32_t, const locClientEventIndUnionType, void *) line 114 QMI_LOC_EVENT_POSITION_REPORT_IND_V02
10-02 02:37:43.662  2023  3575 E LocSvc_libulp: I/int ulp_brain_process_gnss_position_report(enum loc_sess_status, LocPosTechMask, UlpLocation *, const GpsLocationExtended *, const void *), transition provider returned = 0
10-02 02:37:43.662  2023  3575 E LocSvc_libulp: I/int ulp_brain_process_gnss_position_report(enum loc_sess_status, LocPosTechMask, UlpLocation *, const GpsLocationExtended *, const void *), report GNSS position/status to hybrid fix requests = 0
10-02 02:37:43.667  2328  2595 E HwSystemManager: LeisureTrafficSetting:result is empty
10-02 02:37:43.709  2328  2595 E HwSystemManager: CommonMethodUtil:No package name to uid:-5
10-02 02:37:43.710  2328  2595 E HwSystemManager: CommonMethodUtil:No package name to uid:-4
10-02 02:37:43.718   782  2020 I QtiConnectivityAdapter: getV6TetherStats(tether= upstream=)
10-02 02:37:43.758  2328  2595 E HwSystemManager: NotificationUtil:Month Warning Notification not create
10-02 02:37:44.373  2575  3232 W PhoneInterfaceManager: shouldBlockLocation running ...
10-02 02:37:44.373  2575  3232 I PhoneInterfaceManager: shouldBlockLocation  ret:false
10-02 02:37:44.429  2023  2751 I LocationManagerService: incoming location: Location[network -15******,28****** acc=300 et=+1h31m57s838ms]
10-02 02:37:44.431  3146  3158 I NCCHR_NcLogCollectServiceImpl: getUserType = 6
10-02 02:37:44.432  2758  5854 I FusedLocation: (REDACTED) location delivery to %s blocked - too close
10-02 02:37:44.433  2023  2751 I LocationManagerService: incoming location: Location[network -15******,28****** acc=300 et=+1h31m57s838ms]
10-02 02:37:44.434  3146  3161 I NCCHR_NcLogCollectServiceImpl: getUserType = 6
10-02 02:37:44.442  2023  2751 W ResourceType: ResTable_typeSpec entry count inconsistent: given 102, previously 106
10-02 02:37:44.443  2023  2751 W ResourceType: ResTable_typeSpec entry count inconsistent: given 4798, previously 5419
10-02 02:37:44.443  2023  2751 W ResourceType: ResTable_typeSpec entry count inconsistent: given 3585, previously 3607
10-02 02:37:44.443  2023  2751 W ResourceType: ResTable_typeSpec entry count inconsistent: given 261, previously 265
10-02 02:37:44.443  2023  2751 W ResourceType: ResTable_typeSpec entry count inconsistent: given 533, previously 5656
10-02 02:37:44.443  2023  2751 W ResourceType: ResTable_typeSpec entry count inconsistent: given 102, previously 106
10-02 02:37:44.451  2023  2751 E LocSvc_flp: I/===> int flp_inject_location(FlpLocation *) line 281 
10-02 02:37:44.451  2023  2751 E         : I/===> int FlpLocationClient::flp_inject_location(FlpExtLocation *) line 285 
10-02 02:37:44.451  2023  2793 E LocSvc_api_v02: I/---> locClientSendReq line 2069 QMI_LOC_INJECT_POSITION_REQ_V02
10-02 02:37:44.452  2023  2800 E LocSvc_ApiV02: I/<--- void globalRespCb(locClientHandleType, uint32_t, const locClientRespIndUnionType, uint32_t, void *) line 140 QMI_LOC_INJECT_POSITION_REQ_V02
10-02 02:37:44.452  2023  3575 E LocSvc_libulp: I/int ulp_brain_process_gnp_position_report(UlpLocation *), first_fix_pending 0, request active = 0,gnss running 1, gnss state 1 quipc running 0 quipc state 0
10-02 02:37:44.452  2023  2793 E LocSvc_api_v02: I/---> locClientSendReq line 2069 QMI_LOC_INJECT_POSITION_REQ_V02
10-02 02:37:44.452  2023  3575 E LocSvc_libulp: I/int ulp_brain_process_gnp_position_report(UlpLocation *), report GNP position to hybrid fix requests = 0
10-02 02:37:44.452  2023  3575 E LocSvc_libulp: I/int ulp_brain_transition_all_providers(), before transition, 
10-02 02:37:44.452  2023  3575 E LocSvc_libulp:  GNSS provider state = 1,  GNSS selected to run = 1,  GNSS onoff_cnt = 0, GNSS high speed flag = 0 
10-02 02:37:44.452  2023  3575 E LocSvc_libulp:  QUIPC provider state = 0, QUIPC selected to run = 0, QUIPC onoff_cnt = 5, 
10-02 02:37:44.452  2023  3575 E LocSvc_libulp:  GNP provider state = 1,   GNP selected to run = 1,   GNP onoff_cnt = 1, 
10-02 02:37:44.452  2023  3575 E LocSvc_libulp: I/int ulp_brain_transition_all_providers(), after transition, 
10-02 02:37:44.452  2023  3575 E LocSvc_libulp:  GNSS provider state = 1,  GNSS selected to run = 1,  GNSS onoff_cnt = 0, GNSS high speed flag = 0 
10-02 02:37:44.452  2023  3575 E LocSvc_libulp:  QUIPC provider state = 0, QUIPC selected to run = 0, QUIPC onoff_cnt = 5, 
10-02 02:37:44.452  2023  3575 E LocSvc_libulp:  GNP provider state = 1,   GNP selected to run = 1,   GNP onoff_cnt = 1 
10-02 02:37:44.453  2023  2751 E LocSvc_eng: I/===> int loc_eng_inject_location(loc_eng_data_s_type &, double, double, float) line 2171 
10-02 02:37:44.453  2023  2848 E LocSvc_ApiV02: I/<--- void globalRespCb(locClientHandleType, uint32_t, const locClientRespIndUnionType, uint32_t, void *) line 140 QMI_LOC_INJECT_POSITION_REQ_V02
10-02 02:37:44.454  2023  2793 E LocSvc_api_v02: I/---> locClientSendReq line 2069 QMI_LOC_INJECT_POSITION_REQ_V02
10-02 02:37:44.454  2023  2848 E LocSvc_ApiV02: I/<--- void globalRespCb(locClientHandleType, uint32_t, const locClientRespIndUnionType, uint32_t, void *) line 140 QMI_LOC_INJECT_POSITION_REQ_V02
10-02 02:37:44.656  2354  2354 I NetworkSpeedManagerEx: mIsStop = false
10-02 02:37:44.661  2354  2354 I NetworkSpeedManagerEx: value=52041.332speed = 50.8K/s
10-02 02:37:44.661  2354  2354 I NetworkSpeedView: /update(), speed=50.8K/s parent class:class com.android.systemui.statusbar.HwSystemIcons
10-02 02:37:44.662  2023  2848 E LocSvc_ApiV02: I/<--- void globalEventCb(locClientHandleType, uint32_t, const locClientEventIndUnionType, void *) line 114 QMI_LOC_EVENT_GNSS_SV_INFO_IND_V02
10-02 02:37:44.662  2023  2848 E LocSvc_ApiV02: I/<--- void globalEventCb(locClientHandleType, uint32_t, const locClientEventIndUnionType, void *) line 114 QMI_LOC_EVENT_POSITION_REPORT_IND_V02
10-02 02:37:44.662  2023  3575 E LocSvc_libulp: I/int ulp_brain_process_gnss_sv_report(const GnssSvStatus *), gnss sv report cnt = 123, gnss pos report cnt = 1,strong sv cnt = 0
10-02 02:37:44.662  2023  2793 E LocSvc_eng: E/Calling gnss_sv_status_cb
10-02 02:37:44.662  2023  3575 E LocSvc_libulp: I/int ulp_brain_process_gnss_position_report(enum loc_sess_status, LocPosTechMask, UlpLocation *, const GpsLocationExtended *, const void *), transition provider returned = 0
10-02 02:37:44.662  2023  3575 E LocSvc_libulp: I/int ulp_brain_process_gnss_position_report(enum loc_sess_status, LocPosTechMask, UlpLocation *, const GpsLocationExtended *, const void *), report GNSS position/status to hybrid fix requests = 0
10-02 02:37:44.683  2354  2354 I NetworkSpeedManagerEx: mIsStop = false
10-02 02:37:44.685  2354  2354 I NetworkSpeedManagerEx: value=50848.0speed = 49.7K/s
10-02 02:37:44.685  2354  2354 I NetworkSpeedView: /update(), speed=49.7K/s parent class:class com.android.systemui.statusbar.HwSystemIcons
10-02 02:37:44.780  2023  2023 I MQoS    : onSignal: mSubId=0,currDataSubID=1
10-02 02:37:44.780  2023 13900 I SendBroadcastPermission: action:android.intent.action.SIG_STR, mPermissionType:0
10-02 02:37:44.780  2023  2023 I MQoS    : received cell-signal:5
10-02 02:37:44.787  2354  2457 I HwMobileSignalController: subId:0 phoneType:1 networktype:3 targetClass:2 masterLevel:5 slaveLevel:-1
10-02 02:37:45.214   767   767 E Thermal-daemon: [Thermal_Hw] temperature_valid, battery : temperature is invalid, invalid temperatrue is 38
10-02 02:37:45.214   767   767 E Thermal-daemon: [Thermal_Hw] temperature_filter: get invalid temperature, use old temp
10-02 02:37:45.217   767   767 E Thermal-daemon: [charger_ic] temp_new :49  temp_old :48
10-02 02:37:45.219   767   767 E ThermalBinder: mThermalService is NULL!
10-02 02:37:45.219   767   767 E Thermal-daemon: Report temperature: [charger_ic] temp :49  report_threshold:1
10-02 02:37:45.219  2816  2921 I ThermalStateManager: triggerLevel = 2, triggerAction :{ucurrent=700, bcurrent=0}
10-02 02:37:45.501  2023 13897 I SendBroadcastPermission: action:android.intent.action.SIG_STR, mPermissionType:0
10-02 02:37:45.501  2023  2023 I MQoS    : onSignal: mSubId=1,currDataSubID=1
10-02 02:37:45.501  2023  2023 I MQoS    : received cell-signal:5
10-02 02:37:45.506  2354  2457 I HwMobileSignalController: subId:1 phoneType:1 networktype:13 targetClass:3 masterLevel:5 slaveLevel:-1
10-02 02:37:45.661  2023  2848 E LocSvc_ApiV02: I/<--- void globalEventCb(locClientHandleType, uint32_t, const locClientEventIndUnionType, void *) line 114 QMI_LOC_EVENT_GNSS_SV_INFO_IND_V02
10-02 02:37:45.661  2023  2848 E LocSvc_ApiV02: I/<--- void globalEventCb(locClientHandleType, uint32_t, const locClientEventIndUnionType, void *) line 114 QMI_LOC_EVENT_POSITION_REPORT_IND_V02
10-02 02:37:45.661  2023  2793 E LocSvc_eng: E/Calling gnss_sv_status_cb
10-02 02:37:45.661  2023  3575 E LocSvc_libulp: I/int ulp_brain_process_gnss_sv_report(const GnssSvStatus *), gnss sv report cnt = 124, gnss pos report cnt = 1,strong sv cnt = 0
10-02 02:37:45.661  2023  3575 E LocSvc_libulp: I/int ulp_brain_process_gnss_position_report(enum loc_sess_status, LocPosTechMask, UlpLocation *, const GpsLocationExtended *, const void *), transition provider returned = 0
10-02 02:37:45.661  2023  3575 E LocSvc_libulp: I/int ulp_brain_process_gnss_position_report(enum loc_sess_status, LocPosTechMask, UlpLocation *, const GpsLocationExtended *, const void *), report GNSS position/status to hybrid fix requests = 0
10-02 02:37:46.661  2023  2848 E LocSvc_ApiV02: I/<--- void globalEventCb(locClientHandleType, uint32_t, const locClientEventIndUnionType, void *) line 114 QMI_LOC_EVENT_GNSS_SV_INFO_IND_V02
10-02 02:37:46.661  2023  2848 E LocSvc_ApiV02: I/<--- void globalEventCb(locClientHandleType, uint32_t, const locClientEventIndUnionType, void *) line 114 QMI_LOC_EVENT_POSITION_REPORT_IND_V02
10-02 02:37:46.661  2023  2793 E LocSvc_eng: E/Calling gnss_sv_status_cb
10-02 02:37:46.661  2023  3575 E LocSvc_libulp: I/int ulp_brain_process_gnss_sv_report(const GnssSvStatus *), gnss sv report cnt = 125, gnss pos report cnt = 1,strong sv cnt = 0
10-02 02:37:46.661  2023  3575 E LocSvc_libulp: I/int ulp_brain_process_gnss_position_report(enum loc_sess_status, LocPosTechMask, UlpLocation *, const GpsLocationExtended *, const void *), transition provider returned = 0
10-02 02:37:46.661  2023  3575 E LocSvc_libulp: I/int ulp_brain_process_gnss_position_report(enum loc_sess_status, LocPosTechMask, UlpLocation *, const GpsLocationExtended *, const void *), report GNSS position/status to hybrid fix requests = 0
10-02 02:37:46.956   787   787 I cnss-daemon: RTM_NEWNEIGH message received: 28
10-02 02:37:46.956   787   787 E cnss-daemon: Stale or unreachable neighbors, ndm state: 4
10-02 02:37:47.523  2758  3473 I NetworkScheduler.Stats: (REDACTED) Task %s/%s started execution. cause:%s exec_start_elapsed_seconds: %s
10-02 02:37:47.563  2758  2826 I NetworkScheduler.Stats: (REDACTED) Task %s/%s finished executing. cause:%s result: %s elapsed_millis: %s uptime_millis: %s exec_start_elapsed_seconds: %s
10-02 02:37:47.661  2023  2848 E LocSvc_ApiV02: I/<--- void globalEventCb(locClientHandleType, uint32_t, const locClientEventIndUnionType, void *) line 114 QMI_LOC_EVENT_GNSS_SV_INFO_IND_V02
10-02 02:37:47.661  2023  3575 E LocSvc_libulp: I/int ulp_brain_process_gnss_sv_report(const GnssSvStatus *), gnss sv report cnt = 126, gnss pos report cnt = 1,strong sv cnt = 0
10-02 02:37:47.661  2023  2793 E LocSvc_eng: E/Calling gnss_sv_status_cb
10-02 02:37:47.661  2023  2848 E LocSvc_ApiV02: I/<--- void globalEventCb(locClientHandleType, uint32_t, const locClientEventIndUnionType, void *) line 114 QMI_LOC_EVENT_POSITION_REPORT_IND_V02
10-02 02:37:47.662  2023  3575 E LocSvc_libulp: I/int ulp_brain_process_gnss_position_report(enum loc_sess_status, LocPosTechMask, UlpLocation *, const GpsLocationExtended *, const void *), transition provider returned = 0
10-02 02:37:47.662  2023  3575 E LocSvc_libulp: I/int ulp_brain_process_gnss_position_report(enum loc_sess_status, LocPosTechMask, UlpLocation *, const GpsLocationExtended *, const void *), report GNSS position/status to hybrid fix requests = 0
10-02 02:37:47.664  2354  2354 I NetworkSpeedManagerEx: mIsStop = false
10-02 02:37:47.669  2354  2354 I NetworkSpeedManagerEx: value=46105.668speed = 45K/s
10-02 02:37:47.669  2354  2354 I NetworkSpeedView: /update(), speed=45K/s parent class:class com.android.systemui.statusbar.HwSystemIcons
10-02 02:37:47.686  2354  2354 I NetworkSpeedManagerEx: mIsStop = false
10-02 02:37:47.691  2354  2354 I NetworkSpeedManagerEx: value=45105.668speed = 44K/s
10-02 02:37:47.691  2354  2354 I NetworkSpeedView: /update(), speed=44K/s parent class:class com.android.systemui.statusbar.HwSystemIcons
10-02 02:37:48.661  2023  2848 E LocSvc_ApiV02: I/<--- void globalEventCb(locClientHandleType, uint32_t, const locClientEventIndUnionType, void *) line 114 QMI_LOC_EVENT_GNSS_SV_INFO_IND_V02
10-02 02:37:48.661  2023  2848 E LocSvc_ApiV02: I/<--- void globalEventCb(locClientHandleType, uint32_t, const locClientEventIndUnionType, void *) line 114 QMI_LOC_EVENT_POSITION_REPORT_IND_V02
10-02 02:37:48.661  2023  3575 E LocSvc_libulp: I/int ulp_brain_process_gnss_sv_report(const GnssSvStatus *), gnss sv report cnt = 127, gnss pos report cnt = 1,strong sv cnt = 0
10-02 02:37:48.661  2023  2793 E LocSvc_eng: E/Calling gnss_sv_status_cb
10-02 02:37:48.661  2023  3575 E LocSvc_libulp: I/int ulp_brain_process_gnss_position_report(enum loc_sess_status, LocPosTechMask, UlpLocation *, const GpsLocationExtended *, const void *), transition provider returned = 0
10-02 02:37:48.661  2023  3575 E LocSvc_libulp: I/int ulp_brain_process_gnss_position_report(enum loc_sess_status, LocPosTechMask, UlpLocation *, const GpsLocationExtended *, const void *), report GNSS position/status to hybrid fix requests = 0
10-02 02:37:48.831  2816  2837 I PGServer: checkPkgType. calling pkg: android
10-02 02:37:49.372  2023  2193 W AlarmManager: mIsScreenOn is: true, WAKEUP alarm trigger action = GmsAlarm:NetworkLocationScanner:48 package name is: com.google.android.gms
10-02 02:37:49.386  2575  3681 W PhoneInterfaceManager: shouldBlockLocation running ...
10-02 02:37:49.387  2575  3681 I PhoneInterfaceManager: shouldBlockLocation  ret:false
10-02 02:37:49.451  2023  2751 I LocationManagerService: incoming location: Location[network -15******,28****** acc=300 et=+1h32m2s853ms]
10-02 02:37:49.451  3146  3161 I NCCHR_NcLogCollectServiceImpl: getUserType = 6
10-02 02:37:49.454  2758  5854 I FusedLocation: (REDACTED) location delivery to %s blocked - too close
10-02 02:37:49.455  2023  2751 I LocationManagerService: incoming location: Location[network -15******,28****** acc=300 et=+1h32m2s853ms]
10-02 02:37:49.458  3146  4007 I NCCHR_NcLogCollectServiceImpl: getUserType = 6
10-02 02:37:49.459  2023  2751 E LocSvc_flp: I/===> int flp_inject_location(FlpLocation *) line 281 
10-02 02:37:49.459  2023  2751 E         : I/===> int FlpLocationClient::flp_inject_location(FlpExtLocation *) line 285 
10-02 02:37:49.460  2023  2793 E LocSvc_api_v02: I/---> locClientSendReq line 2069 QMI_LOC_INJECT_POSITION_REQ_V02
10-02 02:37:49.461  2023  2751 E LocSvc_eng: I/===> int loc_eng_inject_location(loc_eng_data_s_type &, double, double, float) line 2171 
10-02 02:37:49.462  2023  2800 E LocSvc_ApiV02: I/<--- void globalRespCb(locClientHandleType, uint32_t, const locClientRespIndUnionType, uint32_t, void *) line 140 QMI_LOC_INJECT_POSITION_REQ_V02
10-02 02:37:49.462  2023  2793 E LocSvc_api_v02: I/---> locClientSendReq line 2069 QMI_LOC_INJECT_POSITION_REQ_V02
10-02 02:37:49.463  2023  3575 E LocSvc_libulp: I/int ulp_brain_process_gnp_position_report(UlpLocation *), first_fix_pending 0, request active = 0,gnss running 1, gnss state 1 quipc running 0 quipc state 0
10-02 02:37:49.463  2023  3575 E LocSvc_libulp: I/int ulp_brain_process_gnp_position_report(UlpLocation *), report GNP position to hybrid fix requests = 0
10-02 02:37:49.463  2023  3575 E LocSvc_libulp: I/int ulp_brain_transition_all_providers(), before transition, 
10-02 02:37:49.463  2023  3575 E LocSvc_libulp:  GNSS provider state = 1,  GNSS selected to run = 1,  GNSS onoff_cnt = 0, GNSS high speed flag = 0 
10-02 02:37:49.463  2023  3575 E LocSvc_libulp:  QUIPC provider state = 0, QUIPC selected to run = 0, QUIPC onoff_cnt = 5, 
10-02 02:37:49.463  2023  3575 E LocSvc_libulp:  GNP provider state = 1,   GNP selected to run = 1,   GNP onoff_cnt = 1, 
10-02 02:37:49.463  2023  3575 E LocSvc_libulp: I/int ulp_brain_transition_all_providers(), after transition, 
10-02 02:37:49.463  2023  3575 E LocSvc_libulp:  GNSS provider state = 1,  GNSS selected to run = 1,  GNSS onoff_cnt = 0, GNSS high speed flag = 0 
10-02 02:37:49.463  2023  3575 E LocSvc_libulp:  QUIPC provider state = 0, QUIPC selected to run = 0, QUIPC onoff_cnt = 5, 
10-02 02:37:49.463  2023  3575 E LocSvc_libulp:  GNP provider state = 1,   GNP selected to run = 1,   GNP onoff_cnt = 1 
10-02 02:37:49.464  2023  2848 E LocSvc_ApiV02: I/<--- void globalRespCb(locClientHandleType, uint32_t, const locClientRespIndUnionType, uint32_t, void *) line 140 QMI_LOC_INJECT_POSITION_REQ_V02
10-02 02:37:49.464  2023  2793 E LocSvc_api_v02: I/---> locClientSendReq line 2069 QMI_LOC_INJECT_POSITION_REQ_V02
10-02 02:37:49.465  2023  2848 E LocSvc_ApiV02: I/<--- void globalRespCb(locClientHandleType, uint32_t, const locClientRespIndUnionType, uint32_t, void *) line 140 QMI_LOC_INJECT_POSITION_REQ_V02
10-02 02:37:49.662  2023  2848 E LocSvc_ApiV02: I/<--- void globalEventCb(locClientHandleType, uint32_t, const locClientEventIndUnionType, void *) line 114 QMI_LOC_EVENT_GNSS_SV_INFO_IND_V02
10-02 02:37:49.662  2023  2848 E LocSvc_ApiV02: I/<--- void globalEventCb(locClientHandleType, uint32_t, const locClientEventIndUnionType, void *) line 114 QMI_LOC_EVENT_POSITION_REPORT_IND_V02
10-02 02:37:49.662  2023  3575 E LocSvc_libulp: I/int ulp_brain_process_gnss_sv_report(const GnssSvStatus *), gnss sv report cnt = 128, gnss pos report cnt = 1,strong sv cnt = 0
10-02 02:37:49.662  2023  3575 E LocSvc_libulp: I/int ulp_brain_process_gnss_position_report(enum loc_sess_status, LocPosTechMask, UlpLocation *, const GpsLocationExtended *, const void *), transition provider returned = 0
10-02 02:37:49.662  2023  3575 E LocSvc_libulp: I/int ulp_brain_process_gnss_position_report(enum loc_sess_status, LocPosTechMask, UlpLocation *, const GpsLocationExtended *, const void *), report GNSS position/status to hybrid fix requests = 0
10-02 02:37:49.662  2023  2793 E LocSvc_eng: E/Calling gnss_sv_status_cb
10-02 02:37:49.981  2023  2023 I MQoS    : onSignal: mSubId=1,currDataSubID=1
10-02 02:37:49.981  2023  2207 I SendBroadcastPermission: action:android.intent.action.SIG_STR, mPermissionType:0
10-02 02:37:49.981  2023  2023 I MQoS    : received cell-signal:5
10-02 02:37:49.987  2354  2457 I HwMobileSignalController: subId:1 phoneType:1 networktype:13 targetClass:3 masterLevel:5 slaveLevel:-1
10-02 02:37:50.221   767   767 E Thermal-daemon: [Thermal_Hw] temperature_valid, battery : temperature is invalid, invalid temperatrue is 38
10-02 02:37:50.221   767   767 E Thermal-daemon: [Thermal_Hw] temperature_filter: get invalid temperature, use old temp
10-02 02:37:50.564  2023  2032 I art     : Background partial concurrent mark sweep GC freed 4247(192KB) AllocSpace objects, 97(18MB) LOS objects, 12% free, 54MB/62MB, paused 2.834ms total 199.829ms
10-02 02:37:50.662  2023  2848 E LocSvc_ApiV02: I/<--- void globalEventCb(locClientHandleType, uint32_t, const locClientEventIndUnionType, void *) line 114 QMI_LOC_EVENT_GNSS_SV_INFO_IND_V02
10-02 02:37:50.662  2023  3575 E LocSvc_libulp: I/int ulp_brain_process_gnss_sv_report(const GnssSvStatus *), gnss sv report cnt = 129, gnss pos report cnt = 1,strong sv cnt = 0
10-02 02:37:50.662  2023  2793 E LocSvc_eng: E/Calling gnss_sv_status_cb
10-02 02:37:50.662  2023  2848 E LocSvc_ApiV02: I/<--- void globalEventCb(locClientHandleType, uint32_t, const locClientEventIndUnionType, void *) line 114 QMI_LOC_EVENT_POSITION_REPORT_IND_V02
10-02 02:37:50.663  2023  3575 E LocSvc_libulp: I/int ulp_brain_process_gnss_position_report(enum loc_sess_status, LocPosTechMask, UlpLocation *, const GpsLocationExtended *, const void *), transition provider returned = 0
10-02 02:37:50.663  2023  3575 E LocSvc_libulp: I/int ulp_brain_process_gnss_position_report(enum loc_sess_status, LocPosTechMask, UlpLocation *, const GpsLocationExtended *, const void *), report GNSS position/status to hybrid fix requests = 0
10-02 02:37:50.670  2354  2354 I NetworkSpeedManagerEx: mIsStop = false
10-02 02:37:50.677  2354  2354 I NetworkSpeedManagerEx: value=48542.668speed = 47.4K/s
10-02 02:37:50.677  2354  2354 I NetworkSpeedView: /update(), speed=47.4K/s parent class:class com.android.systemui.statusbar.HwSystemIcons
10-02 02:37:50.691  2354  2354 I NetworkSpeedManagerEx: mIsStop = false
10-02 02:37:50.697  2354  2354 I NetworkSpeedManagerEx: value=48542.668speed = 47.4K/s
10-02 02:37:50.697  2354  2354 I NetworkSpeedView: /update(), speed=47.4K/s parent class:class com.android.systemui.statusbar.HwSystemIcons
10-02 02:37:50.783  2023  2023 I MQoS    : onSignal: mSubId=0,currDataSubID=1
10-02 02:37:50.783  2023  2023 I MQoS    : received cell-signal:5
10-02 02:37:50.789  2023  3481 I SendBroadcastPermission: action:android.intent.action.SIG_STR, mPermissionType:0
10-02 02:37:50.791  2354  2457 I HwMobileSignalController: subId:0 phoneType:1 networktype:3 targetClass:2 masterLevel:5 slaveLevel:-1
10-02 02:37:50.965  2023  2032 I art     : Background partial concurrent mark sweep GC freed 1152(62KB) AllocSpace objects, 96(18MB) LOS objects, 12% free, 54MB/62MB, paused 2.705ms total 197.619ms
10-02 02:37:51.031  2023  2023 I MQoS    : onSignal: mSubId=0,currDataSubID=1
10-02 02:37:51.031  2023 12005 I SendBroadcastPermission: action:android.intent.action.SIG_STR, mPermissionType:0
10-02 02:37:51.031  2023  2023 I MQoS    : received cell-signal:5
10-02 02:37:51.035  2354  2457 I HwMobileSignalController: subId:0 phoneType:1 networktype:3 targetClass:2 masterLevel:5 slaveLevel:-1
10-02 02:37:51.379  2023  2032 I art     : Background partial concurrent mark sweep GC freed 336(19KB) AllocSpace objects, 103(20MB) LOS objects, 13% free, 53MB/61MB, paused 2.586ms total 207.773ms
10-02 02:37:51.487  2023  4781 I MQoS    : MSG_QUERY_TCP_INFO called,count:504
10-02 02:37:51.487  2023  2023 I WifiProJNI: ######### CMD_QUERY_PKTS ########
10-02 02:37:51.487  2023  2272 I QosMonitor: postEventFromNative: msg=100,arg1=0,arg2=9
10-02 02:37:51.487  2023  2272 W WifiProJNI: poll before: g_monitor_fd =318
10-02 02:37:51.488  2023  2023 I MQoS    : rtt=0,tcp_tx_pkts=0,tcp_rx_pkts=0
10-02 02:37:51.491  2023  4781 I TrafficMonitor: getStatic,count:0,work status:false
10-02 02:37:51.491  2023  4781 I MQoS    : QOS_level:5(5),use RAT:4G;signalLvl:5
10-02 02:37:51.661  2023  2848 E LocSvc_ApiV02: I/<--- void globalEventCb(locClientHandleType, uint32_t, const locClientEventIndUnionType, void *) line 114 QMI_LOC_EVENT_GNSS_SV_INFO_IND_V02
10-02 02:37:51.661  2023  2848 E LocSvc_ApiV02: I/<--- void globalEventCb(locClientHandleType, uint32_t, const locClientEventIndUnionType, void *) line 114 QMI_LOC_EVENT_POSITION_REPORT_IND_V02
10-02 02:37:51.661  2023  2793 E LocSvc_eng: E/Calling gnss_sv_status_cb
10-02 02:37:51.661  2023  3575 E LocSvc_libulp: I/int ulp_brain_process_gnss_sv_report(const GnssSvStatus *), gnss sv report cnt = 130, gnss pos report cnt = 1,strong sv cnt = 0
10-02 02:37:51.661  2023  3575 E LocSvc_libulp: I/int ulp_brain_process_gnss_position_report(enum loc_sess_status, LocPosTechMask, UlpLocation *, const GpsLocationExtended *, const void *), transition provider returned = 0
10-02 02:37:51.661  2023  3575 E LocSvc_libulp: I/int ulp_brain_process_gnss_position_report(enum loc_sess_status, LocPosTechMask, UlpLocation *, const GpsLocationExtended *, const void *), report GNSS position/status to hybrid fix requests = 0
10-02 02:37:51.763  2023  2032 I art     : Background partial concurrent mark sweep GC freed 428(21KB) AllocSpace objects, 96(19MB) LOS objects, 13% free, 53MB/61MB, paused 3.258ms total 203.461ms
10-02 02:37:51.904  2023  2032 I art     : Background sticky concurrent mark sweep GC freed 131(8KB) AllocSpace objects, 48(9MB) LOS objects, 6% free, 54MB/58MB, paused 5.436ms total 39.609ms
10-02 02:37:52.006   787   787 I cnss-daemon: RTM_NEWNEIGH message received: 28
10-02 02:37:52.006   787   787 E cnss-daemon: Stale or unreachable neighbors, ndm state: 16
10-02 02:37:52.049  2023  2037 W HwPolicyFactoryImpl: mAware is disable
10-02 02:37:52.106   787   787 I cnss-daemon: RTM_NEWNEIGH message received: 28
10-02 02:37:52.106   787   787 I cnss-daemon: NDA_DST received: 192.168.43.120 ul: 562994919221440
10-02 02:37:52.106   787   787 I cnss-daemon: NDA_LLADDR received
10-02 02:37:52.175  2023  2032 I art     : Background partial concurrent mark sweep GC freed 456(29KB) AllocSpace objects, 104(20MB) LOS objects, 12% free, 54MB/62MB, paused 2.516ms total 214.378ms
10-02 02:37:52.321  2023  2032 I art     : Background sticky concurrent mark sweep GC freed 160(9KB) AllocSpace objects, 52(10MB) LOS objects, 6% free, 54MB/58MB, paused 5.282ms total 37.090ms
10-02 02:37:52.587  2023  2032 I art     : Background partial concurrent mark sweep GC freed 201(17KB) AllocSpace objects, 57(11MB) LOS objects, 13% free, 53MB/61MB, paused 2.682ms total 205.639ms
10-02 02:37:52.661  2023  2848 E LocSvc_ApiV02: I/<--- void globalEventCb(locClientHandleType, uint32_t, const locClientEventIndUnionType, void *) line 114 QMI_LOC_EVENT_GNSS_SV_INFO_IND_V02
10-02 02:37:52.661  2023  2848 E LocSvc_ApiV02: I/<--- void globalEventCb(locClientHandleType, uint32_t, const locClientEventIndUnionType, void *) line 114 QMI_LOC_EVENT_POSITION_REPORT_IND_V02
10-02 02:37:52.661  2023  3575 E LocSvc_libulp: I/int ulp_brain_process_gnss_sv_report(const GnssSvStatus *), gnss sv report cnt = 131, gnss pos report cnt = 1,strong sv cnt = 0
10-02 02:37:52.661  2023  3575 E LocSvc_libulp: I/int ulp_brain_process_gnss_position_report(enum loc_sess_status, LocPosTechMask, UlpLocation *, const GpsLocationExtended *, const void *), transition provider returned = 0
10-02 02:37:52.661  2023  3575 E LocSvc_libulp: I/int ulp_brain_process_gnss_position_report(enum loc_sess_status, LocPosTechMask, UlpLocation *, const GpsLocationExtended *, const void *), report GNSS position/status to hybrid fix requests = 0
10-02 02:37:52.662  2023  2793 E LocSvc_eng: E/Calling gnss_sv_status_cb
10-02 02:37:53.661  2023  2848 E LocSvc_ApiV02: I/<--- void globalEventCb(locClientHandleType, uint32_t, const locClientEventIndUnionType, void *) line 114 QMI_LOC_EVENT_GNSS_SV_INFO_IND_V02
10-02 02:37:53.661  2023  2848 E LocSvc_ApiV02: I/<--- void globalEventCb(locClientHandleType, uint32_t, const locClientEventIndUnionType, void *) line 114 QMI_LOC_EVENT_POSITION_REPORT_IND_V02
10-02 02:37:53.661  2023  2793 E LocSvc_eng: E/Calling gnss_sv_status_cb
10-02 02:37:53.661  2023  3575 E LocSvc_libulp: I/int ulp_brain_process_gnss_sv_report(const GnssSvStatus *), gnss sv report cnt = 132, gnss pos report cnt = 1,strong sv cnt = 0
10-02 02:37:53.661  2023  3575 E LocSvc_libulp: I/int ulp_brain_process_gnss_position_report(enum loc_sess_status, LocPosTechMask, UlpLocation *, const GpsLocationExtended *, const void *), transition provider returned = 0
10-02 02:37:53.661  2023  3575 E LocSvc_libulp: I/int ulp_brain_process_gnss_position_report(enum loc_sess_status, LocPosTechMask, UlpLocation *, const GpsLocationExtended *, const void *), report GNSS position/status to hybrid fix requests = 0
10-02 02:37:53.680  2354  2354 I NetworkSpeedManagerEx: mIsStop = false
10-02 02:37:53.683  2354  2354 I NetworkSpeedManagerEx: value=42780.668speed = 41.8K/s
10-02 02:37:53.683  2354  2354 I NetworkSpeedView: /update(), speed=41.8K/s parent class:class com.android.systemui.statusbar.HwSystemIcons
10-02 02:37:53.698  2354  2354 I NetworkSpeedManagerEx: mIsStop = false
10-02 02:37:53.702  2354  2354 I NetworkSpeedManagerEx: value=42780.668speed = 41.8K/s
10-02 02:37:53.702  2354  2354 I NetworkSpeedView: /update(), speed=41.8K/s parent class:class com.android.systemui.statusbar.HwSystemIcons
10-02 02:37:54.407  2575  2904 W PhoneInterfaceManager: shouldBlockLocation running ...
10-02 02:37:54.408  2575  2904 I PhoneInterfaceManager: shouldBlockLocation  ret:false
10-02 02:37:54.460  2023  2023 I MQoS    : onSignal: mSubId=0,currDataSubID=1
10-02 02:37:54.460  2023  2572 I SendBroadcastPermission: action:android.intent.action.SIG_STR, mPermissionType:0
10-02 02:37:54.461  2023  2023 I MQoS    : received cell-signal:5
10-02 02:37:54.471  2023 13184 I SendBroadcastPermission: action:android.intent.action.SIG_STR, mPermissionType:0
10-02 02:37:54.471  2023  2023 I MQoS    : onSignal: mSubId=1,currDataSubID=1
10-02 02:37:54.471  2023  2751 I LocationManagerService: incoming location: Location[network -15******,28****** acc=300 et=+1h32m7s872ms]
10-02 02:37:54.471  2023  2023 I MQoS    : received cell-signal:5
10-02 02:37:54.472  3146  4007 I NCCHR_NcLogCollectServiceImpl: getUserType = 6
10-02 02:37:54.472  2354  2457 I HwMobileSignalController: subId:0 phoneType:1 networktype:3 targetClass:2 masterLevel:5 slaveLevel:-1
10-02 02:37:54.474  2758  5854 I FusedLocation: (REDACTED) location delivery to %s blocked - too close
10-02 02:37:54.475  2023  2751 I LocationManagerService: incoming location: Location[network -15******,28****** acc=300 et=+1h32m7s872ms]
10-02 02:37:54.475  3146  3158 I NCCHR_NcLogCollectServiceImpl: getUserType = 6
10-02 02:37:54.482  2758  6337 I SendBroadcastPermission: action:android.location.HIGH_POWER_REQUEST_CHANGE, mPermissionType:0
10-02 02:37:54.483  2354  2457 I HwMobileSignalController: subId:1 phoneType:1 networktype:13 targetClass:3 masterLevel:5 slaveLevel:-1
10-02 02:37:54.485  2023  2751 W ResourceType: ResTable_typeSpec entry count inconsistent: given 102, previously 106
10-02 02:37:54.485  2023  2751 W ResourceType: ResTable_typeSpec entry count inconsistent: given 4798, previously 5419
10-02 02:37:54.485  2023  2751 W ResourceType: ResTable_typeSpec entry count inconsistent: given 3585, previously 3607
10-02 02:37:54.485  2023  2751 W ResourceType: ResTable_typeSpec entry count inconsistent: given 261, previously 265
10-02 02:37:54.485  2023  2751 W ResourceType: ResTable_typeSpec entry count inconsistent: given 533, previously 5656
10-02 02:37:54.486  2023  2751 W ResourceType: ResTable_typeSpec entry count inconsistent: given 102, previously 106
10-02 02:37:54.492  2023  3575 E LocSvc_libulp: I/int ulp_brain_process_gnp_position_report(UlpLocation *), first_fix_pending 0, request active = 0,gnss running 1, gnss state 1 quipc running 0 quipc state 0
10-02 02:37:54.492  2023  2793 E LocSvc_api_v02: I/---> locClientSendReq line 2069 QMI_LOC_INJECT_POSITION_REQ_V02
10-02 02:37:54.492  2023  3575 E LocSvc_libulp: I/int ulp_brain_process_gnp_position_report(UlpLocation *), report GNP position to hybrid fix requests = 0
10-02 02:37:54.492  2023  3575 E LocSvc_libulp: I/int ulp_brain_transition_all_providers(), before transition, 
10-02 02:37:54.492  2023  3575 E LocSvc_libulp:  GNSS provider state = 1,  GNSS selected to run = 1,  GNSS onoff_cnt = 0, GNSS high speed flag = 0 
10-02 02:37:54.492  2023  3575 E LocSvc_libulp:  QUIPC provider state = 0, QUIPC selected to run = 0, QUIPC onoff_cnt = 5, 
10-02 02:37:54.492  2023  3575 E LocSvc_libulp:  GNP provider state = 1,   GNP selected to run = 1,   GNP onoff_cnt = 1, 
10-02 02:37:54.493  2023  3575 E LocSvc_libulp: I/int ulp_brain_transition_all_providers(), after transition, 
10-02 02:37:54.493  2023  3575 E LocSvc_libulp:  GNSS provider state = 1,  GNSS selected to run = 1,  GNSS onoff_cnt = 0, GNSS high speed flag = 0 
10-02 02:37:54.493  2023  3575 E LocSvc_libulp:  QUIPC provider state = 0, QUIPC selected to run = 0, QUIPC onoff_cnt = 5, 
10-02 02:37:54.493  2023  3575 E LocSvc_libulp:  GNP provider state = 1,   GNP selected to run = 1,   GNP onoff_cnt = 1 
10-02 02:37:54.493  2023  2751 E LocSvc_flp: I/===> int flp_inject_location(FlpLocation *) line 281 
10-02 02:37:54.493  2023  2751 E         : I/===> int FlpLocationClient::flp_inject_location(FlpExtLocation *) line 285 
10-02 02:37:54.493  2023  2848 E LocSvc_ApiV02: I/<--- void globalRespCb(locClientHandleType, uint32_t, const locClientRespIndUnionType, uint32_t, void *) line 140 QMI_LOC_INJECT_POSITION_REQ_V02
10-02 02:37:54.494  2023  2793 E LocSvc_api_v02: I/---> locClientSendReq line 2069 QMI_LOC_INJECT_POSITION_REQ_V02
10-02 02:37:54.494  2023  2751 E LocSvc_eng: I/===> int loc_eng_inject_location(loc_eng_data_s_type &, double, double, float) line 2171 
10-02 02:37:54.495  2023  2800 E LocSvc_ApiV02: I/<--- void globalRespCb(locClientHandleType, uint32_t, const locClientRespIndUnionType, uint32_t, void *) line 140 QMI_LOC_INJECT_POSITION_REQ_V02
10-02 02:37:54.495  2023  2793 E LocSvc_api_v02: I/---> locClientSendReq line 2069 QMI_LOC_INJECT_POSITION_REQ_V02
10-02 02:37:54.496  2023  2848 E LocSvc_ApiV02: I/<--- void globalRespCb(locClientHandleType, uint32_t, const locClientRespIndUnionType, uint32_t, void *) line 140 QMI_LOC_INJECT_POSITION_REQ_V02
10-02 02:37:54.496  2023  3482 I LocationManagerService: remove d742eed
10-02 02:37:54.497  2023  2751 E HwReportTool: This is not beta user build
10-02 02:37:54.497  2023  3482 I LocationManagerService: isAllowedByCurrentUserSettingsLocked started: local_database
10-02 02:37:54.497  2023  3482 I LocationManagerService: applyRequirementsLocked to local_database
10-02 02:37:54.497  2023  3482 I LocationManagerService: provider request: local_database ProviderRequest[ON interval=0]
10-02 02:37:54.497  2023  3482 I LocationManagerService: isAllowedByCurrentUserSettingsLocked started: gps
10-02 02:37:54.497  2023  3482 I LocationManagerService: applyRequirementsLocked to gps
10-02 02:37:54.497  2023  3482 I LocationManagerService: provider request: gps ProviderRequest[OFF]
10-02 02:37:54.497  2023  3482 I GnssLocationProvider: WakeLock acquired by sendMessage(3, 0, com.android.server.location.GnssLocationProvider$GpsRequest@a57bbe7)
10-02 02:37:54.499  2023  2751 I GnssLocationProvider: setRequest ProviderRequest[OFF]
10-02 02:37:54.499  2023  2751 I GnssLocationProvider: stopNavigating, mStarted=true
10-02 02:37:54.499  2023  2751 E LocSvc_eng: I/===> int loc_eng_stop(loc_eng_data_s_type &) line 2032 
10-02 02:37:54.499  2023  3575 E LocSvc_libulp: I/int ulp_msg_process_criteria_update(const UlpLocationCriteria *): valid 0x27 action:2, minTime:100, minDistance:0.000000, singleShot:0, horizontalAccuracy:0, powerRequirement:0, emergency_request:0
10-02 02:37:54.499  2023  3575 E LocSvc_libulp: I/int ulp_brain_process_criteria_update() index at 1, isNew = 0, mask 0x9a77, provider source = 4,accuracy = 1, singleshot = 0, tbf = 3500 emergency_request = 0
10-02 02:37:54.500  2023  3575 E LocSvc_libulp: I/===> int ulp_brain_turn_onoff_dr_provider() line 848 
10-02 02:37:54.500  2023  3575 E LocSvc_libulp: I/===> int ulp_dr_stop_engine() line 235 
10-02 02:37:54.500  2023  2793 E LocSvc_api_v02: I/---> locClientSendReq line 2069 QMI_LOC_STOP_REQ_V02
10-02 02:37:54.500  3146  4007 I NCCHR_NcLogCollectServiceImpl: getUserType = 6
10-02 02:37:54.500  2023  2848 E LocSvc_ApiV02: I/<--- void globalEventCb(locClientHandleType, uint32_t, const locClientEventIndUnionType, void *) line 114 QMI_LOC_EVENT_WIFI_REQ_IND_V02
10-02 02:37:54.500  2023  2848 E LocSvc_ApiV02: I/<--- void globalEventCb(locClientHandleType, uint32_t, const locClientEventIndUnionType, void *) line 114 QMI_LOC_EVENT_POSITION_REPORT_IND_V02
10-02 02:37:54.500  2023  2793 E IzatSvc_IzatManager: I/LocTech-Label :: IZATMANAGER :: Remove ODCPI Request In
10-02 02:37:54.500  2023  2793 E IzatSvc_IzatManager: I/LocTech-Value :: Interval: 3500, Emergency 0
10-02 02:37:54.501  2023  3575 E LocSvc_libulp: I/int ulp_msg_process_criteria_update(const UlpLocationCriteria *): valid 0x9a77 action:2, minTime:3500, minDistance:0.000000, singleShot:0, horizontalAccuracy:1, powerRequirement:0, emergency_request:0
10-02 02:37:54.501  2023  3575 E LocSvc_libulp: I/===> int ulp_brain_turn_onoff_dr_provider() line 848 
10-02 02:37:54.501  2023  3575 E LocSvc_libulp: I/===> int ulp_dr_stop_engine() line 235 
10-02 02:37:54.501  3146  3158 I NCCHR_NcLogCollectServiceImpl: getUserType = 6
10-02 02:37:54.502  2023  2751 I GnssLocationProvider: WakeLock released by handleMessage(3, 0, com.android.server.location.GnssLocationProvider$GpsRequest@a57bbe7)
10-02 02:37:54.505  2023  2848 E LocSvc_ApiV02: I/<--- void globalEventCb(locClientHandleType, uint32_t, const locClientEventIndUnionType, void *) line 114 QMI_LOC_EVENT_ENGINE_STATE_IND_V02
10-02 02:37:54.505  2023  2793 E LocSvc_api_v02: I/---> locClientSendReq line 2069 QMI_LOC_REG_EVENTS_REQ_V02
10-02 02:37:54.507  2023  2793 E LocSvc_eng: I/<=== status_cb line 2243 GPS_STATUS_SESSION_END
10-02 02:37:54.507  2023  2793 I GnssLocationProvider: reportStatus status: 2
10-02 02:37:54.508  2023  2793 I SendBroadcastPermission: action:android.location.GPS_ENABLED_CHANGE, mPermissionType:0
10-02 02:37:54.508  2023  2793 E LocSvc_eng: I/<=== status_cb line 2243 GPS_STATUS_ENGINE_OFF
10-02 02:37:54.508  2023  2793 I GnssLocationProvider: reportStatus status: 4
10-02 02:37:54.509  2023  3562 I SendBroadcastPermission: action:android.location.HIGH_POWER_REQUEST_CHANGE, mPermissionType:0
10-02 02:37:54.509  2816  2921 I PGServer: report state:3 event type:2 pid:0 uid:10138 pkg:null to pid: 2023
10-02 02:37:54.510  2023  2222 I iMonitor: create: 910000000
