10-02 02:37:29.041 21100 21100 W ResourceType: For resource 0x7f071350, entry index(4944) is beyond type entryCount(1696)
10-02 02:37:29.041 21100 21100 W ResourceType: For resource 0x7f071344, entry index(4932) is beyond type entryCount(1696)
10-02 02:37:29.041 21100 21100 W ResourceType: For resource 0x7f071338, entry index(4920) is beyond type entryCount(1696)
10-02 02:37:29.041 21100 21100 W ResourceType: For resource 0x7f071340, entry index(4928) is beyond type entryCount(1696)
10-02 02:37:29.041 21100 21100 W ResourceType: For resource 0x7f07133d, entry index(4925) is beyond type entryCount(1696)
10-02 02:37:29.060 21100 21110 I art     : Background sticky concurrent mark sweep GC freed 145895(6MB) AllocSpace objects, 11(1164KB) LOS objects, 10% free, 30MB/33MB, paused 14.426ms total 186.514ms
10-02 02:37:29.102  2023 13186 I SendBroadcastPermission: action:android.intent.action.SIG_STR, mPermissionType:0
10-02 02:37:29.102  2023  2023 I MQoS    : onSignal: mSubId=1,currDataSubID=1
10-02 02:37:29.102  2023  2023 I MQoS    : received cell-signal:5
10-02 02:37:29.105  2354  2457 I HwMobileSignalController: subId:1 phoneType:1 networktype:13 targetClass:3 masterLevel:4 slaveLevel:-1
10-02 02:37:29.346  3549  4302 W SearchService: debug-info : locked false
10-02 02:37:29.379 21100  4279 I qtaguid : Tagging socket -1 with tag 700000000(7) for uid -1 failed errno=-9
10-02 02:37:29.379 21100  4279 I NetworkManagementSocketTagger: tagSocketFd(-1, 7, -1) failed with errno-9
10-02 02:37:29.516   787   787 I cnss-daemon: RTM_NEWNEIGH message received: 28
10-02 02:37:29.516   787   787 E cnss-daemon: Stale or unreachable neighbors, ndm state: 4
10-02 02:37:29.568  3549  3557 I HWDisplayEngine_JNI: displayEngineCommonDestroy in
10-02 02:37:29.569  3549  3557 I HWDisplayEngine_JNI: displayEngineCommonDestroy in
10-02 02:37:29.570  3549  3557 I HWDisplayEngine_JNI: displayEngineCommonDestroy in
10-02 02:37:29.570  3549  3557 I HWDisplayEngine_JNI: displayEngineCommonDestroy in
10-02 02:37:29.570  3549  3557 I HWDisplayEngine_JNI: displayEngineCommonDestroy in
10-02 02:37:29.570  3549  3557 I HWDisplayEngine_JNI: displayEngineCommonDestroy in
10-02 02:37:29.570  3549  3557 I HWDisplayEngine_JNI: displayEngineCommonDestroy in
10-02 02:37:29.637  2354  2354 I NetworkSpeedManagerEx: mIsStop = false
10-02 02:37:29.639  2354  2354 I NetworkSpeedManagerEx: value=227474.67speed = 222.1K/s
10-02 02:37:29.639  2354  2354 I NetworkSpeedView: /update(), speed=222.1K/s parent class:class com.android.systemui.statusbar.HwSystemIcons
10-02 02:37:29.656  2354  2354 I NetworkSpeedManagerEx: mIsStop = false
10-02 02:37:29.659  2354  2354 I NetworkSpeedManagerEx: value=232474.67speed = 227K/s
10-02 02:37:29.659  2354  2354 I NetworkSpeedView: /update(), speed=227K/s parent class:class com.android.systemui.statusbar.HwSystemIcons
10-02 02:37:29.818  2023  2023 I MQoS    : onSignal: mSubId=1,currDataSubID=1
10-02 02:37:29.818  2023  2023 I MQoS    : received cell-signal:5
10-02 02:37:29.818  2023  2573 I SendBroadcastPermission: action:android.intent.action.SIG_STR, mPermissionType:0
10-02 02:37:29.821  2354  2457 I HwMobileSignalController: subId:1 phoneType:1 networktype:13 targetClass:3 masterLevel:5 slaveLevel:-1
10-02 02:37:30.199   767   767 E Thermal-daemon: [Thermal_Hw] temperature_valid, battery : temperature is invalid, invalid temperatrue is 38
10-02 02:37:30.199   767   767 E Thermal-daemon: [Thermal_Hw] temperature_filter: get invalid temperature, use old temp
10-02 02:37:30.203   767   767 E Thermal-daemon: [ap] temp_new :50  temp_old :49
10-02 02:37:30.203   767   767 E ThermalBinder: mThermalService is NULL!
10-02 02:37:30.204   767   767 E Thermal-daemon: Report temperature: [ap] temp :50  report_threshold:1
10-02 02:37:30.269 21100 21110 I art     : Background partial concurrent mark sweep GC freed 96723(6MB) AllocSpace objects, 33(1756KB) LOS objects, 22% free, 27MB/35MB, paused 1.891ms total 224.354ms
10-02 02:37:30.482  2023  2037 W HwPolicyFactoryImpl: mAware is disable
10-02 02:37:30.494  2354  2354 W HwKeyguardDragHelper: AnimationBlocked
10-02 02:37:30.499  2023  2199 E PF_API_NATIVE: check perfhub service fail! 
10-02 02:37:30.500  2023  2199 E PF_API_NATIVE: check perfhub service fail! 
10-02 02:37:30.524   525  3332 E ANDR-PERF-MPCTL: Invalid profile no. 0, total profiles 0 only
10-02 02:37:30.525  2816  2921 I ScenarioAction: new ScenarioAction sPoolSize: 0
10-02 02:37:30.559  3443  3443 I HwLauncher: Launcher  onNewIntent mIsToUninstallApp = false,mIsLoading = false
10-02 02:37:30.559  3443  3443 I HwSecImmHelper: mSecurityInputMethodService is null
10-02 02:37:30.561  3443  3443 I HwLauncher: Launcher  onNewIntent alreadyOnHome = false, touchActive = false
10-02 02:37:30.562  3443  3443 I HwLauncher: Workspace  changeState() fromState = NORMAL_MODE, toState = NORMAL_MODE, animated = false, delay = 40
10-02 02:37:30.562  3443  3443 W HwLauncher: Workspace  changeState() state no change.
10-02 02:37:30.562  3443  3443 I HwLauncher: Launcher  onNewIntent end
10-02 02:37:30.565  3443  3443 I HwLauncher: Launcher onStart()
10-02 02:37:30.566  3443  3443 I HwLauncher: Launcher  Launcher.onStart() cost 0 ms
10-02 02:37:30.566  3443  3443 I HwLauncher: Launcher onResume()
10-02 02:37:30.566  3443  3614 E HwLauncher: SettingsEx , no such field.
10-02 02:37:30.566  3443  3614 W HwLauncher: Clock getDataFormat the getSystemString failed.
10-02 02:37:30.566  3443  3443 I HwLauncher: Launcher doResumeWork()
10-02 02:37:30.569  3443  3443 I HwLauncher: Launcher  onResume mIsToUninstallApp = false
10-02 02:37:30.569  3443  3443 I HwLauncher: Launcher  Launcher hot start cost 3 ms
10-02 02:37:30.576  3146  4134 E PTM.FileNodeInfo: getTempInfo error: null, 0
10-02 02:37:30.576  3146  4134 E PTM.FileNodeInfo: getTempInfo error: null, 0
10-02 02:37:30.576  3146  4134 E PTM.FileNodeInfo: getTempInfo error: null, 0
10-02 02:37:30.576  3146  4134 E PTM.FileNodeInfo: getTempInfo error: null, 0
10-02 02:37:30.576  3146  4134 E PTM.FileNodeInfo: getTempInfo error: null, 0
10-02 02:37:30.576  3146  4134 E PTM.FileNodeInfo: getTempInfo error: null, 0
10-02 02:37:30.576  3146  4134 E PTM.FileNodeInfo: getTempInfo error: null, 0
10-02 02:37:30.576  3146  4134 E PTM.FileNodeInfo: getTempInfo error: null, 0
10-02 02:37:30.576  3146  4134 E PTM.FileNodeInfo: getTempInfo error: null, 0
10-02 02:37:30.576  3146  4134 E PTM.FileNodeInfo: getTempInfo error: null, 0
10-02 02:37:30.576  3146  4134 E PTM.FileNodeInfo: getTempInfo error: null, 0
10-02 02:37:30.576  3146  4134 E PTM.FileNodeInfo: getTempInfo error: null, 0
10-02 02:37:30.576  3146  4134 E PTM.FileNodeInfo: getTempInfo error: null, 0
10-02 02:37:30.576  3146  4134 E PTM.FileNodeInfo: getTempInfo error: null, 0
10-02 02:37:30.576  3146  4134 E PTM.FileNodeInfo: getTempInfo error: null, 0
10-02 02:37:30.576  3146  4134 E PTM.FileNodeInfo: getTempInfo error: null, 0
10-02 02:37:30.576  3146  4134 E PTM.FileNodeInfo: getTempInfo error: null, 0
10-02 02:37:30.576  3146  4134 E PTM.FileNodeInfo: getTempInfo error: null, 0
10-02 02:37:30.576  3146  4134 E PTM.FileNodeInfo: getTempInfo error: null, 0
10-02 02:37:30.576  3146  4134 E PTM.FileNodeInfo: getTempInfo error: null, 0
10-02 02:37:30.576  3146  4134 E PTM.FileNodeInfo: getTempInfo error: null, 0
10-02 02:37:30.576  3146  4134 E PTM.FileNodeInfo: getTempInfo error: null, 0
10-02 02:37:30.576  3146  4134 E PTM.FileNodeInfo: getTempInfo error: null, 0
10-02 02:37:30.576  3146  4134 E PTM.FileNodeInfo: getTempInfo error: null, 0
10-02 02:37:30.576  3146  4134 E PTM.FileNodeInfo: getTempInfo error: null, 0
10-02 02:37:30.576  3146  4134 E PTM.FileNodeInfo: getTempInfo error: null, 0
10-02 02:37:30.576  3146  4134 E PTM.FileNodeInfo: getTempInfo error: null, 0
10-02 02:37:30.576  3146  4134 E PTM.FileNodeInfo: getTempInfo error: null, 0
10-02 02:37:30.576  3146  4134 E PTM.FileNodeInfo: getTempInfo error: null, 0
10-02 02:37:30.576  3146  4134 E PTM.FileNodeInfo: getTempInfo error: null, 0
10-02 02:37:30.576  3146  4134 E PTM.FileNodeInfo: getTempInfo error: null, 0
10-02 02:37:30.576  3146  4134 E PTM.FileNodeInfo: getTempInfo error: null, 0
10-02 02:37:30.576  3146  4134 E PTM.FileNodeInfo: getTempInfo error: null, 0
10-02 02:37:30.576  3146  4134 E PTM.FileNodeInfo: getTempInfo error: null, 0
10-02 02:37:30.576  3146  4134 E PTM.FileNodeInfo: getTempInfo error: null, 0
10-02 02:37:30.576  3146  4134 E PTM.FileNodeInfo: getTempInfo error: null, 0
10-02 02:37:30.576  3146  4134 E PTM.FileNodeInfo: getTempInfo error: null, 0
10-02 02:37:30.576  3146  4134 E PTM.FileNodeInfo: getTempInfo error: null, 0
10-02 02:37:30.576  3146  4134 E PTM.FileNodeInfo: getTempInfo error: null, 0
10-02 02:37:30.576  3146  4134 E PTM.FileNodeInfo: getTempInfo error: null, 0
10-02 02:37:30.576  3146  4134 E PTM.FileNodeInfo: getTempInfo error: null, 0
10-02 02:37:30.576  3146  4134 E PTM.FileNodeInfo: getTempInfo error: null, 0
10-02 02:37:30.576  3146  4134 E PTM.FileNodeInfo: getTempInfo error: null, 0
10-02 02:37:30.576  3146  4134 E PTM.FileNodeInfo: getTempInfo error: null, 0
10-02 02:37:30.576  3146  4134 E PTM.FileNodeInfo: getTempInfo error: null, 0
10-02 02:37:30.576  3146  4134 E PTM.FileNodeInfo: getTempInfo error: null, 0
10-02 02:37:30.576  3146  4134 E PTM.FileNodeInfo: getTempInfo error: null, 0
10-02 02:37:30.576  3146  4134 E PTM.FileNodeInfo: getTempInfo error: null, 0
10-02 02:37:30.576  3146  4134 E PTM.FileNodeInfo: getTempInfo error: null, 0
10-02 02:37:30.576  3146  4134 E PTM.FileNodeInfo: getTempInfo error: null, 0
10-02 02:37:30.577  3146  4134 E PTM.FileNodeInfo: getTempInfo error: null, 0
10-02 02:37:30.577  3146  4134 E PTM.FileNodeInfo: getTempInfo error: null, 0
10-02 02:37:30.577  3146  4134 E PTM.FileNodeInfo: getTempInfo error: null, 0
10-02 02:37:30.577  3146  4134 E PTM.FileNodeInfo: getTempInfo error: null, 0
10-02 02:37:30.577  3146  4134 E PTM.FileNodeInfo: getTempInfo error: null, 0
10-02 02:37:30.577  3146  4134 E PTM.FileNodeInfo: getTempInfo error: null, 0
10-02 02:37:30.577  3146  4134 E PTM.FileNodeInfo: getTempInfo error: null, 0
10-02 02:37:30.577  3146  4134 E PTM.FileNodeInfo: getTempInfo error: null, 0
10-02 02:37:30.577  3146  4134 E PTM.FileNodeInfo: getTempInfo error: null, 0
10-02 02:37:30.579  3146  4134 E PTM.FileNodeInfo: getTempInfo error: null, 0
10-02 02:37:30.580  3146  4134 I iMonitor: create: 903001012
10-02 02:37:30.586  3146  4134 I iMonitor: send: 903001012
10-02 02:37:30.587   784  1190 I logserver: handle_exception_events enter
10-02 02:37:30.602  2354  2354 I PhoneStatusBarPolicy: updateBluetooth:::setBluetoothBatteryEnable false.
10-02 02:37:30.602  2354  2354 I PhoneStatusBarPolicy: updateBluetooth::bluetoothEnabled:false, bluetoothConnected=false, bluetoothTransfering=false
10-02 02:37:30.616  3146  3208 E LogCollectService: illegal eventid
10-02 02:37:30.664  2023 13183 E HsmCoreServiceImpl: onTransact in code is: 103
10-02 02:37:30.664  2023 13183 I MediaProcessHandler: playingUids: 
10-02 02:37:30.753  2023  2032 I art     : Background partial concurrent mark sweep GC freed 35921(1980KB) AllocSpace objects, 4(80KB) LOS objects, 13% free, 52MB/60MB, paused 3.202ms total 200.817ms
10-02 02:37:30.980   627   706 E libnav  : CablComputeBacklightLevel(): UpdateType = DifferentSceneUpdate
10-02 02:37:31.156  3443  3659 W OpenGLRenderer: Incorrectly called buildLayer on View: ShortcutAndWidgetContainer, destroying layer...
10-02 02:37:31.156  3443  3659 W OpenGLRenderer: Incorrectly called buildLayer on View: ShortcutAndWidgetContainer, destroying layer...
10-02 02:37:31.208  3443  3443 I HwLauncher: FPSMonitor  [Launcher , dispatchTouchEvent begin, false, true] down event  x = 826 y = 888
10-02 02:37:31.208  3443  3443 I HwLauncher: Launcher workspaceTranslationX = 0.0
10-02 02:37:31.209  3443  3443 I HwLauncher: FPSMonitor  [PagedView , onIntercept] down event  x = 826 y = 888
10-02 02:37:31.210  3443  3443 I HwLauncher: FPSMonitor  [Launcher , dispatchTouchEvent end, false, true] down event  x = 826 y = 888
10-02 02:37:31.298  2023  2037 W HwPolicyFactoryImpl: mAware is disable
10-02 02:37:31.305  3443  3443 I HwLauncher:  FPSMonitor startScroll xMoved = true  xPaged = false xDiff =  24
10-02 02:37:31.306  2023  2037 W HwPolicyFactoryImpl: mAware is disable
10-02 02:37:31.314  2023  2037 W HwPolicyFactoryImpl: mAware is disable
10-02 02:37:31.322  2023  2037 W HwPolicyFactoryImpl: mAware is disable
10-02 02:37:31.330  2023  2037 W HwPolicyFactoryImpl: mAware is disable
10-02 02:37:31.338  2023  2037 W HwPolicyFactoryImpl: mAware is disable
10-02 02:37:31.346  2023  2037 W HwPolicyFactoryImpl: mAware is disable
10-02 02:37:31.348  2023  2043 I EventHub: EventHub monitor: no key events in the past 82s, 
10-02 02:37:31.354  2023  2037 W HwPolicyFactoryImpl: mAware is disable
10-02 02:37:31.362  2023  2037 W HwPolicyFactoryImpl: mAware is disable
10-02 02:37:31.370  2023  2037 W HwPolicyFactoryImpl: mAware is disable
10-02 02:37:31.379  2023  2037 W HwPolicyFactoryImpl: mAware is disable
10-02 02:37:31.387  2023  2037 W HwPolicyFactoryImpl: mAware is disable
10-02 02:37:31.395  2023  2037 W HwPolicyFactoryImpl: mAware is disable
10-02 02:37:31.403  2023  2037 W HwPolicyFactoryImpl: mAware is disable
10-02 02:37:31.411  2023  2037 W HwPolicyFactoryImpl: mAware is disable
10-02 02:37:31.419  2023  2037 W HwPolicyFactoryImpl: mAware is disable
10-02 02:37:31.427  2023  2037 W HwPolicyFactoryImpl: mAware is disable
10-02 02:37:31.435  2023  2037 W HwPolicyFactoryImpl: mAware is disable
10-02 02:37:31.443  2023  2037 W HwPolicyFactoryImpl: mAware is disable
10-02 02:37:31.452  3443  3443 I HwLauncher: FPSMonitor  [Launcher , dispatchTouchEvent begin, false, true] up event  x = 464 y = 933
10-02 02:37:31.452  3443  3443 I HwLauncher: FPSMonitor  [PagedView , onTouchEvent] up event  x = 464 y = 933
10-02 02:37:31.452  3443  3443 I HwLauncher:  FPSMonitor snapToPage whichPage = 2 delta = 690 duration = 752
10-02 02:37:31.453  3443  3443 I HwLauncher: FPSMonitor  [Launcher , dispatchTouchEvent end, false, true] up event  x = 464 y = 933
10-02 02:37:31.454   525  3332 E ANDR-PERF-MPCTL: Invalid profile no. 0, total profiles 0 only
10-02 02:37:31.455  2023  2037 W HwPolicyFactoryImpl: mAware is disable
10-02 02:37:31.455  2023  2037 W HwPolicyFactoryImpl: mAware is disable
10-02 02:37:31.466  2023  4781 I MQoS    : MSG_QUERY_TCP_INFO called,count:502
10-02 02:37:31.466  2023  2023 I WifiProJNI: ######### CMD_QUERY_PKTS ########
10-02 02:37:31.466  2023  2272 I QosMonitor: postEventFromNative: msg=100,arg1=0,arg2=9
10-02 02:37:31.466  2023  2272 W WifiProJNI: poll before: g_monitor_fd =318
10-02 02:37:31.467  2023  2023 I MQoS    : rtt=0,tcp_tx_pkts=0,tcp_rx_pkts=0
10-02 02:37:31.469  2023  4781 I TrafficMonitor: getStatic,count:0,work status:false
10-02 02:37:31.469  2023  4781 I MQoS    : QOS_level:5(5),use RAT:4G;signalLvl:5
10-02 02:37:31.771  3443  3443 I HwLauncher:  FPSMonitor endScroll
10-02 02:37:32.136  3443  3443 I HwLauncher: FPSMonitor  [Launcher , dispatchTouchEvent begin, false, true] down event  x = 827 y = 728
10-02 02:37:32.136  3443  3443 I HwLauncher: Launcher workspaceTranslationX = 0.0
10-02 02:37:32.137  3443  3443 I HwLauncher: FPSMonitor  [PagedView , onIntercept] down event  x = 827 y = 728
10-02 02:37:32.138  3443  3443 I HwLauncher: FPSMonitor  [Launcher , dispatchTouchEvent end, false, true] down event  x = 827 y = 728
10-02 02:37:32.224  2023  2037 W HwPolicyFactoryImpl: mAware is disable
10-02 02:37:32.233  2023  2037 W HwPolicyFactoryImpl: mAware is disable
10-02 02:37:32.241  3443  3443 I HwLauncher:  FPSMonitor startScroll xMoved = true  xPaged = true xDiff =  50
10-02 02:37:32.241  2023  2037 W HwPolicyFactoryImpl: mAware is disable
10-02 02:37:32.249  2023  2037 W HwPolicyFactoryImpl: mAware is disable
10-02 02:37:32.256  2023  2037 W HwPolicyFactoryImpl: mAware is disable
10-02 02:37:32.265  2023  2037 W HwPolicyFactoryImpl: mAware is disable
10-02 02:37:32.273  2023  2037 W HwPolicyFactoryImpl: mAware is disable
10-02 02:37:32.282  2023  2037 W HwPolicyFactoryImpl: mAware is disable
10-02 02:37:32.289  2023  2037 W HwPolicyFactoryImpl: mAware is disable
10-02 02:37:32.297  2023  2037 W HwPolicyFactoryImpl: mAware is disable
10-02 02:37:32.305  2023  2037 W HwPolicyFactoryImpl: mAware is disable
10-02 02:37:32.313  2023  2037 W HwPolicyFactoryImpl: mAware is disable
10-02 02:37:32.321  2023  2037 W HwPolicyFactoryImpl: mAware is disable
10-02 02:37:32.329  2023  2037 W HwPolicyFactoryImpl: mAware is disable
10-02 02:37:32.338  2023  2037 W HwPolicyFactoryImpl: mAware is disable
10-02 02:37:32.346  2023  2037 W HwPolicyFactoryImpl: mAware is disable
10-02 02:37:32.354  2023  2037 W HwPolicyFactoryImpl: mAware is disable
10-02 02:37:32.362  2023  2037 W HwPolicyFactoryImpl: mAware is disable
10-02 02:37:32.372  3443  3443 I HwLauncher: FPSMonitor  [Launcher , dispatchTouchEvent begin, false, true] up event  x = 401 y = 860
10-02 02:37:32.372   525  3332 E ANDR-PERF-MPCTL: Invalid profile no. 0, total profiles 0 only
10-02 02:37:32.372  3443  3443 I HwLauncher: FPSMonitor  [PagedView , onTouchEvent] up event  x = 401 y = 860
10-02 02:37:32.373  3443  3443 I HwLauncher:  FPSMonitor snapToPage whichPage = 3 delta = 627 duration = 644
10-02 02:37:32.374  3443  3443 I HwLauncher: FPSMonitor  [Launcher , dispatchTouchEvent end, false, true] up event  x = 401 y = 860
10-02 02:37:32.374  2023  2037 W HwPolicyFactoryImpl: mAware is disable
10-02 02:37:32.374  2023  2037 W HwPolicyFactoryImpl: mAware is disable
10-02 02:37:32.549  2816 13896 I DownloadState: @@@@@@@@@@@@ uid :10152 download :true
10-02 02:37:32.549  2816 13896 I PGServer: report state:5 event type:1 pid:0 uid:10152 pkg:null to pid: 2023
10-02 02:37:32.639  2354  2354 I NetworkSpeedManagerEx: mIsStop = false
10-02 02:37:32.642  2354  2354 I NetworkSpeedManagerEx: value=88403.336speed = 86.3K/s
10-02 02:37:32.642  2354  2354 I NetworkSpeedView: /update(), speed=86.3K/s parent class:class com.android.systemui.statusbar.HwSystemIcons
10-02 02:37:32.661  2354  2354 I NetworkSpeedManagerEx: mIsStop = false
10-02 02:37:32.665  2354  2354 I NetworkSpeedManagerEx: value=83403.336speed = 81.4K/s
10-02 02:37:32.665  2354  2354 I NetworkSpeedView: /update(), speed=81.4K/s parent class:class com.android.systemui.statusbar.HwSystemIcons
10-02 02:37:32.690  3443  3443 W HwLauncher: Workspace workspace notfiyPageSwitchListener clingContoller is NULL
10-02 02:37:32.690  3443  3443 I HwLauncher:  FPSMonitor endScroll
10-02 02:37:32.823  2023  3575 E LocSvc_libulp: I/int ulp_msg_process_system_update(const UlpSystemEvent): systemEvent:5 
10-02 02:37:32.823  2023  3575 E LocSvc_libulp: I/===> int ulp_brain_turn_onoff_dr_provider() line 848 
10-02 02:37:32.823  2023  3575 E LocSvc_libulp: I/===> int ulp_dr_stop_engine() line 235 
10-02 02:37:32.823  2023  3575 E LocSvc_libulp: I/int ulp_msg_process_start_req(), at ulp state = 1
10-02 02:37:32.823  2023  2793 E LocSvc_api_v02: I/---> locClientSendReq line 2069 QMI_LOC_GET_BEST_AVAILABLE_POSITION_REQ_V02
10-02 02:37:32.825  2023  2848 E LocSvc_ApiV02: I/<--- void globalRespCb(locClientHandleType, uint32_t, const locClientRespIndUnionType, uint32_t, void *) line 140 QMI_LOC_GET_BEST_AVAILABLE_POSITION_REQ_V02
10-02 02:37:32.825  2023  3575 E LocSvc_libulp: I/int ulp_brain_process_zpp_position_report(const enum loc_sess_status, LocPosTechMask, UlpLocation *), report ZPP position to providers,report_position = 1
10-02 02:37:32.825  2023  3575 E LocSvc_libulp: I/===> int ulp_brain_turn_onoff_dr_provider() line 848 
10-02 02:37:32.825  2023  3575 E LocSvc_libulp: I/===> int ulp_dr_stop_engine() line 235 
10-02 02:37:32.874  2816  2921 I ScenarioAction: new ScenarioAction sPoolSize: 0
10-02 02:37:33.023  2023  2023 I MQoS    : onSignal: mSubId=0,currDataSubID=1
10-02 02:37:33.023  2023  6515 I SendBroadcastPermission: action:android.intent.action.SIG_STR, mPermissionType:0
10-02 02:37:33.023  2023  2023 I MQoS    : received cell-signal:5
10-02 02:37:33.029  2023  2207 I SendBroadcastPermission: action:android.intent.action.SIG_STR, mPermissionType:0
10-02 02:37:33.029  2023  2023 I MQoS    : onSignal: mSubId=0,currDataSubID=1
10-02 02:37:33.029  2023  2023 I MQoS    : received cell-signal:5
10-02 02:37:33.030  2354  2457 I HwMobileSignalController: subId:0 phoneType:1 networktype:3 targetClass:2 masterLevel:5 slaveLevel:-1
10-02 02:37:33.038  2354  2457 I HwMobileSignalController: subId:0 phoneType:1 networktype:3 targetClass:2 masterLevel:5 slaveLevel:-1
10-02 02:37:33.585  3443  3443 I HwLauncher: FPSMonitor  [Launcher , dispatchTouchEvent begin, false, true] down event  x = 680 y = 215
10-02 02:37:33.585  3443  3443 I HwLauncher: Launcher workspaceTranslationX = 0.0
10-02 02:37:33.586  3443  3443 I HwLauncher: FPSMonitor  [PagedView , onIntercept] down event  x = 680 y = 215
10-02 02:37:33.587  3443  3443 I HwLauncher: FPSMonitor  [Launcher , dispatchTouchEvent end, false, true] down event  x = 680 y = 215
10-02 02:37:33.635  2023  2037 W HwPolicyFactoryImpl: mAware is disable
10-02 02:37:33.636  3443  3443 I HwLauncher: FPSMonitor  [Launcher , dispatchTouchEvent begin, false, true] up event  x = 680 y = 215
10-02 02:37:33.636  3443  3443 I HwLauncher: FPSMonitor  [PagedView , onIntercept] up event  x = 680 y = 215
10-02 02:37:33.636  3443  3443 I HwLauncher: FPSMonitor  [Launcher , dispatchTouchEvent end, false, true] up event  x = 680 y = 215
10-02 02:37:33.636  3443  3443 I HwLauncher: Launcher onclick begin com.huawei.android.launcher.BubbleTextView{66acd4d VFED..CL. ...P..ID 528,120-792,401 #9c040200}
10-02 02:37:33.637  3443  3443 I HwLauncher: Launcher.Utilities  startActivitySafely useLaunchAnimation = true
10-02 02:37:33.637  3443  3443 I HwLauncher: Launcher.Utilities  startActivitySafely begin startActivity() for current user
10-02 02:37:33.639  2023  6514 E PF_API_NATIVE: check perfhub service fail! 
10-02 02:37:33.640  2023  6514 E PF_API_NATIVE: check perfhub service fail! 
10-02 02:37:33.652  3443  3443 I HwLauncher: Launcher.Utilities  startActivitySafely end startActivity() for current user
10-02 02:37:33.652  3443  3443 I HwLauncher: Launcher this view's parent is not SearchGridView , so no need to reportRecentApp.
10-02 02:37:33.652  3443  3443 I HwLauncher: Launcher onclick end
10-02 02:37:33.672  3443  3443 I HwLauncher: Launcher onPause()
10-02 02:37:33.673  3443  4316 I HwLauncher: Launcher.MotionManager stopMotionAppsReco begin,mFlg = 403
10-02 02:37:33.673  3443  4316 W HwLauncher: Launcher.MotionManager stopMotionAppsReco service flg 403 is unavailable
10-02 02:37:33.674   525  3332 E ANDR-PERF-MPCTL: Invalid profile no. 0, total profiles 0 only
10-02 02:37:33.701  3796  3796 W unknown:BridgelessReact: ReactHost{0}.onHostResume(activity)
10-02 02:37:33.701  3796  3796 W unknown:BridgelessReact: ReactContext.onHostResume()
10-02 02:37:33.734  2354  2354 I PhoneStatusBarPolicy: updateBluetooth:::setBluetoothBatteryEnable false.
10-02 02:37:33.734  2354  2354 I PhoneStatusBarPolicy: updateBluetooth::bluetoothEnabled:false, bluetoothConnected=false, bluetoothTransfering=false
10-02 02:37:33.777  2816  2921 I AppTypeRecognise: input start front pkg: com.x2020100.umoyosos
10-02 02:37:33.792  2023  6515 E HsmCoreServiceImpl: onTransact in code is: 103
10-02 02:37:33.792  2023  6515 I MediaProcessHandler: playingUids: 
10-02 02:37:33.989  2816  5420 I PGServer: checkPkgType. calling pkg: android
10-02 02:37:33.992  2816  3806 I PGServer: checkPkgType. calling pkg: com.huawei.iaware
10-02 02:37:34.022  3443  3443 I HwLauncher: Launcher onStop()
10-02 02:37:34.125   627   706 E libnav  : CablComputeBacklightLevel(): UpdateType = DifferentSceneUpdate
10-02 02:37:34.646   787   787 I cnss-daemon: RTM_NEWNEIGH message received: 28
10-02 02:37:34.647   787   787 E cnss-daemon: Stale or unreachable neighbors, ndm state: 16
10-02 02:37:34.648   787   787 I cnss-daemon: RTM_NEWNEIGH message received: 28
10-02 02:37:34.648   787   787 I cnss-daemon: NDA_DST received: 192.168.43.120 ul: 562994919221440
10-02 02:37:34.648   787   787 I cnss-daemon: NDA_LLADDR received
10-02 02:37:35.204   767   767 E Thermal-daemon: [Thermal_Hw] temperature_valid, battery : temperature is invalid, invalid temperatrue is 38
10-02 02:37:35.204   767   767 E Thermal-daemon: [Thermal_Hw] temperature_filter: get invalid temperature, use old temp
10-02 02:37:35.360  2023  2037 W HwPolicyFactoryImpl: mAware is disable
10-02 02:37:35.643  2354  2354 I NetworkSpeedManagerEx: mIsStop = false
10-02 02:37:35.646  2354  2354 I NetworkSpeedManagerEx: value=74528.0speed = 72.8K/s
10-02 02:37:35.647  2354  2354 I NetworkSpeedView: /update(), speed=72.8K/s parent class:class com.android.systemui.statusbar.HwSystemIcons
10-02 02:37:35.665  2354  2354 I NetworkSpeedManagerEx: mIsStop = false
10-02 02:37:35.670  2354  2354 I NetworkSpeedManagerEx: value=74528.0speed = 72.8K/s
10-02 02:37:35.670  2354  2354 I NetworkSpeedView: /update(), speed=72.8K/s parent class:class com.android.systemui.statusbar.HwSystemIcons
10-02 02:37:35.796  2023  2037 W HwPolicyFactoryImpl: mAware is disable
10-02 02:37:35.980  2023  2037 W HwPolicyFactoryImpl: mAware is disable
10-02 02:37:36.239 21100  4266 I art     : Starting a blocking GC Explicit
10-02 02:37:36.438 21100  4266 I art     : Explicit concurrent mark sweep GC freed 15757(890KB) AllocSpace objects, 0(0B) LOS objects, 13% free, 26MB/30MB, paused 6.353ms total 199.421ms
10-02 02:37:36.900  2023  2037 W HwPolicyFactoryImpl: mAware is disable
10-02 02:37:37.320  2023  2037 W HwPolicyFactoryImpl: mAware is disable
10-02 02:37:37.553  2816 13896 I DownloadState: @@@@@@@@@@@@ uid :10152 download :false
10-02 02:37:37.553  2816 13896 I PGServer: report state:5 event type:2 pid:0 uid:10152 pkg:null to pid: 2023
10-02 02:37:37.577  2023  2037 W HwPolicyFactoryImpl: mAware is disable
10-02 02:37:38.279  2023  2037 W HwPolicyFactoryImpl: mAware is disable
10-02 02:37:38.341  3796  3796 W [RNScreens]: backTitleVisible prop is not available on Android
10-02 02:37:38.341  3796  3796 W [RNScreens]: backTitleFontFamily prop is not available on Android
10-02 02:37:38.341  3796  3796 W [RNScreens]: disableBackButtonMenu prop is not available on Android
10-02 02:37:38.341  3796  3796 W [RNScreens]: largeTitleFontFamily prop is not available on Android
10-02 02:37:38.341  3796  3796 W [RNScreens]: largeTitleFontWeight prop is not available on Android
10-02 02:37:38.341  3796  3796 W [RNScreens]: largeTitleHideShadow prop is not available on Android
10-02 02:37:38.388  3796  3852 I ReactNativeJS:  Starting location setup...
10-02 02:37:38.423  3796  3796 E unknown:MountItemDispatcher: Unhandled SoftException
10-02 02:37:38.423  3796  3796 E unknown:MountItemDispatcher: com.facebook.react.bridge.ReactNoCrashSoftException: Caught exception executing ViewCommand: DispatchStringCommandMountItem [182] blur
10-02 02:37:38.423  3796  3796 E unknown:MountItemDispatcher: 	at com.facebook.react.fabric.mounting.MountItemDispatcher.dispatchMountItems(MountItemDispatcher.java:222)
10-02 02:37:38.423  3796  3796 E unknown:MountItemDispatcher: 	at com.facebook.react.fabric.mounting.MountItemDispatcher.tryDispatchMountItems(MountItemDispatcher.java:122)
10-02 02:37:38.423  3796  3796 E unknown:MountItemDispatcher: 	at com.facebook.react.fabric.FabricUIManager$3.runGuarded(FabricUIManager.java:823)
10-02 02:37:38.423  3796  3796 E unknown:MountItemDispatcher: 	at com.facebook.react.bridge.GuardedRunnable.run(GuardedRunnable.java:29)
10-02 02:37:38.423  3796  3796 E unknown:MountItemDispatcher: 	at com.facebook.react.fabric.FabricUIManager.scheduleMountItem(FabricUIManager.java:827)
10-02 02:37:38.423  3796  3796 E unknown:MountItemDispatcher: 	at com.swmansion.reanimated.nativeProxy.AnimationFrameCallback.onAnimationFrame(Native Method)
10-02 02:37:38.423  3796  3796 E unknown:MountItemDispatcher: 	at com.swmansion.reanimated.NodesManager.onAnimationFrame(NodesManager.java:311)
10-02 02:37:38.423  3796  3796 E unknown:MountItemDispatcher: 	at com.swmansion.reanimated.NodesManager.-$$Nest$monAnimationFrame(NodesManager.java)
10-02 02:37:38.423  3796  3796 E unknown:MountItemDispatcher: 	at com.swmansion.reanimated.NodesManager$2.doFrameGuarded(NodesManager.java:186)
10-02 02:37:38.423  3796  3796 E unknown:MountItemDispatcher: 	at com.facebook.react.uimanager.GuardedFrameCallback.doFrame(GuardedFrameCallback.kt:25)
10-02 02:37:38.423  3796  3796 E unknown:MountItemDispatcher: 	at com.facebook.react.modules.core.ReactChoreographer.frameCallback$lambda$1(ReactChoreographer.kt:59)
10-02 02:37:38.423  3796  3796 E unknown:MountItemDispatcher: 	at com.facebook.react.modules.core.ReactChoreographer.$r8$lambda$nSkFhrr5T7rop_XKwzlLov4NLLw(ReactChoreographer.kt)
10-02 02:37:38.423  3796  3796 E unknown:MountItemDispatcher: 	at com.facebook.react.modules.core.ReactChoreographer$$ExternalSyntheticLambda0.doFrame(D8$$SyntheticClass:0)
10-02 02:37:38.423  3796  3796 E unknown:MountItemDispatcher: 	at android.view.Choreographer$CallbackRecord.run(Choreographer.java:924)
10-02 02:37:38.423  3796  3796 E unknown:MountItemDispatcher: 	at android.view.Choreographer.doCallbacks(Choreographer.java:735)
10-02 02:37:38.423  3796  3796 E unknown:MountItemDispatcher: 	at android.view.Choreographer.doFrame(Choreographer.java:664)
10-02 02:37:38.423  3796  3796 E unknown:MountItemDispatcher: 	at android.view.Choreographer$FrameDisplayEventReceiver.run(Choreographer.java:912)
10-02 02:37:38.423  3796  3796 E unknown:MountItemDispatcher: 	at android.os.Handler.handleCallback(Handler.java:761)
10-02 02:37:38.423  3796  3796 E unknown:MountItemDispatcher: 	at android.os.Handler.dispatchMessage(Handler.java:98)
10-02 02:37:38.423  3796  3796 E unknown:MountItemDispatcher: 	at android.os.Looper.loop(Looper.java:156)
10-02 02:37:38.423  3796  3796 E unknown:MountItemDispatcher: 	at android.app.ActivityThread.main(ActivityThread.java:6523)
10-02 02:37:38.423  3796  3796 E unknown:MountItemDispatcher: 	at java.lang.reflect.Method.invoke(Native Method)
10-02 02:37:38.423  3796  3796 E unknown:MountItemDispatcher: 	at com.android.internal.os.ZygoteInit$MethodAndArgsCaller.run(ZygoteInit.java:942)
10-02 02:37:38.423  3796  3796 E unknown:MountItemDispatcher: 	at com.android.internal.os.ZygoteInit.main(ZygoteInit.java:832)
10-02 02:37:38.423  3796  3796 E unknown:MountItemDispatcher: Caused by: com.facebook.react.bridge.RetryableMountingLayerException: Unable to find viewState for tag: 182 for commandId: blur
10-02 02:37:38.423  3796  3796 E unknown:MountItemDispatcher: 	at com.facebook.react.fabric.mounting.SurfaceMountingManager.receiveCommand(SurfaceMountingManager.java:742)
10-02 02:37:38.423  3796  3796 E unknown:MountItemDispatcher: 	at com.facebook.react.fabric.mounting.MountingManager.receiveCommand(MountingManager.java:282)
10-02 02:37:38.423  3796  3796 E unknown:MountItemDispatcher: 	at com.facebook.react.fabric.mounting.mountitems.DispatchStringCommandMountItem.execute(DispatchStringCommandMountItem.kt:23)
10-02 02:37:38.423  3796  3796 E unknown:MountItemDispatcher: 	at com.facebook.react.fabric.mounting.MountItemDispatcher.executeOrEnqueue(MountItemDispatcher.java:370)
10-02 02:37:38.423  3796  3796 E unknown:MountItemDispatcher: 	at com.facebook.react.fabric.mounting.MountItemDispatcher.dispatchMountItems(MountItemDispatcher.java:205)
10-02 02:37:38.423  3796  3796 E unknown:MountItemDispatcher: 	... 23 more
10-02 02:37:38.443  2023  3482 E PF_API_NATIVE: check perfhub service fail! 
10-02 02:37:38.444  2023  3482 E PF_API_NATIVE: check perfhub service fail! 
10-02 02:37:38.479   525  3332 E ANDR-PERF-MPCTL: Invalid profile no. 0, total profiles 0 only
10-02 02:37:38.501  3796  3796 W unknown:BridgelessReact: ReactHost{0}.onUserLeaveHint(activity)
10-02 02:37:38.508  3796  3796 W unknown:BridgelessReact: ReactHost{0}.onHostPause(activity)
10-02 02:37:38.508  3796  3796 W unknown:BridgelessReact: ReactContext.onHostPause()
10-02 02:37:38.522  2816  3027 I BacklightControl: can't adjust backlight when app launch from other scene.
10-02 02:37:38.523  2816  3027 I AppsGPSRestrict: com.x2020100.umoyosos is above launcher app, just return...
10-02 02:37:38.531  2816  2921 I ScenarioAction: new ScenarioAction sPoolSize: 0
10-02 02:37:38.549  3796  3796 W IInputConnectionWrapper: beginBatchEdit on inactive InputConnection
10-02 02:37:38.549  3796  3796 W IInputConnectionWrapper: finishComposingText on inactive InputConnection
10-02 02:37:38.549  3796  3796 W IInputConnectionWrapper: endBatchEdit on inactive InputConnection
10-02 02:37:38.549  3796  3796 W IInputConnectionWrapper: beginBatchEdit on inactive InputConnection
10-02 02:37:38.549  3796  3796 W IInputConnectionWrapper: finishComposingText on inactive InputConnection
10-02 02:37:38.549  3796  3796 W IInputConnectionWrapper: endBatchEdit on inactive InputConnection
10-02 02:37:38.565  3796  3796 W IInputConnectionWrapper: beginBatchEdit on inactive InputConnection
10-02 02:37:38.565  3796  3796 W IInputConnectionWrapper: finishComposingText on inactive InputConnection
10-02 02:37:38.565  3796  3796 W IInputConnectionWrapper: endBatchEdit on inactive InputConnection
10-02 02:37:38.565  3796  3796 W IInputConnectionWrapper: beginBatchEdit on inactive InputConnection
10-02 02:37:38.565  3796  3796 W IInputConnectionWrapper: finishComposingText on inactive InputConnection
10-02 02:37:38.565  3796  3796 W IInputConnectionWrapper: endBatchEdit on inactive InputConnection
10-02 02:37:38.624  2023 13900 E HsmCoreServiceImpl: onTransact in code is: 103
10-02 02:37:38.624  2023 13900 I MediaProcessHandler: playingUids: 
10-02 02:37:38.647  2354  2354 I NetworkSpeedManagerEx: mIsStop = false
10-02 02:37:38.650  2354  2354 I NetworkSpeedManagerEx: value=53285.332speed = 52K/s
10-02 02:37:38.650  2354  2354 I NetworkSpeedView: /update(), speed=52K/s parent class:class com.android.systemui.statusbar.HwSystemIcons
10-02 02:37:38.672  2354  2354 I NetworkSpeedManagerEx: mIsStop = false
10-02 02:37:38.676  2816  2921 I ScenarioService: old above launcher pkgs: [com.x2020100.umoyosos, com.google.android.packageinstaller] new front:com.x2020100.umoyosos
10-02 02:37:38.677  2354  2354 I NetworkSpeedManagerEx: value=53285.332speed = 52K/s
10-02 02:37:38.677  2354  2354 I NetworkSpeedView: /update(), speed=52K/s parent class:class com.android.systemui.statusbar.HwSystemIcons
10-02 02:37:38.687  2816  3027 I BacklightControl: can't adjust backlight when app launch from other scene.
10-02 02:37:38.693  3796  3796 W unknown:BridgelessReact: ReactHost{0}.onHostResume(activity)
10-02 02:37:38.693  3796  3796 W unknown:BridgelessReact: ReactContext.onHostResume()
10-02 02:37:38.779  2023  3481 I SendBroadcastPermission: action:android.intent.action.SIG_STR, mPermissionType:0
10-02 02:37:38.779  2023  2023 I MQoS    : onSignal: mSubId=0,currDataSubID=1
10-02 02:37:38.779  2023  2023 I MQoS    : received cell-signal:5
10-02 02:37:38.781  2023  2202 I SendBroadcastPermission: action:android.intent.action.SIG_STR, mPermissionType:0
10-02 02:37:38.781  2023  2023 I MQoS    : onSignal: mSubId=1,currDataSubID=1
10-02 02:37:38.781  2023  2023 I MQoS    : received cell-signal:5
10-02 02:37:38.782  2354  2457 I HwMobileSignalController: subId:0 phoneType:1 networktype:3 targetClass:2 masterLevel:5 slaveLevel:-1
10-02 02:37:38.789  2354  2457 I HwMobileSignalController: subId:1 phoneType:1 networktype:13 targetClass:3 masterLevel:5 slaveLevel:-1
10-02 02:37:38.824  2816  3823 I PGServer: checkPkgType. calling pkg: android
10-02 02:37:38.828  2816  3806 I PGServer: checkPkgType. calling pkg: com.huawei.iaware
10-02 02:37:38.833   627   706 E libnav  : CablComputeBacklightLevel(): UpdateType = DifferentSceneUpdate
10-02 02:37:38.903  3796  3810 I art     : Compiler allocated 4MB to compile void kotlin.reflect.jvm.internal.impl.metadata.ProtoBuf$Class.<init>(kotlin.reflect.jvm.internal.impl.protobuf.CodedInputStream, kotlin.reflect.jvm.internal.impl.protobuf.ExtensionRegistryLite)
10-02 02:37:39.083  3796  3852 I ReactNativeJS: ' Location permission status:', 'granted'
10-02 02:37:39.289  2758  1234 I SendBroadcastPermission: action:android.location.HIGH_POWER_REQUEST_CHANGE, mPermissionType:0
10-02 02:37:39.299  2023 13901 I LocationManagerService: request d742eed gps Request[ACCURACY_FINE gps requested=0 fastest=0] from com.google.android.gms(10016)
10-02 02:37:39.299  2023  2751 E HwReportTool: This is not beta user build
10-02 02:37:39.299  2023 13901 I LocationManagerService: applyRequirementsLocked to gps
10-02 02:37:39.299  2023 13901 I LocationManagerService: provider request: gps ProviderRequest[ON interval=0]
10-02 02:37:39.299  2023 13901 I GnssLocationProvider: WakeLock acquired by sendMessage(3, 0, com.android.server.location.GnssLocationProvider$GpsRequest@9126122)
10-02 02:37:39.300  2023  2751 I GnssLocationProvider: setRequest ProviderRequest[ON interval=0]
10-02 02:37:39.300  2023  2751 I GnssLocationProvider: startNavigating, singleShot is false
10-02 02:37:39.300  2023  2751 I GnssLocationProvider: setting position_mode to standalone
10-02 02:37:39.300  2023  2751 E LocSvc_eng: I/===> int loc_eng_set_position_mode(loc_eng_data_s_type &, LocPosMode &) line 2100 
10-02 02:37:39.300  2023  3575 E LocSvc_libulp: I/int ulp_msg_process_criteria_update(const UlpLocationCriteria *): valid 0x27 action:1, minTime:100, minDistance:0.000000, singleShot:0, horizontalAccuracy:0, powerRequirement:0, emergency_request:0
10-02 02:37:39.300  2023  2751 E LocSvc_eng: I/===> int loc_eng_start(loc_eng_data_s_type &) line 1981 
10-02 02:37:39.300  2023  3575 E LocSvc_libulp: I/int ulp_brain_process_criteria_update() index at 0, isNew = 1, mask 0x27, provider source = 1,accuracy = 0, singleshot = 0, tbf = 100 emergency_request = 0
10-02 02:37:39.300  2023  2751 I GnssLocationProvider: GpsDataThread alive
10-02 02:37:39.300  2023  2793 E LocSvc_api_v02: I/---> locClientSendReq line 2069 QMI_LOC_REG_EVENTS_REQ_V02
10-02 02:37:39.301  2023  2751 I GnssLocationProvider: WakeLock released by handleMessage(3, 0, com.android.server.location.GnssLocationProvider$GpsRequest@9126122)
10-02 02:37:39.301  2023  3575 E LocSvc_libulp: I/int ulp_brain_transition_all_providers(), before transition, 
10-02 02:37:39.301  2023  3575 E LocSvc_libulp:  GNSS provider state = 1,  GNSS selected to run = 1,  GNSS onoff_cnt = 5, GNSS high speed flag = 0 
10-02 02:37:39.301  2023  3575 E LocSvc_libulp:  QUIPC provider state = 0, QUIPC selected to run = 0, QUIPC onoff_cnt = 5, 
10-02 02:37:39.301  2023  3575 E LocSvc_libulp:  GNP provider state = 0,   GNP selected to run = 0,   GNP onoff_cnt = 1, 
10-02 02:37:39.301  2023  3575 E LocSvc_libulp: I/int ulp_brain_transition_all_providers(), after transition, 
10-02 02:37:39.301  2023  3575 E LocSvc_libulp:  GNSS provider state = 1,  GNSS selected to run = 1,  GNSS onoff_cnt = 0, GNSS high speed flag = 0 
10-02 02:37:39.301  2023  3575 E LocSvc_libulp:  QUIPC provider state = 0, QUIPC selected to run = 0, QUIPC onoff_cnt = 5, 
10-02 02:37:39.301  2023  3575 E LocSvc_libulp:  GNP provider state = 0,   GNP selected to run = 0,   GNP onoff_cnt = 1 
10-02 02:37:39.301  2023  3575 E LocSvc_libulp: I/===> int ulp_brain_turn_onoff_dr_provider() line 848 
10-02 02:37:39.301  2023  3575 E LocSvc_libulp: I/===> int ulp_dr_stop_engine() line 235 
10-02 02:37:39.301  2023  3575 E LocSvc_libulp: I/int ulp_msg_process_start_req(), at ulp state = 1
10-02 02:37:39.302  2023  2793 E LocSvc_api_v02: I/---> locClientSendReq line 2069 QMI_LOC_SET_OPERATION_MODE_REQ_V02
10-02 02:37:39.303  2816  2921 I PGServer: report state:3 event type:1 pid:0 uid:10138 pkg:null to pid: 2023
10-02 02:37:39.304  3146  3161 I NCCHR_NcLogCollectServiceImpl: getUserType = 6
10-02 02:37:39.304  2023  2848 E LocSvc_ApiV02: I/<--- void globalRespCb(locClientHandleType, uint32_t, const locClientRespIndUnionType, uint32_t, void *) line 140 QMI_LOC_SET_OPERATION_MODE_REQ_V02
10-02 02:37:39.305  2023  2793 E LocSvc_api_v02: I/---> locClientSendReq line 2069 QMI_LOC_START_REQ_V02
10-02 02:37:39.305  2023 13901 W ResourceType: ResTable_typeSpec entry count inconsistent: given 102, previously 106
10-02 02:37:39.305  2023 13901 W ResourceType: ResTable_typeSpec entry count inconsistent: given 4798, previously 5419
10-02 02:37:39.305  2023 13901 W ResourceType: ResTable_typeSpec entry count inconsistent: given 3585, previously 3607
10-02 02:37:39.305  2023 13901 W ResourceType: ResTable_typeSpec entry count inconsistent: given 261, previously 265
10-02 02:37:39.305  2023 13901 W ResourceType: ResTable_typeSpec entry count inconsistent: given 533, previously 5656
10-02 02:37:39.305  2023 13901 W ResourceType: ResTable_typeSpec entry count inconsistent: given 102, previously 106
10-02 02:37:39.309  2023  2848 E LocSvc_ApiV02: I/<--- void globalEventCb(locClientHandleType, uint32_t, const locClientEventIndUnionType, void *) line 114 QMI_LOC_EVENT_WIFI_REQ_IND_V02
10-02 02:37:39.310  2023  2848 E LocSvc_ApiV02: I/<--- void globalEventCb(locClientHandleType, uint32_t, const locClientEventIndUnionType, void *) line 114 QMI_LOC_EVENT_WIFI_REQ_IND_V02
10-02 02:37:39.310  2023  2793 E IzatSvc_IzatManager: I/LocTech-Label :: IZATMANAGER :: Add ODCPI Request In
10-02 02:37:39.310  2023  2793 E IzatSvc_IzatManager: I/LocTech-Value :: Interval: 3500, Emergency 0
10-02 02:37:39.310  2023  3575 E LocSvc_libulp: I/int ulp_msg_process_criteria_update(const UlpLocationCriteria *): valid 0x9a77 action:1, minTime:3500, minDistance:0.000000, singleShot:0, horizontalAccuracy:1, powerRequirement:0, emergency_request:0
10-02 02:37:39.310  2023  3575 E LocSvc_libulp: I/int ulp_brain_process_criteria_update() index at 0, isNew = 0, mask 0x27, provider source = 1,accuracy = 0, singleshot = 0, tbf = 100 emergency_request = 0
10-02 02:37:39.310  2023  3575 E LocSvc_libulp: I/int ulp_brain_process_criteria_update() index at 1, isNew = 1, mask 0x9a77, provider source = 4,accuracy = 1, singleshot = 0, tbf = 3500 emergency_request = 0
10-02 02:37:39.310  2023  3575 E LocSvc_libulp: I/===> int ulp_brain_turn_onoff_dr_provider() line 848 
10-02 02:37:39.310  2023  3575 E LocSvc_libulp: I/===> int ulp_dr_stop_engine() line 235 
10-02 02:37:39.313  2023  2848 E LocSvc_ApiV02: I/<--- void globalEventCb(locClientHandleType, uint32_t, const locClientEventIndUnionType, void *) line 114 QMI_LOC_EVENT_INJECT_POSITION_REQ_IND_V02
10-02 02:37:39.323  2023  2751 I SendBroadcastPermission: action:action_inject_location, mPermissionType:0
10-02 02:37:39.324  2023  2751 I GnssLocationProvider: receive broadcast intent, action: action_inject_location
10-02 02:37:39.324  2023  2023 I LocationManagerService: getAllProviders()=[passive, gps, network, local_database]
10-02 02:37:39.348  2575  2587 W PhoneInterfaceManager: shouldBlockLocation running ...
10-02 02:37:39.348  2575  2587 I PhoneInterfaceManager: shouldBlockLocation  ret:false
10-02 02:37:39.385  2023  2848 E LocSvc_ApiV02: I/<--- void globalEventCb(locClientHandleType, uint32_t, const locClientEventIndUnionType, void *) line 114 QMI_LOC_EVENT_ENGINE_STATE_IND_V02
10-02 02:37:39.385  2023  2793 E LocSvc_eng: I/<=== status_cb line 2243 GPS_STATUS_ENGINE_ON
10-02 02:37:39.385  2023  2793 I GnssLocationProvider: reportStatus status: 3
10-02 02:37:39.385  2023  2793 E LocSvc_eng: I/<=== status_cb line 2243 GPS_STATUS_SESSION_BEGIN
10-02 02:37:39.385  2023  2793 I GnssLocationProvider: reportStatus status: 1
10-02 02:37:39.385  2023  2793 I SendBroadcastPermission: action:android.location.GPS_ENABLED_CHANGE, mPermissionType:0
10-02 02:37:39.385  2023  2751 E HwReportTool: This is not beta user build
10-02 02:37:39.386  2023  3562 I SendBroadcastPermission: action:android.location.HIGH_POWER_REQUEST_CHANGE, mPermissionType:0
10-02 02:37:39.394  2758  5854 I FusedLocation: (REDACTED) location delivery to %s blocked - too close
10-02 02:37:39.396  2023  2751 I LocationManagerService: incoming location: Location[network -15******,28****** acc=300 et=+1h31m52s815ms]
10-02 02:37:39.397  3146  3158 I NCCHR_NcLogCollectServiceImpl: getUserType = 6
10-02 02:37:39.400  2023  2751 I LocationManagerService: incoming location: Location[network -15******,28****** acc=300 et=+1h31m52s815ms]
10-02 02:37:39.400  3146  3161 I NCCHR_NcLogCollectServiceImpl: getUserType = 6
10-02 02:37:39.404  2023  2751 E LocSvc_flp: I/===> int flp_inject_location(FlpLocation *) line 281 
10-02 02:37:39.404  2023  2751 E         : I/===> int FlpLocationClient::flp_inject_location(FlpExtLocation *) line 285 
10-02 02:37:39.404  2023  2793 E LocSvc_api_v02: I/---> locClientSendReq line 2069 QMI_LOC_INJECT_POSITION_REQ_V02
10-02 02:37:39.405  2023  2751 E LocSvc_eng: I/===> int loc_eng_inject_location(loc_eng_data_s_type &, double, double, float) line 2171 
10-02 02:37:39.406  2023  2800 E LocSvc_ApiV02: I/<--- void globalRespCb(locClientHandleType, uint32_t, const locClientRespIndUnionType, uint32_t, void *) line 140 QMI_LOC_INJECT_POSITION_REQ_V02
10-02 02:37:39.406  2023  2793 E LocSvc_api_v02: I/---> locClientSendReq line 2069 QMI_LOC_INJECT_POSITION_REQ_V02
10-02 02:37:39.406  2023  3575 E LocSvc_libulp: I/int ulp_brain_process_gnp_position_report(UlpLocation *), first_fix_pending 1, request active = 0,gnss running 1, gnss state 1 quipc running 0 quipc state 0
10-02 02:37:39.406  2023  3575 E LocSvc_libulp: I/int ulp_brain_process_gnp_position_report(UlpLocation *), report GNP position to hybrid fix requests = 0
10-02 02:37:39.406  2023  3575 E LocSvc_libulp: I/int ulp_brain_transition_all_providers(), before transition, 
10-02 02:37:39.406  2023  3575 E LocSvc_libulp:  GNSS provider state = 1,  GNSS selected to run = 1,  GNSS onoff_cnt = 0, GNSS high speed flag = 0 
10-02 02:37:39.406  2023  3575 E LocSvc_libulp:  QUIPC provider state = 0, QUIPC selected to run = 0, QUIPC onoff_cnt = 5, 
10-02 02:37:39.406  2023  3575 E LocSvc_libulp:  GNP provider state = 1,   GNP selected to run = 1,   GNP onoff_cnt = 1, 
10-02 02:37:39.406  2023  3575 E LocSvc_libulp: I/int ulp_brain_transition_all_providers(), after transition, 
10-02 02:37:39.406  2023  3575 E LocSvc_libulp:  GNSS provider state = 1,  GNSS selected to run = 1,  GNSS onoff_cnt = 0, GNSS high speed flag = 0 
10-02 02:37:39.406  2023  3575 E LocSvc_libulp:  QUIPC provider state = 0, QUIPC selected to run = 0, QUIPC onoff_cnt = 5, 
10-02 02:37:39.406  2023  3575 E LocSvc_libulp:  GNP provider state = 1,   GNP selected to run = 1,   GNP onoff_cnt = 1 
10-02 02:37:39.407  2023  2848 E LocSvc_ApiV02: I/<--- void globalRespCb(locClientHandleType, uint32_t, const locClientRespIndUnionType, uint32_t, void *) line 140 QMI_LOC_INJECT_POSITION_REQ_V02
10-02 02:37:39.407  2023  2793 E LocSvc_api_v02: I/---> locClientSendReq line 2069 QMI_LOC_INJECT_POSITION_REQ_V02
10-02 02:37:39.407  2023  2848 E LocSvc_ApiV02: I/<--- void globalRespCb(locClientHandleType, uint32_t, const locClientRespIndUnionType, uint32_t, void *) line 140 QMI_LOC_INJECT_POSITION_REQ_V02
10-02 02:37:39.662  2023  2848 E LocSvc_ApiV02: I/<--- void globalEventCb(locClientHandleType, uint32_t, const locClientEventIndUnionType, void *) line 114 QMI_LOC_EVENT_POSITION_REPORT_IND_V02
10-02 02:37:39.662  2023  3575 E LocSvc_libulp: I/int ulp_brain_process_gnss_position_report(enum loc_sess_status, LocPosTechMask, UlpLocation *, const GpsLocationExtended *, const void *), transition provider returned = 0
10-02 02:37:39.662  2023  3575 E LocSvc_libulp: I/int ulp_brain_process_gnss_position_report(enum loc_sess_status, LocPosTechMask, UlpLocation *, const GpsLocationExtended *, const void *), report GNSS position/status to hybrid fix requests = 0
10-02 02:37:39.754  2023  2032 I art     : Background partial concurrent mark sweep GC freed 50182(3MB) AllocSpace objects, 4(80KB) LOS objects, 13% free, 52MB/60MB, paused 2.869ms total 213.413ms
10-02 02:37:40.209   767   767 E Thermal-daemon: [Thermal_Hw] temperature_valid, battery : temperature is invalid, invalid temperatrue is 38
10-02 02:37:40.209   767   767 E Thermal-daemon: [Thermal_Hw] temperature_filter: get invalid temperature, use old temp
10-02 02:37:40.210   767   767 E Thermal-daemon: [pa_0] temp_new :43  temp_old :42
10-02 02:37:40.211   767   767 E ThermalBinder: mThermalService is NULL!
10-02 02:37:40.211   767   767 E Thermal-daemon: Report temperature: [pa_0] temp :43  report_threshold:1
10-02 02:37:40.213  2816  2921 I ThermalStateManager: triggerLevel = 1, triggerAction :{ucurrent=1000, bcurrent=0}
10-02 02:37:40.661  2023  2848 E LocSvc_ApiV02: I/<--- void globalEventCb(locClientHandleType, uint32_t, const locClientEventIndUnionType, void *) line 114 QMI_LOC_EVENT_GNSS_SV_INFO_IND_V02
10-02 02:37:40.661  2023  2848 E LocSvc_ApiV02: I/<--- void globalEventCb(locClientHandleType, uint32_t, const locClientEventIndUnionType, void *) line 114 QMI_LOC_EVENT_POSITION_REPORT_IND_V02
10-02 02:37:40.662  2023  3575 E LocSvc_libulp: I/int ulp_brain_process_gnss_sv_report(const GnssSvStatus *), gnss sv report cnt = 119, gnss pos report cnt = 1,strong sv cnt = 0
10-02 02:37:40.662  2023  3575 E LocSvc_libulp: I/int ulp_brain_process_gnss_position_report(enum loc_sess_status, LocPosTechMask, UlpLocation *, const GpsLocationExtended *, const void *), transition provider returned = 0
10-02 02:37:40.662  2023  3575 E LocSvc_libulp: I/int ulp_brain_process_gnss_position_report(enum loc_sess_status, LocPosTechMask, UlpLocation *, const GpsLocationExtended *, const void *), report GNSS position/status to hybrid fix requests = 0
10-02 02:37:40.662  2023  2793 E LocSvc_eng: E/Calling gnss_sv_status_cb
10-02 02:37:41.022  2023  2023 I MQoS    : onSignal: mSubId=1,currDataSubID=1
10-02 02:37:41.022  2023  2034 I SendBroadcastPermission: action:android.intent.action.SIG_STR, mPermissionType:0
10-02 02:37:41.022  2023  2023 I MQoS    : received cell-signal:5
