10-02 02:37:28.259 21100 21100 W ResourceType: For resource 0x7f1506ef, entry index(1775) is beyond type entryCount(263)
10-02 02:37:28.259 21100 21100 W ResourceType: For resource 0x7f150757, entry index(1879) is beyond type entryCount(263)
10-02 02:37:28.259 21100 21100 W ResourceType: For resource 0x7f150758, entry index(1880) is beyond type entryCount(263)
10-02 02:37:28.259 21100 21100 W ResourceType: For resource 0x7f15075c, entry index(1884) is beyond type entryCount(263)
10-02 02:37:28.259 21100 21100 W ResourceType: For resource 0x7f15075c, entry index(1884) is beyond type entryCount(263)
10-02 02:37:28.259 21100 21100 W ResourceType: For resource 0x7f15075c, entry index(1884) is beyond type entryCount(263)
10-02 02:37:28.259 21100 21100 W ResourceType: For resource 0x7f15075c, entry index(1884) is beyond type entryCount(263)
10-02 02:37:28.259 21100 21100 W ResourceType: For resource 0x7f15075f, entry index(1887) is beyond type entryCount(263)
10-02 02:37:28.259 21100 21100 W ResourceType: For resource 0x7f150616, entry index(1558) is beyond type entryCount(263)
10-02 02:37:28.259 21100 21100 W ResourceType: For resource 0x7f15023e, entry index(574) is beyond type entryCount(263)
10-02 02:37:28.259 21100 21100 W ResourceType: For resource 0x7f150766, entry index(1894) is beyond type entryCount(263)
10-02 02:37:28.259 21100 21100 W ResourceType: For resource 0x7f150767, entry index(1895) is beyond type entryCount(263)
10-02 02:37:28.259 21100 21100 W ResourceType: For resource 0x7f15077e, entry index(1918) is beyond type entryCount(263)
10-02 02:37:28.259 21100 21100 W ResourceType: For resource 0x7f15077f, entry index(1919) is beyond type entryCount(263)
10-02 02:37:28.259 21100 21100 W ResourceType: For resource 0x7f150378, entry index(888) is beyond type entryCount(263)
10-02 02:37:28.259 21100 21100 W ResourceType: For resource 0x7f150397, entry index(919) is beyond type entryCount(263)
10-02 02:37:28.259 21100 21100 W ResourceType: For resource 0x7f15077c, entry index(1916) is beyond type entryCount(263)
10-02 02:37:28.259 21100 21100 W ResourceType: For resource 0x7f15078d, entry index(1933) is beyond type entryCount(263)
10-02 02:37:28.259 21100 21100 W ResourceType: For resource 0x7f150765, entry index(1893) is beyond type entryCount(263)
10-02 02:37:28.259 21100 21100 W ResourceType: For resource 0x7f150763, entry index(1891) is beyond type entryCount(263)
10-02 02:37:28.259 21100 21100 W ResourceType: For resource 0x7f1504ad, entry index(1197) is beyond type entryCount(263)
10-02 02:37:28.259 21100 21100 W ResourceType: For resource 0x7f150496, entry index(1174) is beyond type entryCount(263)
10-02 02:37:28.259 21100 21100 W ResourceType: For resource 0x7f1504ad, entry index(1197) is beyond type entryCount(263)
10-02 02:37:28.259 21100 21100 W ResourceType: For resource 0x7f1504c0, entry index(1216) is beyond type entryCount(263)
10-02 02:37:28.259 21100 21100 W ResourceType: For resource 0x7f1504a9, entry index(1193) is beyond type entryCount(263)
10-02 02:37:28.259 21100 21100 W ResourceType: For resource 0x7f1504aa, entry index(1194) is beyond type entryCount(263)
10-02 02:37:28.259 21100 21100 W ResourceType: For resource 0x7f15068a, entry index(1674) is beyond type entryCount(263)
10-02 02:37:28.259 21100 21100 W ResourceType: For resource 0x7f1508d3, entry index(2259) is beyond type entryCount(263)
10-02 02:37:28.260 21100 21100 W ResourceType: For resource 0x7f070fb9, entry index(4025) is beyond type entryCount(1696)
10-02 02:37:28.260 21100 21100 W ResourceType: For resource 0x7f070fb9, entry index(4025) is beyond type entryCount(1696)
10-02 02:37:28.260 21100 21100 W ResourceType: For resource 0x7f15071a, entry index(1818) is beyond type entryCount(263)
10-02 02:37:28.261 21100 21100 W ResourceType: For resource 0x7f0712f0, entry index(4848) is beyond type entryCount(1696)
10-02 02:37:28.261 21100 21100 W ResourceType: For resource 0x7f071301, entry index(4865) is beyond type entryCount(1696)
10-02 02:37:28.261 21100 21100 W ResourceType: For resource 0x7f0712ec, entry index(4844) is beyond type entryCount(1696)
10-02 02:37:28.261 21100 21100 W ResourceType: For resource 0x7f15071a, entry index(1818) is beyond type entryCount(263)
10-02 02:37:28.261 21100 21100 W ResourceType: For resource 0x7f070fb9, entry index(4025) is beyond type entryCount(1696)
10-02 02:37:28.261 21100 21100 W ResourceType: For resource 0x7f15076b, entry index(1899) is beyond type entryCount(263)
10-02 02:37:28.262 21100 21100 W ResourceType: For resource 0x7f15076f, entry index(1903) is beyond type entryCount(263)
10-02 02:37:28.262 21100 21100 W ResourceType: For resource 0x7f15076d, entry index(1901) is beyond type entryCount(263)
10-02 02:37:28.262 21100 21100 W ResourceType: For resource 0x7f150341, entry index(833) is beyond type entryCount(263)
10-02 02:37:28.262 21100 21100 W ResourceType: For resource 0x7f15077d, entry index(1917) is beyond type entryCount(263)
10-02 02:37:28.262 21100 21100 W ResourceType: For resource 0x7f1504ef, entry index(1263) is beyond type entryCount(263)
10-02 02:37:28.262 21100 21100 W ResourceType: For resource 0x7f150754, entry index(1876) is beyond type entryCount(263)
10-02 02:37:28.262 21100 21100 W ResourceType: For resource 0x7f1506fe, entry index(1790) is beyond type entryCount(263)
10-02 02:37:28.262 21100 21100 W ResourceType: For resource 0x7f1506ff, entry index(1791) is beyond type entryCount(263)
10-02 02:37:28.262 21100 21100 W ResourceType: For resource 0x7f15074d, entry index(1869) is beyond type entryCount(263)
10-02 02:37:28.262 21100 21100 W ResourceType: For resource 0x7f1506ef, entry index(1775) is beyond type entryCount(263)
10-02 02:37:28.262 21100 21100 W ResourceType: For resource 0x7f150757, entry index(1879) is beyond type entryCount(263)
10-02 02:37:28.262 21100 21100 W ResourceType: For resource 0x7f150758, entry index(1880) is beyond type entryCount(263)
10-02 02:37:28.262 21100 21100 W ResourceType: For resource 0x7f15075c, entry index(1884) is beyond type entryCount(263)
10-02 02:37:28.262 21100 21100 W ResourceType: For resource 0x7f15075c, entry index(1884) is beyond type entryCount(263)
10-02 02:37:28.262 21100 21100 W ResourceType: For resource 0x7f15075c, entry index(1884) is beyond type entryCount(263)
10-02 02:37:28.262 21100 21100 W ResourceType: For resource 0x7f15075c, entry index(1884) is beyond type entryCount(263)
10-02 02:37:28.262 21100 21100 W ResourceType: For resource 0x7f15075f, entry index(1887) is beyond type entryCount(263)
10-02 02:37:28.262 21100 21100 W ResourceType: For resource 0x7f150616, entry index(1558) is beyond type entryCount(263)
10-02 02:37:28.262 21100 21100 W ResourceType: For resource 0x7f15023e, entry index(574) is beyond type entryCount(263)
10-02 02:37:28.262 21100 21100 W ResourceType: For resource 0x7f150766, entry index(1894) is beyond type entryCount(263)
10-02 02:37:28.262 21100 21100 W ResourceType: For resource 0x7f150767, entry index(1895) is beyond type entryCount(263)
10-02 02:37:28.263 21100 21100 W ResourceType: For resource 0x7f15077e, entry index(1918) is beyond type entryCount(263)
10-02 02:37:28.263 21100 21100 W ResourceType: For resource 0x7f15077f, entry index(1919) is beyond type entryCount(263)
10-02 02:37:28.263 21100 21100 W ResourceType: For resource 0x7f150378, entry index(888) is beyond type entryCount(263)
10-02 02:37:28.263 21100 21100 W ResourceType: For resource 0x7f150397, entry index(919) is beyond type entryCount(263)
10-02 02:37:28.263 21100 21100 W ResourceType: For resource 0x7f15077c, entry index(1916) is beyond type entryCount(263)
10-02 02:37:28.263 21100 21100 W ResourceType: For resource 0x7f15078d, entry index(1933) is beyond type entryCount(263)
10-02 02:37:28.263 21100 21100 W ResourceType: For resource 0x7f150765, entry index(1893) is beyond type entryCount(263)
10-02 02:37:28.263 21100 21100 W ResourceType: For resource 0x7f150763, entry index(1891) is beyond type entryCount(263)
10-02 02:37:28.263 21100 21100 W ResourceType: For resource 0x7f1504ad, entry index(1197) is beyond type entryCount(263)
10-02 02:37:28.263 21100 21100 W ResourceType: For resource 0x7f150496, entry index(1174) is beyond type entryCount(263)
10-02 02:37:28.263 21100 21100 W ResourceType: For resource 0x7f1504ad, entry index(1197) is beyond type entryCount(263)
10-02 02:37:28.263 21100 21100 W ResourceType: For resource 0x7f1504c0, entry index(1216) is beyond type entryCount(263)
10-02 02:37:28.263 21100 21100 W ResourceType: For resource 0x7f1504a9, entry index(1193) is beyond type entryCount(263)
10-02 02:37:28.263 21100 21100 W ResourceType: For resource 0x7f1504aa, entry index(1194) is beyond type entryCount(263)
10-02 02:37:28.263 21100 21100 W ResourceType: For resource 0x7f15068a, entry index(1674) is beyond type entryCount(263)
10-02 02:37:28.263 21100 21100 W ResourceType: For resource 0x7f1508d3, entry index(2259) is beyond type entryCount(263)
10-02 02:37:28.263 21100 21100 W ResourceType: For resource 0x7f15071a, entry index(1818) is beyond type entryCount(263)
10-02 02:37:28.263 21100 21100 W ResourceType: For resource 0x7f0712f0, entry index(4848) is beyond type entryCount(1696)
10-02 02:37:28.263 21100 21100 W ResourceType: For resource 0x7f071301, entry index(4865) is beyond type entryCount(1696)
10-02 02:37:28.263 21100 21100 W ResourceType: For resource 0x7f071301, entry index(4865) is beyond type entryCount(1696)
10-02 02:37:28.263 21100 21100 W ResourceType: For resource 0x7f071301, entry index(4865) is beyond type entryCount(1696)
10-02 02:37:28.263 21100 21100 W ResourceType: For resource 0x7f071301, entry index(4865) is beyond type entryCount(1696)
10-02 02:37:28.263 21100 21100 W ResourceType: For resource 0x7f15071a, entry index(1818) is beyond type entryCount(263)
10-02 02:37:28.263 21100 21100 W ResourceType: For resource 0x7f15071a, entry index(1818) is beyond type entryCount(263)
10-02 02:37:28.263 21100 21100 W ResourceType: For resource 0x7f15071a, entry index(1818) is beyond type entryCount(263)
10-02 02:37:28.265 21100 21100 W ResourceType: For resource 0x7f07134b, entry index(4939) is beyond type entryCount(1696)
10-02 02:37:28.265 21100 21100 W ResourceType: For resource 0x7f071357, entry index(4951) is beyond type entryCount(1696)
10-02 02:37:28.265 21100 21100 W ResourceType: For resource 0x7f071350, entry index(4944) is beyond type entryCount(1696)
10-02 02:37:28.265 21100 21100 W ResourceType: For resource 0x7f07134b, entry index(4939) is beyond type entryCount(1696)
10-02 02:37:28.265 21100 21100 W ResourceType: For resource 0x7f071357, entry index(4951) is beyond type entryCount(1696)
10-02 02:37:28.265 21100 21100 W ResourceType: For resource 0x7f071350, entry index(4944) is beyond type entryCount(1696)
10-02 02:37:28.266 21100 21100 W ResourceType: For resource 0x7f071340, entry index(4928) is beyond type entryCount(1696)
10-02 02:37:28.266 21100 21100 W ResourceType: For resource 0x7f07133d, entry index(4925) is beyond type entryCount(1696)
10-02 02:37:28.267 21100 21100 W ResourceType: For resource 0x7f07134b, entry index(4939) is beyond type entryCount(1696)
10-02 02:37:28.267 21100 21100 W ResourceType: For resource 0x7f071357, entry index(4951) is beyond type entryCount(1696)
10-02 02:37:28.267 21100 21100 W ResourceType: For resource 0x7f071350, entry index(4944) is beyond type entryCount(1696)
10-02 02:37:28.267 21100 21100 W ResourceType: For resource 0x7f071344, entry index(4932) is beyond type entryCount(1696)
10-02 02:37:28.267 21100 21100 W ResourceType: For resource 0x7f071338, entry index(4920) is beyond type entryCount(1696)
10-02 02:37:28.267 21100 21100 W ResourceType: For resource 0x7f071340, entry index(4928) is beyond type entryCount(1696)
10-02 02:37:28.267 21100 21100 W ResourceType: For resource 0x7f07133d, entry index(4925) is beyond type entryCount(1696)
10-02 02:37:28.292   784  1016 W JankService: virtual bool android::JankManualDumpLogAnalyser::processEntry(android::LogEntry *, int, bool), not beta version or commercial log off
10-02 02:37:28.335 21100 21100 W ResourceType: For resource 0x7f071041, entry index(4161) is beyond type entryCount(1696)
10-02 02:37:28.335 21100 21100 W ResourceType: For resource 0x7f071042, entry index(4162) is beyond type entryCount(1696)
10-02 02:37:28.338 21100 21100 W ResourceType: For resource 0x7f071041, entry index(4161) is beyond type entryCount(1696)
10-02 02:37:28.338 21100 21100 W ResourceType: For resource 0x7f071042, entry index(4162) is beyond type entryCount(1696)
10-02 02:37:28.356 21100 21100 W ResourceType: For resource 0x7f071340, entry index(4928) is beyond type entryCount(1696)
10-02 02:37:28.356 21100 21100 W ResourceType: For resource 0x7f07133d, entry index(4925) is beyond type entryCount(1696)
10-02 02:37:28.356 21100 21100 W ResourceType: For resource 0x7f07134b, entry index(4939) is beyond type entryCount(1696)
10-02 02:37:28.356 21100 21100 W ResourceType: For resource 0x7f071357, entry index(4951) is beyond type entryCount(1696)
10-02 02:37:28.356 21100 21100 W ResourceType: For resource 0x7f071350, entry index(4944) is beyond type entryCount(1696)
10-02 02:37:28.356 21100 21100 W ResourceType: For resource 0x7f071344, entry index(4932) is beyond type entryCount(1696)
10-02 02:37:28.356 21100 21100 W ResourceType: For resource 0x7f071338, entry index(4920) is beyond type entryCount(1696)
10-02 02:37:28.356 21100 21100 W ResourceType: For resource 0x7f071340, entry index(4928) is beyond type entryCount(1696)
10-02 02:37:28.356 21100 21100 W ResourceType: For resource 0x7f07133d, entry index(4925) is beyond type entryCount(1696)
10-02 02:37:28.357 21100 21100 W ResourceType: For resource 0x7f071340, entry index(4928) is beyond type entryCount(1696)
10-02 02:37:28.357 21100 21100 W ResourceType: For resource 0x7f07133d, entry index(4925) is beyond type entryCount(1696)
10-02 02:37:28.357 21100 21100 W ResourceType: For resource 0x7f07134b, entry index(4939) is beyond type entryCount(1696)
10-02 02:37:28.357 21100 21100 W ResourceType: For resource 0x7f071357, entry index(4951) is beyond type entryCount(1696)
10-02 02:37:28.357 21100 21100 W ResourceType: For resource 0x7f071350, entry index(4944) is beyond type entryCount(1696)
10-02 02:37:28.357 21100 21100 W ResourceType: For resource 0x7f071344, entry index(4932) is beyond type entryCount(1696)
10-02 02:37:28.357 21100 21100 W ResourceType: For resource 0x7f071338, entry index(4920) is beyond type entryCount(1696)
10-02 02:37:28.357 21100 21100 W ResourceType: For resource 0x7f071340, entry index(4928) is beyond type entryCount(1696)
10-02 02:37:28.357 21100 21100 W ResourceType: For resource 0x7f07133d, entry index(4925) is beyond type entryCount(1696)
10-02 02:37:28.358 21100 21100 W ResourceType: For resource 0x7f071340, entry index(4928) is beyond type entryCount(1696)
10-02 02:37:28.358 21100 21100 W ResourceType: For resource 0x7f07133d, entry index(4925) is beyond type entryCount(1696)
10-02 02:37:28.358 21100 21100 W ResourceType: For resource 0x7f07134b, entry index(4939) is beyond type entryCount(1696)
10-02 02:37:28.358 21100 21100 W ResourceType: For resource 0x7f071357, entry index(4951) is beyond type entryCount(1696)
10-02 02:37:28.358 21100 21100 W ResourceType: For resource 0x7f071350, entry index(4944) is beyond type entryCount(1696)
10-02 02:37:28.358 21100 21100 W ResourceType: For resource 0x7f071344, entry index(4932) is beyond type entryCount(1696)
10-02 02:37:28.358 21100 21100 W ResourceType: For resource 0x7f071338, entry index(4920) is beyond type entryCount(1696)
10-02 02:37:28.358 21100 21100 W ResourceType: For resource 0x7f071340, entry index(4928) is beyond type entryCount(1696)
10-02 02:37:28.358 21100 21100 W ResourceType: For resource 0x7f07133d, entry index(4925) is beyond type entryCount(1696)
10-02 02:37:28.360 21100 21110 I art     : Background sticky concurrent mark sweep GC freed 25789(1606KB) AllocSpace objects, 7(512KB) LOS objects, 4% free, 28MB/30MB, paused 11.222ms total 77.798ms
10-02 02:37:28.366 21100 21100 W ResourceType: For resource 0x7f071041, entry index(4161) is beyond type entryCount(1696)
10-02 02:37:28.367 21100 21100 W ResourceType: For resource 0x7f071042, entry index(4162) is beyond type entryCount(1696)
10-02 02:37:28.371 21100 21100 W ResourceType: For resource 0x7f071041, entry index(4161) is beyond type entryCount(1696)
10-02 02:37:28.371 21100 21100 W ResourceType: For resource 0x7f071042, entry index(4162) is beyond type entryCount(1696)
10-02 02:37:28.381 21100 21100 W ResourceType: For resource 0x7f071340, entry index(4928) is beyond type entryCount(1696)
10-02 02:37:28.381 21100 21100 W ResourceType: For resource 0x7f07133d, entry index(4925) is beyond type entryCount(1696)
10-02 02:37:28.381 21100 21100 W ResourceType: For resource 0x7f07134b, entry index(4939) is beyond type entryCount(1696)
10-02 02:37:28.381 21100 21100 W ResourceType: For resource 0x7f071357, entry index(4951) is beyond type entryCount(1696)
10-02 02:37:28.381 21100 21100 W ResourceType: For resource 0x7f071350, entry index(4944) is beyond type entryCount(1696)
10-02 02:37:28.381 21100 21100 W ResourceType: For resource 0x7f071344, entry index(4932) is beyond type entryCount(1696)
10-02 02:37:28.381 21100 21100 W ResourceType: For resource 0x7f071338, entry index(4920) is beyond type entryCount(1696)
10-02 02:37:28.381 21100 21100 W ResourceType: For resource 0x7f071340, entry index(4928) is beyond type entryCount(1696)
10-02 02:37:28.381 21100 21100 W ResourceType: For resource 0x7f07133d, entry index(4925) is beyond type entryCount(1696)
10-02 02:37:28.382 21100 21100 W ResourceType: For resource 0x7f071340, entry index(4928) is beyond type entryCount(1696)
10-02 02:37:28.382 21100 21100 W ResourceType: For resource 0x7f07133d, entry index(4925) is beyond type entryCount(1696)
10-02 02:37:28.382 21100 21100 W ResourceType: For resource 0x7f07134b, entry index(4939) is beyond type entryCount(1696)
10-02 02:37:28.382 21100 21100 W ResourceType: For resource 0x7f071357, entry index(4951) is beyond type entryCount(1696)
10-02 02:37:28.382 21100 21100 W ResourceType: For resource 0x7f071350, entry index(4944) is beyond type entryCount(1696)
10-02 02:37:28.382 21100 21100 W ResourceType: For resource 0x7f071344, entry index(4932) is beyond type entryCount(1696)
10-02 02:37:28.382 21100 21100 W ResourceType: For resource 0x7f071338, entry index(4920) is beyond type entryCount(1696)
10-02 02:37:28.382 21100 21100 W ResourceType: For resource 0x7f071340, entry index(4928) is beyond type entryCount(1696)
10-02 02:37:28.382 21100 21100 W ResourceType: For resource 0x7f07133d, entry index(4925) is beyond type entryCount(1696)
10-02 02:37:28.490  3443  3443 I HwLauncher: Launcher onStop()
10-02 02:37:28.547  2023  2037 W HwPolicyFactoryImpl: mAware is disable
10-02 02:37:28.564 21100  4275 I art     : Thread[90,tid=4275,Native,Thread*=0x7f93250e00,peer=0x337a1310,"pool-12-thread-1"] recursive attempt to load library "/data/data/com.whatsapp/files/decompressed/libs.spo/libfb.so"
10-02 02:37:28.592   780  2467 I MetadataRetrieverClient: MetadataRetrieverClient::setDataSource local file://?FileDescriptor=20&Offset=0&Length=10042735&Path=/storage/emulated/0/WhatsApp/Media/.Statuses/f383e947501d4987a7d42ba09df66db0.mp4
10-02 02:37:28.599   780  2467 W MediaExtractor: creating media extractor in calling process
10-02 02:37:28.608   780  2467 I MediaExtractor: extractor created in uid: 1013 (media)
10-02 02:37:28.624   780  2467 I MediaExtractor: extractor created in uid: 1013 (media)
10-02 02:37:28.644 21100 21110 I art     : Background partial concurrent mark sweep GC freed 78437(5MB) AllocSpace objects, 24(1756KB) LOS objects, 23% free, 25MB/33MB, paused 14.980ms total 248.418ms
10-02 02:37:28.651   780   780 I Utils   : vstride = 0,vsliceHeight = 0
10-02 02:37:28.652   780  4278 I MediaPlayerService: MediaPlayerService::getOMX
10-02 02:37:28.652   780  4278 I OMXMaster: makeComponentInstance(OMX.qcom.video.decoder.avc) in mediaserver process
10-02 02:37:28.683   780  4278 E         : Service not available yet
10-02 02:37:28.689   525  3332 E ANDR-PERF-MPCTL: Invalid profile no. 0, total profiles 0 only
10-02 02:37:28.689   780  4278 I OMX-VDEC-1080P: Video slvp perflock acquired
10-02 02:37:28.784   780  4278 I OMX-VDEC-1080P: component_init: OMX.qcom.video.decoder.avc : fd=20
10-02 02:37:28.789   780  4278 I OMX-VDEC-1080P: omx_vdec::component_init() success : fd=20
10-02 02:37:28.789   780  4278 I ACodec  : In onAllocateComponent create compenent, codec name: OMX.qcom.video.decoder.avc
10-02 02:37:28.790   780  4278 I HwExtendedCodec: mime is [video/avc] at setVideoFormat
10-02 02:37:28.790   780  4278 E OMX-VDEC-1080P: Extension: OMX.google.android.index.storeANWBufferInMetadata not implemented
10-02 02:37:28.790   780  4278 E OMX-VDEC-1080P: Extension: OMX.google.android.index.configureVideoTunnelMode not implemented
10-02 02:37:28.790   780  4278 E OMX-VDEC-1080P: Extension: OMX.google.android.index.useAndroidNativeBuffer is supported
10-02 02:37:28.790   780  4278 E OMXNodeInstance: getParameter(30c008c:qcom.decoder.avc, ??(0x7f000044)) ERROR: UnsupportedSetting(0x80001019)
10-02 02:37:28.790   780  4278 E OMXNodeInstance: getParameter(30c008c:qcom.decoder.avc, ??(0x7f000044)) ERROR: UnsupportedSetting(0x80001019)
10-02 02:37:28.805   780  4278 E C2DColorConvert: unknown format passed for luma alignment number
10-02 02:37:28.825   780  4278 E C2DColorConvert: unknown format passed for luma alignment number
10-02 02:37:28.825   780  4278 E C2DColorConvert: unknown format passed for luma alignment number
10-02 02:37:28.825   780  4278 E C2DColorConvert: unknown format passed for luma alignment number
10-02 02:37:28.840   780  4278 E C2DColorConvert: unknown format passed for luma alignment number
10-02 02:37:28.841   780  4278 E OMX-VDEC-1080P: Extension: OMX.google.android.index.describeHDRStaticInfo not implemented
10-02 02:37:28.856   780  4278 E C2DColorConvert: unknown format passed for luma alignment number
10-02 02:37:28.857   780  4278 E C2DColorConvert: unknown format passed for luma alignment number
10-02 02:37:28.857   780  4278 E OMXNodeInstance: getParameter(30c008c:qcom.decoder.avc, ??(0x7f000044)) ERROR: UnsupportedSetting(0x80001019)
10-02 02:37:28.882   780  4278 E C2DColorConvert: unknown format passed for luma alignment number
10-02 02:37:28.882   780  4278 E C2DColorConvert: unknown format passed for luma alignment number
10-02 02:37:28.891   780  4278 E OMX-VDEC-1080P: Extension: OMX.img.index.scalingdown not implemented
10-02 02:37:28.910   780  4278 E C2DColorConvert: unknown format passed for luma alignment number
10-02 02:37:28.910   780  4278 E C2DColorConvert: unknown format passed for luma alignment number
10-02 02:37:28.910   780  4278 E OMXNodeInstance: getParameter(30c008c:qcom.decoder.avc, ??(0x7f000044)) ERROR: UnsupportedSetting(0x80001019)
10-02 02:37:28.925   780  4278 E C2DColorConvert: unknown format passed for luma alignment number
10-02 02:37:28.925   780  4278 E C2DColorConvert: unknown format passed for luma alignment number
10-02 02:37:28.944   780  4288 E C2DColorConvert: unknown format passed for luma alignment number
10-02 02:37:28.951 21100 21100 W ResourceType: For resource 0x7f071046, entry index(4166) is beyond type entryCount(1696)
10-02 02:37:28.951 21100 21100 W ResourceType: For resource 0x7f071042, entry index(4162) is beyond type entryCount(1696)
10-02 02:37:28.951 21100 21100 W ResourceType: For resource 0x7f070fbf, entry index(4031) is beyond type entryCount(1696)
10-02 02:37:28.951 21100 21100 W ResourceType: For resource 0x7f15076b, entry index(1899) is beyond type entryCount(263)
10-02 02:37:28.951 21100 21100 W ResourceType: For resource 0x7f15076f, entry index(1903) is beyond type entryCount(263)
10-02 02:37:28.951 21100 21100 W ResourceType: For resource 0x7f15076d, entry index(1901) is beyond type entryCount(263)
10-02 02:37:28.951 21100 21100 W ResourceType: For resource 0x7f150341, entry index(833) is beyond type entryCount(263)
10-02 02:37:28.951 21100 21100 W ResourceType: For resource 0x7f15077d, entry index(1917) is beyond type entryCount(263)
10-02 02:37:28.951 21100 21100 W ResourceType: For resource 0x7f1504ef, entry index(1263) is beyond type entryCount(263)
10-02 02:37:28.951 21100 21100 W ResourceType: For resource 0x7f150754, entry index(1876) is beyond type entryCount(263)
10-02 02:37:28.951 21100 21100 W ResourceType: For resource 0x7f1506fe, entry index(1790) is beyond type entryCount(263)
10-02 02:37:28.951 21100 21100 W ResourceType: For resource 0x7f1506ff, entry index(1791) is beyond type entryCount(263)
10-02 02:37:28.951 21100 21100 W ResourceType: For resource 0x7f15074d, entry index(1869) is beyond type entryCount(263)
10-02 02:37:28.951 21100 21100 W ResourceType: For resource 0x7f1506ef, entry index(1775) is beyond type entryCount(263)
10-02 02:37:28.951 21100 21100 W ResourceType: For resource 0x7f150757, entry index(1879) is beyond type entryCount(263)
10-02 02:37:28.951 21100 21100 W ResourceType: For resource 0x7f150758, entry index(1880) is beyond type entryCount(263)
10-02 02:37:28.951 21100 21100 W ResourceType: For resource 0x7f15075c, entry index(1884) is beyond type entryCount(263)
10-02 02:37:28.951 21100 21100 W ResourceType: For resource 0x7f15075c, entry index(1884) is beyond type entryCount(263)
10-02 02:37:28.951 21100 21100 W ResourceType: For resource 0x7f15075c, entry index(1884) is beyond type entryCount(263)
10-02 02:37:28.951 21100 21100 W ResourceType: For resource 0x7f15075c, entry index(1884) is beyond type entryCount(263)
10-02 02:37:28.951 21100 21100 W ResourceType: For resource 0x7f15075f, entry index(1887) is beyond type entryCount(263)
10-02 02:37:28.951 21100 21100 W ResourceType: For resource 0x7f150616, entry index(1558) is beyond type entryCount(263)
10-02 02:37:28.951 21100 21100 W ResourceType: For resource 0x7f15023e, entry index(574) is beyond type entryCount(263)
10-02 02:37:28.951 21100 21100 W ResourceType: For resource 0x7f150766, entry index(1894) is beyond type entryCount(263)
10-02 02:37:28.951 21100 21100 W ResourceType: For resource 0x7f150767, entry index(1895) is beyond type entryCount(263)
10-02 02:37:28.951 21100 21100 W ResourceType: For resource 0x7f15077e, entry index(1918) is beyond type entryCount(263)
10-02 02:37:28.951 21100 21100 W ResourceType: For resource 0x7f15077f, entry index(1919) is beyond type entryCount(263)
10-02 02:37:28.952 21100 21100 W ResourceType: For resource 0x7f150378, entry index(888) is beyond type entryCount(263)
10-02 02:37:28.952 21100 21100 W ResourceType: For resource 0x7f150397, entry index(919) is beyond type entryCount(263)
10-02 02:37:28.952 21100 21100 W ResourceType: For resource 0x7f15077c, entry index(1916) is beyond type entryCount(263)
10-02 02:37:28.952 21100 21100 W ResourceType: For resource 0x7f15078d, entry index(1933) is beyond type entryCount(263)
10-02 02:37:28.952 21100 21100 W ResourceType: For resource 0x7f150765, entry index(1893) is beyond type entryCount(263)
10-02 02:37:28.952 21100 21100 W ResourceType: For resource 0x7f150763, entry index(1891) is beyond type entryCount(263)
10-02 02:37:28.952 21100 21100 W ResourceType: For resource 0x7f1504ad, entry index(1197) is beyond type entryCount(263)
10-02 02:37:28.952 21100 21100 W ResourceType: For resource 0x7f150496, entry index(1174) is beyond type entryCount(263)
10-02 02:37:28.952 21100 21100 W ResourceType: For resource 0x7f1504ad, entry index(1197) is beyond type entryCount(263)
10-02 02:37:28.952 21100 21100 W ResourceType: For resource 0x7f1504c0, entry index(1216) is beyond type entryCount(263)
10-02 02:37:28.952 21100 21100 W ResourceType: For resource 0x7f1504a9, entry index(1193) is beyond type entryCount(263)
10-02 02:37:28.952 21100 21100 W ResourceType: For resource 0x7f1504aa, entry index(1194) is beyond type entryCount(263)
10-02 02:37:28.952 21100 21100 W ResourceType: For resource 0x7f15068a, entry index(1674) is beyond type entryCount(263)
10-02 02:37:28.952 21100 21100 W ResourceType: For resource 0x7f1508d3, entry index(2259) is beyond type entryCount(263)
10-02 02:37:28.952 21100 21100 W ResourceType: For resource 0x7f150478, entry index(1144) is beyond type entryCount(263)
10-02 02:37:28.952 21100 21100 W ResourceType: For resource 0x7f150478, entry index(1144) is beyond type entryCount(263)
10-02 02:37:28.953 21100 21100 W ResourceType: For resource 0x7f071043, entry index(4163) is beyond type entryCount(1696)
10-02 02:37:28.953 21100 21100 W ResourceType: For resource 0x7f15076b, entry index(1899) is beyond type entryCount(263)
10-02 02:37:28.953 21100 21100 W ResourceType: For resource 0x7f15076f, entry index(1903) is beyond type entryCount(263)
10-02 02:37:28.953 21100 21100 W ResourceType: For resource 0x7f15076d, entry index(1901) is beyond type entryCount(263)
10-02 02:37:28.953 21100 21100 W ResourceType: For resource 0x7f150341, entry index(833) is beyond type entryCount(263)
10-02 02:37:28.953 21100 21100 W ResourceType: For resource 0x7f15077d, entry index(1917) is beyond type entryCount(263)
10-02 02:37:28.953 21100 21100 W ResourceType: For resource 0x7f1504ef, entry index(1263) is beyond type entryCount(263)
10-02 02:37:28.953 21100 21100 W ResourceType: For resource 0x7f150754, entry index(1876) is beyond type entryCount(263)
10-02 02:37:28.953 21100 21100 W ResourceType: For resource 0x7f1506fe, entry index(1790) is beyond type entryCount(263)
10-02 02:37:28.954 21100 21100 W ResourceType: For resource 0x7f1506ff, entry index(1791) is beyond type entryCount(263)
10-02 02:37:28.954 21100 21100 W ResourceType: For resource 0x7f15074d, entry index(1869) is beyond type entryCount(263)
10-02 02:37:28.954 21100 21100 W ResourceType: For resource 0x7f1506ef, entry index(1775) is beyond type entryCount(263)
10-02 02:37:28.954 21100 21100 W ResourceType: For resource 0x7f150757, entry index(1879) is beyond type entryCount(263)
10-02 02:37:28.954 21100 21100 W ResourceType: For resource 0x7f150758, entry index(1880) is beyond type entryCount(263)
10-02 02:37:28.954 21100 21100 W ResourceType: For resource 0x7f15075c, entry index(1884) is beyond type entryCount(263)
10-02 02:37:28.954 21100 21100 W ResourceType: For resource 0x7f15075c, entry index(1884) is beyond type entryCount(263)
10-02 02:37:28.954 21100 21100 W ResourceType: For resource 0x7f15075c, entry index(1884) is beyond type entryCount(263)
10-02 02:37:28.954 21100 21100 W ResourceType: For resource 0x7f15075c, entry index(1884) is beyond type entryCount(263)
10-02 02:37:28.954 21100 21100 W ResourceType: For resource 0x7f15075f, entry index(1887) is beyond type entryCount(263)
10-02 02:37:28.954 21100 21100 W ResourceType: For resource 0x7f150616, entry index(1558) is beyond type entryCount(263)
10-02 02:37:28.954 21100 21100 W ResourceType: For resource 0x7f15023e, entry index(574) is beyond type entryCount(263)
10-02 02:37:28.954 21100 21100 W ResourceType: For resource 0x7f150766, entry index(1894) is beyond type entryCount(263)
10-02 02:37:28.954 21100 21100 W ResourceType: For resource 0x7f150767, entry index(1895) is beyond type entryCount(263)
10-02 02:37:28.954 21100 21100 W ResourceType: For resource 0x7f15077e, entry index(1918) is beyond type entryCount(263)
10-02 02:37:28.954 21100 21100 W ResourceType: For resource 0x7f15077f, entry index(1919) is beyond type entryCount(263)
10-02 02:37:28.954 21100 21100 W ResourceType: For resource 0x7f150378, entry index(888) is beyond type entryCount(263)
10-02 02:37:28.954 21100 21100 W ResourceType: For resource 0x7f150397, entry index(919) is beyond type entryCount(263)
10-02 02:37:28.954 21100 21100 W ResourceType: For resource 0x7f15077c, entry index(1916) is beyond type entryCount(263)
10-02 02:37:28.954 21100 21100 W ResourceType: For resource 0x7f15078d, entry index(1933) is beyond type entryCount(263)
10-02 02:37:28.954 21100 21100 W ResourceType: For resource 0x7f150765, entry index(1893) is beyond type entryCount(263)
10-02 02:37:28.954 21100 21100 W ResourceType: For resource 0x7f150763, entry index(1891) is beyond type entryCount(263)
10-02 02:37:28.954 21100 21100 W ResourceType: For resource 0x7f1504ad, entry index(1197) is beyond type entryCount(263)
10-02 02:37:28.954 21100 21100 W ResourceType: For resource 0x7f150496, entry index(1174) is beyond type entryCount(263)
10-02 02:37:28.954 21100 21100 W ResourceType: For resource 0x7f1504ad, entry index(1197) is beyond type entryCount(263)
10-02 02:37:28.954 21100 21100 W ResourceType: For resource 0x7f1504c0, entry index(1216) is beyond type entryCount(263)
10-02 02:37:28.954 21100 21100 W ResourceType: For resource 0x7f1504a9, entry index(1193) is beyond type entryCount(263)
10-02 02:37:28.954 21100 21100 W ResourceType: For resource 0x7f1504aa, entry index(1194) is beyond type entryCount(263)
10-02 02:37:28.954 21100 21100 W ResourceType: For resource 0x7f15068a, entry index(1674) is beyond type entryCount(263)
10-02 02:37:28.954 21100 21100 W ResourceType: For resource 0x7f1508d3, entry index(2259) is beyond type entryCount(263)
10-02 02:37:28.954 21100 21100 W ResourceType: For resource 0x7f150478, entry index(1144) is beyond type entryCount(263)
10-02 02:37:28.955 21100 21100 W ResourceType: For resource 0x7f150478, entry index(1144) is beyond type entryCount(263)
10-02 02:37:28.955 21100 21100 W ResourceType: For resource 0x7f071043, entry index(4163) is beyond type entryCount(1696)
10-02 02:37:28.955   780  4278 E C2DColorConvert: unknown format passed for luma alignment number
10-02 02:37:28.955   780  4278 E C2DColorConvert: unknown format passed for luma alignment number
10-02 02:37:28.956   780  4278 E OMXNodeInstance: getParameter(30c008c:qcom.decoder.avc, ??(0x7f000044)) ERROR: UnsupportedSetting(0x80001019)
10-02 02:37:28.956 21100 21100 W ResourceType: For resource 0x7f15076b, entry index(1899) is beyond type entryCount(263)
10-02 02:37:28.956 21100 21100 W ResourceType: For resource 0x7f15076f, entry index(1903) is beyond type entryCount(263)
10-02 02:37:28.956 21100 21100 W ResourceType: For resource 0x7f15076d, entry index(1901) is beyond type entryCount(263)
10-02 02:37:28.956 21100 21100 W ResourceType: For resource 0x7f150341, entry index(833) is beyond type entryCount(263)
10-02 02:37:28.956 21100 21100 W ResourceType: For resource 0x7f15077d, entry index(1917) is beyond type entryCount(263)
10-02 02:37:28.956 21100 21100 W ResourceType: For resource 0x7f1504ef, entry index(1263) is beyond type entryCount(263)
10-02 02:37:28.956 21100 21100 W ResourceType: For resource 0x7f150754, entry index(1876) is beyond type entryCount(263)
10-02 02:37:28.956 21100 21100 W ResourceType: For resource 0x7f1506fe, entry index(1790) is beyond type entryCount(263)
10-02 02:37:28.956 21100 21100 W ResourceType: For resource 0x7f1506ff, entry index(1791) is beyond type entryCount(263)
10-02 02:37:28.956 21100 21100 W ResourceType: For resource 0x7f15074d, entry index(1869) is beyond type entryCount(263)
10-02 02:37:28.956 21100 21100 W ResourceType: For resource 0x7f1506ef, entry index(1775) is beyond type entryCount(263)
10-02 02:37:28.956 21100 21100 W ResourceType: For resource 0x7f150757, entry index(1879) is beyond type entryCount(263)
10-02 02:37:28.956 21100 21100 W ResourceType: For resource 0x7f150758, entry index(1880) is beyond type entryCount(263)
10-02 02:37:28.956 21100 21100 W ResourceType: For resource 0x7f15075c, entry index(1884) is beyond type entryCount(263)
10-02 02:37:28.956 21100 21100 W ResourceType: For resource 0x7f15075c, entry index(1884) is beyond type entryCount(263)
10-02 02:37:28.956 21100 21100 W ResourceType: For resource 0x7f15075c, entry index(1884) is beyond type entryCount(263)
10-02 02:37:28.956 21100 21100 W ResourceType: For resource 0x7f15075c, entry index(1884) is beyond type entryCount(263)
10-02 02:37:28.956 21100 21100 W ResourceType: For resource 0x7f15075f, entry index(1887) is beyond type entryCount(263)
10-02 02:37:28.956 21100 21100 W ResourceType: For resource 0x7f150616, entry index(1558) is beyond type entryCount(263)
10-02 02:37:28.956 21100 21100 W ResourceType: For resource 0x7f15023e, entry index(574) is beyond type entryCount(263)
10-02 02:37:28.956 21100 21100 W ResourceType: For resource 0x7f150766, entry index(1894) is beyond type entryCount(263)
10-02 02:37:28.956 21100 21100 W ResourceType: For resource 0x7f150767, entry index(1895) is beyond type entryCount(263)
10-02 02:37:28.956 21100 21100 W ResourceType: For resource 0x7f15077e, entry index(1918) is beyond type entryCount(263)
10-02 02:37:28.956 21100 21100 W ResourceType: For resource 0x7f15077f, entry index(1919) is beyond type entryCount(263)
10-02 02:37:28.956 21100 21100 W ResourceType: For resource 0x7f150378, entry index(888) is beyond type entryCount(263)
10-02 02:37:28.956 21100 21100 W ResourceType: For resource 0x7f150397, entry index(919) is beyond type entryCount(263)
10-02 02:37:28.957 21100 21100 W ResourceType: For resource 0x7f15077c, entry index(1916) is beyond type entryCount(263)
10-02 02:37:28.957 21100 21100 W ResourceType: For resource 0x7f15078d, entry index(1933) is beyond type entryCount(263)
10-02 02:37:28.957 21100 21100 W ResourceType: For resource 0x7f150765, entry index(1893) is beyond type entryCount(263)
10-02 02:37:28.957 21100 21100 W ResourceType: For resource 0x7f150763, entry index(1891) is beyond type entryCount(263)
10-02 02:37:28.957 21100 21100 W ResourceType: For resource 0x7f1504ad, entry index(1197) is beyond type entryCount(263)
10-02 02:37:28.957 21100 21100 W ResourceType: For resource 0x7f150496, entry index(1174) is beyond type entryCount(263)
10-02 02:37:28.957 21100 21100 W ResourceType: For resource 0x7f1504ad, entry index(1197) is beyond type entryCount(263)
10-02 02:37:28.957 21100 21100 W ResourceType: For resource 0x7f1504c0, entry index(1216) is beyond type entryCount(263)
10-02 02:37:28.957 21100 21100 W ResourceType: For resource 0x7f1504a9, entry index(1193) is beyond type entryCount(263)
10-02 02:37:28.957 21100 21100 W ResourceType: For resource 0x7f1504aa, entry index(1194) is beyond type entryCount(263)
10-02 02:37:28.957 21100 21100 W ResourceType: For resource 0x7f15068a, entry index(1674) is beyond type entryCount(263)
10-02 02:37:28.957 21100 21100 W ResourceType: For resource 0x7f1508d3, entry index(2259) is beyond type entryCount(263)
10-02 02:37:28.957 21100 21100 W ResourceType: For resource 0x7f070fb9, entry index(4025) is beyond type entryCount(1696)
10-02 02:37:28.957 21100 21100 W ResourceType: For resource 0x7f070fb9, entry index(4025) is beyond type entryCount(1696)
10-02 02:37:28.957 21100 21100 W ResourceType: For resource 0x7f15071a, entry index(1818) is beyond type entryCount(263)
10-02 02:37:28.957 21100 21100 W ResourceType: For resource 0x7f0712f0, entry index(4848) is beyond type entryCount(1696)
10-02 02:37:28.958 21100 21100 W ResourceType: For resource 0x7f071301, entry index(4865) is beyond type entryCount(1696)
10-02 02:37:28.958 21100 21100 W ResourceType: For resource 0x7f0712ec, entry index(4844) is beyond type entryCount(1696)
10-02 02:37:28.958 21100 21100 W ResourceType: For resource 0x7f15071a, entry index(1818) is beyond type entryCount(263)
10-02 02:37:28.958 21100 21100 W ResourceType: For resource 0x7f070fb9, entry index(4025) is beyond type entryCount(1696)
10-02 02:37:28.958 21100 21100 W ResourceType: For resource 0x7f15076b, entry index(1899) is beyond type entryCount(263)
10-02 02:37:28.958 21100 21100 W ResourceType: For resource 0x7f15076f, entry index(1903) is beyond type entryCount(263)
10-02 02:37:28.958 21100 21100 W ResourceType: For resource 0x7f15076d, entry index(1901) is beyond type entryCount(263)
10-02 02:37:28.958 21100 21100 W ResourceType: For resource 0x7f150341, entry index(833) is beyond type entryCount(263)
10-02 02:37:28.958 21100 21100 W ResourceType: For resource 0x7f15077d, entry index(1917) is beyond type entryCount(263)
10-02 02:37:28.958 21100 21100 W ResourceType: For resource 0x7f1504ef, entry index(1263) is beyond type entryCount(263)
10-02 02:37:28.959 21100 21100 W ResourceType: For resource 0x7f150754, entry index(1876) is beyond type entryCount(263)
10-02 02:37:28.959 21100 21100 W ResourceType: For resource 0x7f1506fe, entry index(1790) is beyond type entryCount(263)
10-02 02:37:28.959 21100 21100 W ResourceType: For resource 0x7f1506ff, entry index(1791) is beyond type entryCount(263)
10-02 02:37:28.959 21100 21100 W ResourceType: For resource 0x7f15074d, entry index(1869) is beyond type entryCount(263)
10-02 02:37:28.959 21100 21100 W ResourceType: For resource 0x7f1506ef, entry index(1775) is beyond type entryCount(263)
10-02 02:37:28.959 21100 21100 W ResourceType: For resource 0x7f150757, entry index(1879) is beyond type entryCount(263)
10-02 02:37:28.959 21100 21100 W ResourceType: For resource 0x7f150758, entry index(1880) is beyond type entryCount(263)
10-02 02:37:28.959 21100 21100 W ResourceType: For resource 0x7f15075c, entry index(1884) is beyond type entryCount(263)
10-02 02:37:28.959 21100 21100 W ResourceType: For resource 0x7f15075c, entry index(1884) is beyond type entryCount(263)
10-02 02:37:28.959 21100 21100 W ResourceType: For resource 0x7f15075c, entry index(1884) is beyond type entryCount(263)
10-02 02:37:28.959 21100 21100 W ResourceType: For resource 0x7f15075c, entry index(1884) is beyond type entryCount(263)
10-02 02:37:28.959 21100 21100 W ResourceType: For resource 0x7f15075f, entry index(1887) is beyond type entryCount(263)
10-02 02:37:28.959 21100 21100 W ResourceType: For resource 0x7f150616, entry index(1558) is beyond type entryCount(263)
10-02 02:37:28.959 21100 21100 W ResourceType: For resource 0x7f15023e, entry index(574) is beyond type entryCount(263)
10-02 02:37:28.959 21100 21100 W ResourceType: For resource 0x7f150766, entry index(1894) is beyond type entryCount(263)
10-02 02:37:28.959 21100 21100 W ResourceType: For resource 0x7f150767, entry index(1895) is beyond type entryCount(263)
10-02 02:37:28.959 21100 21100 W ResourceType: For resource 0x7f15077e, entry index(1918) is beyond type entryCount(263)
10-02 02:37:28.959 21100 21100 W ResourceType: For resource 0x7f15077f, entry index(1919) is beyond type entryCount(263)
10-02 02:37:28.959 21100 21100 W ResourceType: For resource 0x7f150378, entry index(888) is beyond type entryCount(263)
10-02 02:37:28.959 21100 21100 W ResourceType: For resource 0x7f150397, entry index(919) is beyond type entryCount(263)
10-02 02:37:28.959 21100 21100 W ResourceType: For resource 0x7f15077c, entry index(1916) is beyond type entryCount(263)
10-02 02:37:28.959 21100 21100 W ResourceType: For resource 0x7f15078d, entry index(1933) is beyond type entryCount(263)
10-02 02:37:28.959 21100 21100 W ResourceType: For resource 0x7f150765, entry index(1893) is beyond type entryCount(263)
10-02 02:37:28.959 21100 21100 W ResourceType: For resource 0x7f150763, entry index(1891) is beyond type entryCount(263)
10-02 02:37:28.959 21100 21100 W ResourceType: For resource 0x7f1504ad, entry index(1197) is beyond type entryCount(263)
10-02 02:37:28.959 21100 21100 W ResourceType: For resource 0x7f150496, entry index(1174) is beyond type entryCount(263)
10-02 02:37:28.959 21100 21100 W ResourceType: For resource 0x7f1504ad, entry index(1197) is beyond type entryCount(263)
10-02 02:37:28.959 21100 21100 W ResourceType: For resource 0x7f1504c0, entry index(1216) is beyond type entryCount(263)
10-02 02:37:28.959 21100 21100 W ResourceType: For resource 0x7f1504a9, entry index(1193) is beyond type entryCount(263)
10-02 02:37:28.959 21100 21100 W ResourceType: For resource 0x7f1504aa, entry index(1194) is beyond type entryCount(263)
10-02 02:37:28.959 21100 21100 W ResourceType: For resource 0x7f15068a, entry index(1674) is beyond type entryCount(263)
10-02 02:37:28.959 21100 21100 W ResourceType: For resource 0x7f1508d3, entry index(2259) is beyond type entryCount(263)
10-02 02:37:28.959 21100 21100 W ResourceType: For resource 0x7f15071a, entry index(1818) is beyond type entryCount(263)
10-02 02:37:28.959 21100 21100 W ResourceType: For resource 0x7f0712f0, entry index(4848) is beyond type entryCount(1696)
10-02 02:37:28.959 21100 21100 W ResourceType: For resource 0x7f071301, entry index(4865) is beyond type entryCount(1696)
10-02 02:37:28.959 21100 21100 W ResourceType: For resource 0x7f071301, entry index(4865) is beyond type entryCount(1696)
10-02 02:37:28.959 21100 21100 W ResourceType: For resource 0x7f071301, entry index(4865) is beyond type entryCount(1696)
10-02 02:37:28.959 21100 21100 W ResourceType: For resource 0x7f071301, entry index(4865) is beyond type entryCount(1696)
10-02 02:37:28.960 21100 21100 W ResourceType: For resource 0x7f15071a, entry index(1818) is beyond type entryCount(263)
10-02 02:37:28.960 21100 21100 W ResourceType: For resource 0x7f15071a, entry index(1818) is beyond type entryCount(263)
10-02 02:37:28.960 21100 21100 W ResourceType: For resource 0x7f15071a, entry index(1818) is beyond type entryCount(263)
10-02 02:37:28.961 21100 21100 W ResourceType: For resource 0x7f07134b, entry index(4939) is beyond type entryCount(1696)
10-02 02:37:28.961 21100 21100 W ResourceType: For resource 0x7f071357, entry index(4951) is beyond type entryCount(1696)
10-02 02:37:28.961 21100 21100 W ResourceType: For resource 0x7f071350, entry index(4944) is beyond type entryCount(1696)
10-02 02:37:28.961 21100 21100 W ResourceType: For resource 0x7f07134b, entry index(4939) is beyond type entryCount(1696)
10-02 02:37:28.961 21100 21100 W ResourceType: For resource 0x7f071357, entry index(4951) is beyond type entryCount(1696)
10-02 02:37:28.961 21100 21100 W ResourceType: For resource 0x7f071350, entry index(4944) is beyond type entryCount(1696)
10-02 02:37:28.962 21100  4270 W ResourceType: For resource 0x7f071042, entry index(4162) is beyond type entryCount(1696)
10-02 02:37:28.962 21100  4270 W ResourceType: For resource 0x7f071046, entry index(4166) is beyond type entryCount(1696)
10-02 02:37:28.962 21100 21100 W ResourceType: For resource 0x7f071340, entry index(4928) is beyond type entryCount(1696)
10-02 02:37:28.962 21100 21100 W ResourceType: For resource 0x7f07133d, entry index(4925) is beyond type entryCount(1696)
10-02 02:37:28.962 21100 21100 W ResourceType: For resource 0x7f07134b, entry index(4939) is beyond type entryCount(1696)
10-02 02:37:28.962 21100 21100 W ResourceType: For resource 0x7f071357, entry index(4951) is beyond type entryCount(1696)
10-02 02:37:28.962 21100 21100 W ResourceType: For resource 0x7f071350, entry index(4944) is beyond type entryCount(1696)
10-02 02:37:28.962 21100 21100 W ResourceType: For resource 0x7f071344, entry index(4932) is beyond type entryCount(1696)
10-02 02:37:28.962 21100 21100 W ResourceType: For resource 0x7f071338, entry index(4920) is beyond type entryCount(1696)
10-02 02:37:28.962 21100 21100 W ResourceType: For resource 0x7f071340, entry index(4928) is beyond type entryCount(1696)
10-02 02:37:28.962 21100 21100 W ResourceType: For resource 0x7f07133d, entry index(4925) is beyond type entryCount(1696)
10-02 02:37:28.965   780  4288 E C2DColorConvert: unknown format passed for luma alignment number
10-02 02:37:28.979   780  4278 E C2DColorConvert: unknown format passed for luma alignment number
10-02 02:37:28.979   780  4278 E C2DColorConvert: unknown format passed for luma alignment number
10-02 02:37:28.979   780  4278 E OMXNodeInstance: getParameter(30c008c:qcom.decoder.avc, ??(0x7f000044)) ERROR: UnsupportedSetting(0x80001019)
10-02 02:37:28.984   780   780 I ColorConverter: YUV420Planar RGB565..
10-02 02:37:28.988 21100 21100 W ResourceType: For resource 0x7f071041, entry index(4161) is beyond type entryCount(1696)
10-02 02:37:28.988 21100 21100 W ResourceType: For resource 0x7f071042, entry index(4162) is beyond type entryCount(1696)
10-02 02:37:28.993 21100 21100 W ResourceType: For resource 0x7f071340, entry index(4928) is beyond type entryCount(1696)
10-02 02:37:28.993 21100 21100 W ResourceType: For resource 0x7f07133d, entry index(4925) is beyond type entryCount(1696)
10-02 02:37:28.993 21100 21100 W ResourceType: For resource 0x7f07134b, entry index(4939) is beyond type entryCount(1696)
10-02 02:37:28.993 21100 21100 W ResourceType: For resource 0x7f071357, entry index(4951) is beyond type entryCount(1696)
10-02 02:37:28.993 21100 21100 W ResourceType: For resource 0x7f071350, entry index(4944) is beyond type entryCount(1696)
10-02 02:37:28.993 21100 21100 W ResourceType: For resource 0x7f071344, entry index(4932) is beyond type entryCount(1696)
10-02 02:37:28.994 21100 21100 W ResourceType: For resource 0x7f071338, entry index(4920) is beyond type entryCount(1696)
10-02 02:37:28.994 21100 21100 W ResourceType: For resource 0x7f071340, entry index(4928) is beyond type entryCount(1696)
10-02 02:37:28.994 21100 21100 W ResourceType: For resource 0x7f07133d, entry index(4925) is beyond type entryCount(1696)
10-02 02:37:29.003   780  4288 E C2DColorConvert: unknown format passed for luma alignment number
10-02 02:37:29.010   780  4278 I OMX-VDEC-1080P: omx_vdec::component_deinit() complete
10-02 02:37:29.012   780  4278 I OMX-VDEC-1080P: Exit OMX vdec Destructor: fd=20
10-02 02:37:29.013   780  4278 I OMX-VDEC-1080P: Video slvp perflock released
10-02 02:37:29.041 21100 21100 W ResourceType: For resource 0x7f071340, entry index(4928) is beyond type entryCount(1696)
10-02 02:37:29.041 21100 21100 W ResourceType: For resource 0x7f07133d, entry index(4925) is beyond type entryCount(1696)
10-02 02:37:29.041 21100 21100 W ResourceType: For resource 0x7f07134b, entry index(4939) is beyond type entryCount(1696)
10-02 02:37:29.041 21100 21100 W ResourceType: For resource 0x7f071357, entry index(4951) is beyond type entryCount(1696)
