10-02 02:38:06.877  2876  2876 I SendBroadcastPermission: action:com.qualcomm.intent.action.ACTION_UNSOL_RESPONSE_OEM_HOOK_RAW, mPermissionType:0
10-02 02:38:06.934  3443  3443 I HwLauncher: Launcher onPause()
10-02 02:38:06.935  3443  4427 I HwLauncher: Launcher.MotionManager stopMotionAppsReco begin,mFlg = 403
10-02 02:38:06.935  3443  4427 W HwLauncher: Launcher.MotionManager stopMotionAppsReco service flg 403 is unavailable
10-02 02:38:06.969  2354  2849 I KeyguardViewMediator: onStartedGoingToSleep(3) Lock : false reset: false
10-02 02:38:06.969  2354  2354 W MusicUtils: findCurrentMediaPlayPackage sessions size is 0
10-02 02:38:06.972  2354  2354 W KGWallpaper: onStartedGoingToSleep switch to next Magazine
10-02 02:38:06.972  3443  3443 I HwLauncher: Launcher onStop()
10-02 02:38:06.975  2354  2354 W KGWallpaper_Magazine: Load magazine with type : 1
10-02 02:38:06.975  2354  2354 W KGWallpaper_Magazine: loadPic: 1
10-02 02:38:06.976  2354  2465 I ExifParser: mTiffStream skip = 0
10-02 02:38:06.977  2354  2465 W ExifData: The tag is null error!
10-02 02:38:06.977  2354  2354 W DisabledFeatureUtils: Dis-Feature : 0
10-02 02:38:06.977  2354  2354 E KeyguardUpdateMonitor: isSimPinSecure mSimDatas is null or empty 
10-02 02:38:06.977  2354  2465 I ExifParser: mTiffStream skip = 0
10-02 02:38:06.977  2354  2354 W DisabledFeatureUtils: Dis-Feature : 0
10-02 02:38:06.977  2354  2354 E KeyguardUpdateMonitor: isSimPinSecure mSimDatas is null or empty 
10-02 02:38:06.978  2354  2465 W ExifData: The tag is null error!
10-02 02:38:06.978  2354  2354 I KeyguardUpdateMonitor: authenticate by 0 mode!
10-02 02:38:06.979  2354  2465 I ExifParser: mTiffStream skip = 0
10-02 02:38:06.979  2354  2465 W ExifData: The tag is null error!
10-02 02:38:06.979  2354  2354 W KeyguardUpdateMonitor: Fingerprint RunningStateChanged. 1
10-02 02:38:06.980   803   803 I fingerprintd: FingerprintDaemonProxyEx::onTransact, code:1002
10-02 02:38:06.980   803   803 I fingerprintd: fingerprintd
10-02 02:38:06.980   803   803 I fingerprintd: FingerprintDaemonProxyEx::setLivenessSwitch
10-02 02:38:06.980   803   803 I fingerprintd: fingerprintdex--dev->need_liveness_authentication = false;
10-02 02:38:06.981   803   803 I fingerprintd: FingerprintDaemonProxyEx::onTransact, code:7
10-02 02:38:06.992   803   803 I fingerprintd: FingerprintDaemonProxyEx::onTransact, code:1
10-02 02:38:07.007   803  2220 I fpc_tac : fpc_tac_send_get_indices_cmd indices:0x7f9720c000, index_count:4
10-02 02:38:07.015   803  2220 I fpc_tac : fpc_tac_begin_identify---need_liveness_authentication: 0
10-02 02:38:07.023   803  2220 I fpc_tac : fpc_tac_send_set_arbitrary_data_cmd:ok, response:0
10-02 02:38:07.045   803  2220 E fpc_fingerprint_hal: irq count is 1
10-02 02:38:07.052  2354  2465 I BitmapUtils: RGB565toARGB888 create bmp = 135x240
10-02 02:38:07.057  2354  2465 W BitmapUtils: blurBitmap : android.graphics.Bitmap@baa2e39use source bitmap; use rgb888 as target; Consueme: 6ms
10-02 02:38:07.058  2354  2465 W BokehDrawable: onPostExecute android.graphics.Bitmap@aa13c7e, []
10-02 02:38:07.058  2354  2465 W KGWallpaper_Magazine: load magazine wallpaper use: 79
10-02 02:38:07.058  2354  2354 W KGWallpaper_Magazine: get Index for key 31 to 28
10-02 02:38:07.058  2354  2354 E KGWallpaper_Magazine: setCurrentPicture to 28
10-02 02:38:07.058  2023  2032 I art     : Background partial concurrent mark sweep GC freed 3465(241KB) AllocSpace objects, 32(6MB) LOS objects, 13% free, 53MB/61MB, paused 2.620ms total 196.531ms
10-02 02:38:07.061  2354  2354 I BitmapUtils: getSuggestColorInfo::isStatusBarArea=true, colorMSD=478, average color=7, color type=2, mask type=0; light 10738.429
10-02 02:38:07.061  2354  2354 I BitmapUtils: java.lang.Exception
10-02 02:38:07.061  2354  2354 I BitmapUtils: 	at com.huawei.keyguard.util.BitmapUtils.getSuggestColorInfo(BitmapUtils.java:829)
10-02 02:38:07.061  2354  2354 I BitmapUtils: 	at com.huawei.keyguard.util.BitmapUtils.getColorInfo(BitmapUtils.java:748)
10-02 02:38:07.061  2354  2354 I BitmapUtils: 	at com.huawei.keyguard.support.magazine.KeyguardWallpaper.updateWallpaper(KeyguardWallpaper.java:145)
10-02 02:38:07.061  2354  2354 I BitmapUtils: 	at com.huawei.keyguard.support.magazine.KeyguardWallpaper.-wrap4(KeyguardWallpaper.java)
10-02 02:38:07.061  2354  2354 I BitmapUtils: 	at com.huawei.keyguard.support.magazine.KeyguardWallpaper$2.onMagazinePicLoaded(KeyguardWallpaper.java:319)
10-02 02:38:07.061  2354  2354 I BitmapUtils: 	at com.huawei.keyguard.support.magazine.MagazineWallpaper$3.onMagazinePicLoaded(MagazineWallpaper.java:769)
10-02 02:38:07.061  2354  2354 I BitmapUtils: 	at com.huawei.keyguard.support.magazine.MagazineWallpaper$BgPicLoader$1.run(MagazineWallpaper.java:548)
10-02 02:38:07.061  2354  2354 I BitmapUtils: 	at android.os.Handler.handleCallback(Handler.java:761)
10-02 02:38:07.061  2354  2354 I BitmapUtils: 	at android.os.Handler.dispatchMessage(Handler.java:98)
10-02 02:38:07.061  2354  2354 I BitmapUtils: 	at android.os.Looper.loop(Looper.java:156)
10-02 02:38:07.061  2354  2354 I BitmapUtils: 	at android.app.ActivityThread.main(ActivityThread.java:6523)
10-02 02:38:07.061  2354  2354 I BitmapUtils: 	at java.lang.reflect.Method.invoke(Native Method)
10-02 02:38:07.061  2354  2354 I BitmapUtils: 	at com.android.internal.os.ZygoteInit$MethodAndArgsCaller.run(ZygoteInit.java:942)
10-02 02:38:07.061  2354  2354 I BitmapUtils: 	at com.android.internal.os.ZygoteInit.main(ZygoteInit.java:832)
10-02 02:38:07.071  2354  2354 I BitmapUtils: getSuggestColorInfo::isStatusBarArea=false, colorMSD=18674, average color=48, color type=1, mask type=1; light 937094.1
10-02 02:38:07.071  2354  2354 I BitmapUtils: java.lang.Exception
10-02 02:38:07.071  2354  2354 I BitmapUtils: 	at com.huawei.keyguard.util.BitmapUtils.getSuggestColorInfo(BitmapUtils.java:829)
10-02 02:38:07.071  2354  2354 I BitmapUtils: 	at com.huawei.keyguard.util.BitmapUtils.getColorInfo(BitmapUtils.java:751)
10-02 02:38:07.071  2354  2354 I BitmapUtils: 	at com.huawei.keyguard.support.magazine.KeyguardWallpaper.updateWallpaper(KeyguardWallpaper.java:145)
10-02 02:38:07.071  2354  2354 I BitmapUtils: 	at com.huawei.keyguard.support.magazine.KeyguardWallpaper.-wrap4(KeyguardWallpaper.java)
10-02 02:38:07.071  2354  2354 I BitmapUtils: 	at com.huawei.keyguard.support.magazine.KeyguardWallpaper$2.onMagazinePicLoaded(KeyguardWallpaper.java:319)
10-02 02:38:07.071  2354  2354 I BitmapUtils: 	at com.huawei.keyguard.support.magazine.MagazineWallpaper$3.onMagazinePicLoaded(MagazineWallpaper.java:769)
10-02 02:38:07.071  2354  2354 I BitmapUtils: 	at com.huawei.keyguard.support.magazine.MagazineWallpaper$BgPicLoader$1.run(MagazineWallpaper.java:548)
10-02 02:38:07.071  2354  2354 I BitmapUtils: 	at android.os.Handler.handleCallback(Handler.java:761)
10-02 02:38:07.071  2354  2354 I BitmapUtils: 	at android.os.Handler.dispatchMessage(Handler.java:98)
10-02 02:38:07.071  2354  2354 I BitmapUtils: 	at android.os.Looper.loop(Looper.java:156)
10-02 02:38:07.071  2354  2354 I BitmapUtils: 	at android.app.ActivityThread.main(ActivityThread.java:6523)
10-02 02:38:07.071  2354  2354 I BitmapUtils: 	at java.lang.reflect.Method.invoke(Native Method)
10-02 02:38:07.071  2354  2354 I BitmapUtils: 	at com.android.internal.os.ZygoteInit$MethodAndArgsCaller.run(ZygoteInit.java:942)
10-02 02:38:07.071  2354  2354 I BitmapUtils: 	at com.android.internal.os.ZygoteInit.main(ZygoteInit.java:832)
10-02 02:38:07.071  2354  2354 W KGWallpaper: update Wallpaper and block update ui; color  {1=1, 2=2, 3=1, 4=0, 5=2}
10-02 02:38:07.135  2023  2049 W HwScreenOnProximityLock: releaseLock: return because sensor listener is held = false
10-02 02:38:07.141   800  2065 E Parcel  : Reading a NULL string not supported here.
10-02 02:38:07.141   800  2065 E Parcel  : Reading a NULL string not supported here.
10-02 02:38:07.142   800   832 W AwareLog:defragd: delay_us exceeds max timeout: 599999687 us
10-02 02:38:07.145  3313  3313 I InCall  : CallList - no active call 
10-02 02:38:07.145  2758  2758 I NearbyDiscovery: (REDACTED) FastPairDisplayObserver: %s -> %s
10-02 02:38:07.148   607   607 I SDM     : HWCDisplay::SetPowerMode: display = 0, mode = 0
10-02 02:38:07.148   607   607 I SDM     : DisplayBase::SetDisplayState: Set state = 0, display 0
10-02 02:38:07.153  2758  6545 I NearbySharing: Screen is locked
10-02 02:38:07.154  2758  6545 I NearbySharing: Stopping scanning because the screen is locked.
10-02 02:38:07.155  2758  6614 I NearbyDiscovery: (REDACTED) FastPairScanner: isScreenOn=%s, isLocationEnabled=%s, disableLocationRequirement=%s, isDiscoveryScanningEnabled=%s, during24GhzWifiWarmingUpPeriod=%s
10-02 02:38:07.158  2758  6614 I NearbyDiscovery: (REDACTED) FastPairScanner: eventType=%s, intReq=%s, scanning=%s, scanAllowed=%s, bleEnabled=%s, lockScanRate=%s, startScanningByLowPowerMode=%s
10-02 02:38:07.158  2758  6614 I NearbyDiscovery: (REDACTED) FastPairScanner: Stopping scan, %s
10-02 02:38:07.159  2758  6545 I NearbySharing: Stopping Fast Init advertisement because Bluetooth is off.
10-02 02:38:07.160  2758  6545 I NearbySharing: Stopping advertising because Bluetooth is disabled.
10-02 02:38:07.160  2758  6545 I NearbySharing: Stopping FastInitiation scanning because the screen is locked.
10-02 02:38:07.161  2816  2921 I BluetoothState: inactive bluetooth uid: 10016, pid:2758, reason:BLE_SCAN
10-02 02:38:07.161  2816  2921 I BluetoothState: inactive bluetooth uid: 10016, pid:2758, reason:BLE_SCAN
10-02 02:38:07.161 17278 29233 I bt_btif : BTA_DmBleObserve:start = 0 
10-02 02:38:07.161 17278 29233 I bt_btif : BTA_DmBleScanFilterSetup: 1
10-02 02:38:07.161 17278 29269 I bt_btm  : BTM_BleObserve : scan_type:0, 8000, 800
10-02 02:38:07.161 17278 29269 I bt_btm  : btm_ble_stop_scan 
10-02 02:38:07.161 17278 29269 I bt_btm  : btm_update_scanner_filter_policy
10-02 02:38:07.161 17278 29269 I bt_btm  : BTM: BTM_VendorSpecificCommand: Opcode: 0xFD60, ParamLen: 11.
10-02 02:38:07.161 17278 29269 I bt_btm  :  BTM_BleAdvFilterParamSetup
10-02 02:38:07.161 17278 29269 I bt_btm  : BTM: BTM_VendorSpecificCommand: Opcode: 0xFD57, ParamLen: 3.
10-02 02:38:07.162 17278 29269 I bt_att  : GATT_Deregister gatt_if=4
10-02 02:38:07.162 17278 29269 I bt_att  : GATT_Listen gatt_if=4
10-02 02:38:07.162 17278 29269 I bt_btm  : BTM_BleUpdateAdvFilterPolicy
10-02 02:38:07.162 17278 29269 I bt_btm  : BTM_ReadConnectability
10-02 02:38:07.162 17278 29269 I bt_btm  : btm_ble_set_connectability mode=0x0 combined_mode=0x0
10-02 02:38:07.162  2816  2921 I BluetoothState: inactive bluetooth uid: 10016, pid:2758, reason:BLE_CONNECT
10-02 02:38:07.162  2816  2921 I BluetoothState: inactive bluetooth uid: 10016, pid:2758, reason:BLE_CONNECT
10-02 02:38:07.162  2816  2921 I BluetoothState: inactive bluetooth uid: 10016, pid:2758, reason:BLE_CONNECT
10-02 02:38:07.162  2816  2921 I BluetoothState: inactive bluetooth uid: 10016, pid:2758, reason:BLE_CONNECT
10-02 02:38:07.164 17278 29269 I bt_att  : GATT_Deregister gatt_if=5
10-02 02:38:07.164 17278 29269 I bt_att  : GATT_Listen gatt_if=5
10-02 02:38:07.164 17278 29269 I bt_btm  : BTM_BleUpdateAdvFilterPolicy
10-02 02:38:07.164 17278 29269 I bt_btm  : BTM_ReadConnectability
10-02 02:38:07.164 17278 29269 I bt_btm  : btm_ble_set_connectability mode=0x0 combined_mode=0x0
10-02 02:38:07.167  2758  6545 I NearbySharing: Stopped scanning for FastInitiation
10-02 02:38:07.167 17278 29233 W bt_btif : HAL bt_gatt_callbacks->client->scan_filter_param_cb
10-02 02:38:07.168 17278 29233 I bt_btif : BTA_DmBleScanFilterSetup: 1
10-02 02:38:07.168  2758  6545 I NearbySharing: Fast Initiation Scanning has stopped
10-02 02:38:07.168 17278 29269 I bt_btm  :  BTM_BleAdvFilterParamSetup
10-02 02:38:07.168 17278 29269 I bt_btm  : BTM: BTM_VendorSpecificCommand: Opcode: 0xFD57, ParamLen: 3.
10-02 02:38:07.169  2758  6545 I NearbySharing: Dismissing HUN as there's no device nearby.
10-02 02:38:07.170 17278 29233 W bt_btif : HAL bt_gatt_callbacks->client->scan_filter_param_cb
10-02 02:38:07.171 17278 29233 I bt_btif : BTA_DmBleObserve:start = 0 
10-02 02:38:07.171 17278 29233 I bt_btif : BTA_DmBleScanFilterSetup: 1
10-02 02:38:07.171 17278 29269 I bt_btm  : BTM_BleObserve : scan_type:0, 8000, 800
10-02 02:38:07.171 17278 29269 E bt_btm  : BTM_BleObserve Observe not active
10-02 02:38:07.171 17278 29269 I bt_btm  :  BTM_BleAdvFilterParamSetup
10-02 02:38:07.171 17278 29269 I bt_btm  : BTM: BTM_VendorSpecificCommand: Opcode: 0xFD57, ParamLen: 3.
10-02 02:38:07.172 17278 29233 W bt_btif : HAL bt_gatt_callbacks->client->scan_filter_param_cb
10-02 02:38:07.173 17278 29233 I bt_btif : BTA_DmBleScanFilterSetup: 1
10-02 02:38:07.173 17278 29269 I bt_btm  :  BTM_BleAdvFilterParamSetup
10-02 02:38:07.173 17278 29269 I bt_btm  : BTM: BTM_VendorSpecificCommand: Opcode: 0xFD57, ParamLen: 3.
10-02 02:38:07.174 17278 29233 W bt_btif : HAL bt_gatt_callbacks->client->scan_filter_param_cb
10-02 02:38:07.442  2023  2291 I QTI PowerHAL: Got set_interactive hint
10-02 02:38:07.443   627   706 E libnav  : AbaSuspend skips CABL deactivate: state was 3
10-02 02:38:07.444   525  3332 E ANDR-PERF-MPCTL: Invalid profile no. 0, total profiles 0 only
10-02 02:38:07.445   804  2239 I knuckle_sensor: Sending SAM_DISABLE to fs_data
10-02 02:38:07.446   804   863 I knuckle_sensor: Got DISABLE response, status = 0, id = 59
10-02 02:38:07.447  2023  2023 I SendBroadcastPermission: action:android.intent.action.SCREEN_OFF, mPermissionType:0
10-02 02:38:07.448  2354  2366 W AppHandler: sendMessage 15
10-02 02:38:07.448  2354  2354 W AppHandler: sendMessage 21 with args (2, 0)
10-02 02:38:07.450  2354  2354 W DisabledFeatureUtils: Dis-Feature : 0
10-02 02:38:07.450  2354  2354 E KeyguardUpdateMonitor: isSimPinSecure mSimDatas is null or empty 
10-02 02:38:07.450  2354  2354 I KeyguardUpdateMonitor: Ignore update FP: 1 true
10-02 02:38:07.450  2354  2354 W HwLockScreenPanel: Handle message: 15
10-02 02:38:07.451  2354  2354 W CameraLayout: Cameralayout disabled. true false  2
10-02 02:38:07.452  2354  2354 W HwBackDropView: MSG_FINISHED_GOING_SLEEP isQsExpanded false
10-02 02:38:07.452  2354  2354 W HwLockScreenPanel: Handle message: 21
10-02 02:38:07.457  2354  2354 E LocalLinkTextView: setDescription without uselink line!
10-02 02:38:07.464  2354  2465 I ExifParser: mTiffStream skip = 0
10-02 02:38:07.465  2354  2465 W ExifData: The tag is null error!
10-02 02:38:07.467  2354  2465 I ExifParser: mTiffStream skip = 0
10-02 02:38:07.468  2354  2465 W ExifData: The tag is null error!
10-02 02:38:07.470  2354  2465 I ExifParser: mTiffStream skip = 0
10-02 02:38:07.471  2354  2465 W ExifData: The tag is null error!
10-02 02:38:07.473  2354  2465 I ExifParser: mTiffStream skip = 0
10-02 02:38:07.474  2354  2354 W MagazineDetailView: addInvisibleView null view
10-02 02:38:07.474  2354  2354 I HwBackDropView: update Wallpaper with Bokeh.
10-02 02:38:07.474  2354  2465 W ExifData: The tag is null error!
10-02 02:38:07.476  2354  2465 I ExifParser: mTiffStream skip = 0
10-02 02:38:07.477  2354  2354 W CameraLayout: Cameralayout disabled. true false  2
10-02 02:38:07.477  2354  2465 W ExifData: The tag is null error!
10-02 02:38:07.479  2354  2465 I ExifParser: mTiffStream skip = 0
10-02 02:38:07.480  2354  2465 W ExifData: The tag is null error!
10-02 02:38:07.481  2354  2465 I ExifParser: mTiffStream skip = 0
10-02 02:38:07.482  2354  2465 W ExifData: The tag is null error!
10-02 02:38:07.483  2354  2465 I ExifParser: mTiffStream skip = 0
10-02 02:38:07.484  2354  2465 W ExifData: The tag is null error!
10-02 02:38:07.486  2354  2465 I ExifParser: mTiffStream skip = 0
10-02 02:38:07.487  2354  2465 W ExifData: The tag is null error!
10-02 02:38:07.512   962  1661 I Huawei_audio_cust: huawei_audio huawei_choose_HandsFree_device_incall_forHWtest: test Type =4
10-02 02:38:07.512   962  1661 I Huawei_audio_cust: huawei_audio huawei_choose_Handset_device_incall_forHWtest: test Type =4
10-02 02:38:07.512   962  1661 I Huawei_audio_cust: get_spk_pa_type: pa is max98925
10-02 02:38:07.512   962  1661 I Huawei_audio_cust: huawei_common_set_parameters: exit with code(0)
10-02 02:38:07.525  2023  2268 E hwintelligencewifi:  DefaultState MSG_SCREEN_OFF mIsAutoOpenSearch = false
10-02 02:38:07.534   782  2020 I QtiConnectivityAdapter: getV6TetherStats(tether= upstream=)
10-02 02:38:07.546  2023  2751 I GnssLocationProvider: updateLowPowerMode,isPowerSaveMode:falseisInteractive:false
10-02 02:38:07.546  2023  2751 I GnssLocationProvider: disableGps:false  isEnabled()=true
10-02 02:38:07.554  2816  3027 I PacketsControl: not 3G net type. do nothing.
10-02 02:38:07.575  2816  2921 I WakelockMonitor: charging state and not start wakelock monitor.
10-02 02:38:07.576  2816  3027 I ash     : ash->screen off
10-02 02:38:07.576  2816  3027 I ThermalStateManager: handle action thermal policy:301
10-02 02:38:07.577  2816  3027 I ThermalStateManager: sensor name: cpu temperature: 39 , thermal action: gpu policy:0
10-02 02:38:07.578  2816  3027 I ThermalStateManager: sensor name: cpu temperature: 39 , thermal action: cpu policy:0
10-02 02:38:07.578  2816  3027 I ThermalAction: new ThermalAction
10-02 02:38:07.578  2816  3027 I ThermalStateManager: sensor name: cpu temperature: 39 , thermal action: lcd policy:0
10-02 02:38:07.578  2816  3027 I ThermalAction: new ThermalAction
10-02 02:38:07.578  2816  3027 I ThermalStateManager: sensor name: cpu temperature: 39 , thermal action: camera_fps policy:0
10-02 02:38:07.579  2816  3027 I ThermalAction: new ThermalAction
10-02 02:38:07.579  2816  3027 I ThermalStateManager: sensor name: ucurrent temperature: 41 , thermal action: ucurrent policy:0
10-02 02:38:07.581  2816  3027 I ThermalStateManager: triggerLevel = 2, triggerAction :{ucurrent=700, gpu=510000000, cpu=1689600}
10-02 02:38:07.581  2816  3027 I ThermalAction: new ThermalAction
10-02 02:38:07.581  2816  3027 I ThermalStateManager: sensor name: cpu temperature: 50 , thermal action: ucurrent policy:700
10-02 02:38:07.581  2816  3027 I ThermalAction: new ThermalAction
10-02 02:38:07.581  2816  3027 I ThermalStateManager: sensor name: cpu temperature: 50 , thermal action: gpu policy:510000000
10-02 02:38:07.581  2816  3027 I ThermalAction: new ThermalAction
10-02 02:38:07.581  2816  3027 I ThermalStateManager: sensor name: cpu temperature: 50 , thermal action: cpu policy:1689600
10-02 02:38:07.588  2816  3027 I ThermalStateManager: triggerLevel = 2, triggerAction :{ucurrent=700, bcurrent=0}
10-02 02:38:07.589  2816  3027 W HardwareAdapter: FileNotFoundException : writeFpsNode fail :java.io.FileNotFoundException: /sys/bus/platform/drivers/huawei,camcfgdev/guard_thermal (No such file or directory)
10-02 02:38:07.589  2816  3027 I SwitchManager: setChargeHotLimit : mode = 1 vaule = 0
10-02 02:38:07.589  2816  3027 I powergenie_jni: set charge limit 1: 0
10-02 02:38:07.590  2816  3027 I SwitchManager: setChargeHotLimit : mode = 1 vaule = 700
10-02 02:38:07.590  2816  3027 I powergenie_jni: set charge limit 1: 700
10-02 02:38:07.593  2023 11999 I TetherStatsReporting: getTetherStats() called NetworkStats: elapsedRealtime=5541000
10-02 02:38:07.593  2023 11999 I TetherStatsReporting:   [0] iface=rmnet_data0 uid=0 set=DEFAULT tag=0x0 roaming=NO rxBytes=227023 rxPackets=1407 txBytes=95207 txPackets=1002 operations=0
10-02 02:38:07.593  2023 11999 I TetherStatsReporting:  proc=
10-02 02:38:07.593  2023 11999 I TetherStatsReporting:   [1] iface=rmnet_data0 uid=0 set=FOREGROUND tag=0x0 roaming=NO rxBytes=0 rxPackets=0 txBytes=0 txPackets=0 operations=0
10-02 02:38:07.593  2023 11999 I TetherStatsReporting:  proc=
10-02 02:38:07.593  2023 11999 I TetherStatsReporting:   [2] iface=rmnet_data0 uid=1000 set=DEFAULT tag=0x0 roaming=NO rxBytes=20673 rxPackets=51 txBytes=5380 txPackets=74 operations=0
10-02 02:38:07.593  2023 11999 I TetherStatsReporting:  proc=
10-02 02:38:07.593  2023 11999 I TetherStatsReporting:   [3] iface=rmnet_data0 uid=1000 set=FOREGROUND tag=0x0 roaming=NO rxBytes=0 rxPackets=0 txBytes=0 txPackets=0 operations=0
10-02 02:38:07.593  2023 11999 I TetherStatsReporting:  proc=
10-02 02:38:07.593  2023 11999 I TetherStatsReporting:   [4] iface=rmnet_data0 uid=9999 set=DEFAULT tag=0x0 roaming=NO rxBytes=134761 rxPackets=888 txBytes=77148 txPackets=1134 operations=0
10-02 02:38:07.593  2023 11999 I TetherStatsReporting:  proc=
10-02 02:38:07.593  2023 11999 I TetherStatsReporting:   [5] iface=rmnet_data0 uid=9999 set=FOREGROUND tag=0x0 roaming=NO rxBytes=0 rxPackets=0 txBytes=0 txPackets=0 operations=0
10-02 02:38:07.593  2023 11999 I TetherStatsReporting:  proc=
10-02 02:38:07.593  2023 11999 I TetherStatsReporting:   [6] iface=rmnet_data0 uid=10016 set=DEFAULT tag=0x0 roaming=NO rxBytes=1142166 rxPackets=1365 txBytes=357808 txPackets=1233 operations=0
10-02 02:38:07.593  2023 11999 I TetherStatsReporting:  proc=
10-02 02:38:07.593  2023 11999 I TetherStatsReporting:   [7] iface=rmnet_data0 uid=10016 set=FOREGROUND tag=0x0 roaming=NO rxBytes=30445 rxPackets=71 txBytes=44149 txPackets=77 operations=0
10-02 02:38:07.593  2023 11999 I TetherStatsReporting:  proc=
10-02 02:38:07.593  2023 11999 I TetherStatsReporting:   [8] iface=rmnet_data0 uid=10034 set=DEFAULT tag=0x0 roaming=NO rxBytes=25618 rxPackets=47 txBytes=6182 txPackets=65 operations=0
10-02 02:38:07.593  2023 11999 I TetherStatsReporting:  proc=
10-02 02:38:07.593  2023 11999 I TetherStatsReporting:   [9] iface=rmnet_data0 uid=10034 set=FOREGROUND tag=0x0 roaming=NO rxBytes=0 rxPackets=0 txBytes=0 txPackets=0 operations=0
10-02 02:38:07.593  2023 11999 I TetherStatsReporting:  proc=
10-02 02:38:07.593  2023 11999 I TetherStatsReporting:   [10] iface=rmnet_data0 uid=10040 set=DEFAULT tag=0x0 roaming=NO rxBytes=84879 rxPackets=195 txBytes=72366 txPackets=201 operations=0
10-02 02:38:07.593  2023 11999 I TetherStatsReporting:  proc=
10-02 02:38:07.593  2023 11999 I TetherStatsReporting:   [11] iface=rmnet_data0 uid=10040 set=FOREGROUND tag=0x0 roaming=NO rxBytes=0 rxPackets=0 txBytes=0 txPackets=0 operations=0
10-02 02:38:07.593  2023 11999 I TetherStatsReporting:  proc=
10-02 02:38:07.593  2023 11999 I TetherStatsReporting:   [12] iface=rmnet_data0 uid=10044 set=DEFAULT tag=0x0 roaming=NO rxBytes=301053 rxPackets=764 txBytes=304513 txPackets=763 operations=0
10-02 02:38:07.593  2023 11999 I TetherStatsReporting:  proc=
10-02 02:38:07.593  2023 11999 I TetherStatsReporting:   [13] iface=rmnet_data0 uid=10044 set=FOREGROUND tag=0x0 roaming=NO rxBytes=0 rxPackets=0 txBytes=0 txPackets=0 operations=0
10-02 02:38:07.593  2023 11999 I TetherStatsReporting:  proc=
10-02 02:38:07.593  2023 11999 I TetherStatsReporting:   [14] iface=rmnet_data0 uid=10054 set=DEFAULT tag=0x0 roaming=NO rxBytes=57313 rxPackets=185 txBytes=32316 txPackets=210 operations=0
10-02 02:38:07.593  2023 11999 I TetherStatsReporting:  proc=
10-02 02:38:07.593  2023 11999 I TetherStatsReporting:   [15] iface=rmnet_data0 uid=10054 set=FOREGROUND tag=0x0 roaming=NO rxBytes=0 rxPackets=0 txBytes=0 txPackets=0 operations=0
10-02 02:38:07.593  2023 11999 I TetherStatsReporting:  proc=
10-02 02:38:07.593  2023 11999 I TetherStatsReporting:   [16] iface=rmnet_data0 uid=10058 set=DEFAULT tag=0x0 roaming=NO rxBytes=162654844 rxPackets=133667 txBytes=8768725 txPackets=107808 operations=0
10-02 02:38:07.593  2023 11999 I TetherStatsReporting:  proc=
10-02 02:38:07.593  2023 11999 I TetherStatsReporting:   [17] iface=rmnet_data0 uid=10058 set=FOREGROUND tag=0x0 roaming=NO rxBytes=25444366 rxPackets=19577 txBytes=2209848 txPackets=18705 operations=0
10-02 02:38:07.593  2023 11999 I TetherStatsReporting:  proc=
10-02 02:38:07.593  2023 11999 I TetherStatsReporting:   [18] iface=rmnet_data0 uid=10060 set=DEFAULT tag=0x0 roaming=NO rxBytes=45843 rxPackets=175 txBytes=92054 txPackets=190 operations=0
10-02 02:38:07.593  2023 11999 I TetherStatsReporting:  proc=
10-02 02:38:07.593  2023 11999 I TetherStatsReporting:   [19] iface=rmnet_data0 uid=10060 set=FOREGROUND tag=0x0 roaming=NO rxBytes=936865 rxPackets=855 txBytes=130439 txPackets=821 operations=0
10-02 02:38:07.593  2023 11999 I TetherStatsReporting:  proc=
10-02 02:38:07.593  2023 11999 I TetherStatsReporting:   [20] iface=rmnet_data0 uid=10075 set=DEFAULT tag=0x0 roaming=NO rxBytes=19184 rxPackets=35 txBytes=6779 txPackets=41 operations=0
10-02 02:38:07.593  2023 11999 I TetherStatsReporting:  proc=
10-02 02:38:07.593  2023 11999 I TetherStatsReporting:   [21] iface=rmnet_data0 uid=10075 set=FOREGROUND tag=0x0 roaming=NO rxBytes=0 rxPackets=0 txBytes=0 txPackets=0 operations=0
10-02 02:38:07.593  2023 11999 I TetherStatsReporting:  proc=
10-02 02:38:07.593  2023 11999 I TetherStatsReporting:   [22] iface=rmnet_data0 uid=10083 set=DEFAULT tag=0x0 roaming=NO rxBytes=111526 rxPackets=224 txBytes=103059 txPackets=226 operations=0
10-02 02:38:07.593  2023 11999 I TetherStatsReporting:  proc=
10-02 02:38:07.593  2023 11999 I TetherStatsReporting:   [23] iface=rmnet_data0 uid=10083 set=FOREGROUND tag=0x0 roaming=NO rxBytes=0 rxPackets=0 txBytes=0 txPackets=0 operations=0
10-02 02:38:07.593  2023 11999 I TetherStatsReporting:  proc=
10-02 02:38:07.593  2023 11999 I TetherStatsReporting:   [24] iface=rmnet_data0 uid=10084 set=DEFAULT tag=0x0 roaming=NO rxBytes=16828 rxPackets=39 txBytes=12688 txPackets=38 operations=0
10-02 02:38:07.593  2023 11999 I TetherStatsReporting:  proc=
10-02 02:38:07.593  2023 11999 I TetherStatsReporting:   [25] iface=rmnet_data0 uid=10084 set=FOREGROUND tag=0x0 roaming=NO rxBytes=0 rxPackets=0 txBytes=0 txPackets=0 operations=0
10-02 02:38:07.593  2023 11999 I TetherStatsReporting:  proc=
10-02 02:38:07.593  2023 11999 I TetherStatsReporting:   [26] iface=rmnet_data0 uid=10085 set=DEFAULT tag=0x0 roaming=NO rxBytes=46418 rxPackets=136 txBytes=74947 txPackets=113 operations=0
10-02 02:38:07.593  2023 11999 I TetherStatsReporting:  proc=
10-02 02:38:07.593  2023 11999 I TetherStatsReporting:   [27] iface=rmnet_data0 uid=10085 set=FOREGROUND tag=0x0 roaming=NO rxBytes=0 rxPackets=0 txBytes=0 txPackets=0 operations=0
10-02 02:38:07.593  2023 11999 I TetherStatsReporting:  proc=
10-02 02:38:07.593  2023 11999 I TetherStatsReporting:   [28] iface=rmnet_data0 uid=10086 set=DEFAULT tag=0x0 roaming=NO rxBytes=127472 rxPackets=238 
10-02 02:38:07.593  2023 11999 I TetherStatsReporting: combining tether stats
10-02 02:38:07.593  3405  7643 I QtiTetherService/IpaWrapper: getTetherStats(tether=wlan0 upstream=rmnet_data0)
10-02 02:38:07.594  3405  7643 I libQtiTether: getTetherStats called for upstream=rmnet_data0 tethered=wlan0
10-02 02:38:07.594  3405  7643 I libQtiTether: getTetherStats(upstream=rmnet_data0 tether=wlan0)
10-02 02:38:07.595  3405  7643 I QtiTetherService/IpaWrapper: upstream=rmnet_data0 tethered=wlan0 v4RxBytes=0 bytes v4RxPackets=0 v4TxBytes=0 bytes v4TxPackets=0 v6RxBytes=0 bytes v6RxPackets=0 v6TxBytes=0 bytes v6TxPackets=0 error=null
10-02 02:38:07.598  2023  3562 E IzatSvc_OSObserver: I/LocTech-Label :: OSOBSERVER :: Data Items In
10-02 02:38:07.599  2023  3562 E IzatSvc_OSObserver: I/LocTech-Value :: Data Item Value: IS_SCREEN_ON: false
10-02 02:38:07.601  3443  3443 I HwLauncher: Launcher receiver screen off broadcast sendmessage true
10-02 02:38:07.622  3146  3146 I HourObserver: enter into handleScrnOnOffTimeStats, scrnOn = false, mIsPreScrnOn = true, mScrnSwitchTime = 1759365368830, occurTime = 1759365487621, delta = 118791, mScrnOffAccTime = 755064, mScrnOnAccTime = 1413761
10-02 02:38:07.622  3146  3146 I HourObserver: left handleScrnOnOffTimeStats, mScrnOffAccTime = 755064, mScrnOffAccTime = 755064, mScrnOnAccTime = 1532552
10-02 02:38:07.651  2758  6614 I NearbyDiscovery: (REDACTED) FastPairHandler: Received action %s
10-02 02:38:07.654  2758  6614 I NearbyDiscovery: (REDACTED) FastPairScanner: isScreenOn=%s, isLocationEnabled=%s, disableLocationRequirement=%s, isDiscoveryScanningEnabled=%s, during24GhzWifiWarmingUpPeriod=%s
10-02 02:38:07.656  2758  6614 I NearbyDiscovery: (REDACTED) FastPairScanner: eventType=%s, intReq=%s, scanning=%s, scanAllowed=%s, bleEnabled=%s, lockScanRate=%s, startScanningByLowPowerMode=%s
10-02 02:38:07.656  2758  6614 I NearbyDiscovery: FastPairController: onSystemStateChanged: skip due to flag disabled [CONTEXT service_id=265 ]
10-02 02:38:07.660  2023 11999 I SendBroadcastPermission: action:com.android.server.action.NETWORK_STATS_UPDATED, mPermissionType:0
10-02 02:38:07.744  2328  2595 E HwSystemManager: LeisureTrafficSetting:result is empty
10-02 02:38:07.752 30424  4437 I DeviceStatusMonitor: DeviceStatusMonitor.handleBroadcast():123 onReceive() : Action = android.intent.action.SCREEN_OFF
10-02 02:38:07.753 30424  4437 I DeviceStatusMonitor: DeviceStatusMonitor.updateCountryInfo():139 updateCountryInfo(), notifyAnyway = false
10-02 02:38:07.753 30424 30424 I VoiceImeUtils: VoiceImeUtils.sendEventToInputBundle():422 Service is null and could not be acquired.
10-02 02:38:07.762 30424 30424 I AppBase : AppBase.onTrimMemory():412 onTrimMemory(): 40
10-02 02:38:07.778   782  2020 I QtiConnectivityAdapter: getV6TetherStats(tether= upstream=)
10-02 02:38:07.832  2328  2595 E HwSystemManager: CommonMethodUtil:No package name to uid:-5
10-02 02:38:07.832  2328  2595 E HwSystemManager: CommonMethodUtil:No package name to uid:-4
10-02 02:38:07.874  2328  2595 E HwSystemManager: NotificationUtil:Month Warning Notification not create
10-02 02:38:07.901  2023  2023 I MQoS    : onSignal: mSubId=1,currDataSubID=1
10-02 02:38:07.901  2023  2023 I MQoS    : received cell-signal:5
10-02 02:38:07.901  2023 13187 I SendBroadcastPermission: action:android.intent.action.SIG_STR, mPermissionType:0
10-02 02:38:07.907  2354  2457 I HwMobileSignalController: subId:1 phoneType:1 networktype:13 targetClass:3 masterLevel:5 slaveLevel:-1
10-02 02:38:08.704  2354  2354 I NetworkSpeedManagerEx: mIsStop = false
10-02 02:38:08.708  2354  2354 I NetworkSpeedManagerEx: value=30739.334speed = 30K/s
10-02 02:38:08.708  2354  2354 I NetworkSpeedManagerEx: refreshSpeed: sreen off, no need to refresh net speed!
10-02 02:38:08.724  2354  2354 I NetworkSpeedManagerEx: mIsStop = false
10-02 02:38:08.727  2354  2354 I NetworkSpeedManagerEx: value=33774.0speed = 33K/s
10-02 02:38:08.727  2354  2354 I NetworkSpeedManagerEx: refreshSpeed: sreen off, no need to refresh net speed!
10-02 02:38:09.436   787   787 I cnss-daemon: RTM_NEWNEIGH message received: 28
10-02 02:38:09.436   787   787 E cnss-daemon: Stale or unreachable neighbors, ndm state: 16
10-02 02:38:09.437   787   787 I cnss-daemon: RTM_NEWNEIGH message received: 28
10-02 02:38:09.438   787   787 I cnss-daemon: NDA_DST received: 192.168.43.120 ul: 562994919221440
10-02 02:38:09.438   787   787 I cnss-daemon: NDA_LLADDR received
10-02 02:38:09.582  2816  3027 I AppManager: Don't care iaware protect apps
10-02 02:38:09.582  2816  3027 I ScreenLockClean: Screen Off get Clean Apps Num:0 expend time(ms):3
10-02 02:38:10.241   767   767 E Thermal-daemon: [Thermal_Hw] temperature_valid, battery : temperature is invalid, invalid temperatrue is 39
10-02 02:38:10.241   767   767 E Thermal-daemon: [Thermal_Hw] temperature_filter: get invalid temperature, use old temp
10-02 02:38:10.586  2816  3027 I BlackListAlarmRestrict: [pending] net alarms
10-02 02:38:11.506  2023  4781 I MQoS    : MSG_QUERY_TCP_INFO called,count:506
10-02 02:38:11.506  2023  2023 I WifiProJNI: ######### CMD_QUERY_PKTS ########
10-02 02:38:11.507  2023  2272 I QosMonitor: postEventFromNative: msg=100,arg1=0,arg2=9
10-02 02:38:11.507  2023  2272 W WifiProJNI: poll before: g_monitor_fd =318
10-02 02:38:11.507  2023  2023 I MQoS    : rtt=0,tcp_tx_pkts=0,tcp_rx_pkts=0
10-02 02:38:11.511  2023  4781 I TrafficMonitor: getStatic,count:0,work status:false
10-02 02:38:11.511  2023  4781 I MQoS    : QOS_level:5(5),use RAT:4G;signalLvl:5
10-02 02:38:11.712  2354  2354 I NetworkSpeedManagerEx: mIsStop = false
10-02 02:38:11.716  2354  2354 I NetworkSpeedManagerEx: value=69431.336speed = 67.8K/s
10-02 02:38:11.716  2354  2354 I NetworkSpeedManagerEx: refreshSpeed: sreen off, no need to refresh net speed!
10-02 02:38:11.727  2354  2354 I NetworkSpeedManagerEx: mIsStop = false
10-02 02:38:11.731  2354  2354 I NetworkSpeedManagerEx: value=66396.664speed = 64.8K/s
10-02 02:38:11.731  2354  2354 I NetworkSpeedManagerEx: refreshSpeed: sreen off, no need to refresh net speed!
10-02 02:38:11.935  2023  2193 W AlarmManager: mIsScreenOn is: false, WAKEUP alarm trigger action = com.android.internal.policy.impl.PhoneWindowManager.DELAYED_KEYGUARD package name is: com.android.systemui
10-02 02:38:11.939  2354  2354 E KeyguardUpdateMonitor: isSimPinSecure mSimDatas is null or empty 
10-02 02:38:11.953  2354  2354 W StatusBarWindowManager: Apply window without WALLPAPER
10-02 02:38:12.016  2354  2354 E KeyguardUpdateMonitor: isSimPinSecure mSimDatas is null or empty 
10-02 02:38:12.033  2354  2354 W HwKeyguardAbsKeyInputView: Reset
10-02 02:38:12.033  2354  2354 W KG_Policy: RetryPolicy unregisterObserver invalide observer
10-02 02:38:12.034  2354  2354 W StatusBarWindowManager: Apply window without WALLPAPER
10-02 02:38:12.042  2354  2354 E KeyguardUpdateMonitor: isSimPinSecure mSimDatas is null or empty 
10-02 02:38:12.054  2354  2354 E KeyguardUpdateMonitor: isSimPinSecure mSimDatas is null or empty 
10-02 02:38:12.066  2354  2354 E KeyguardUpdateMonitor: isSimPinSecure mSimDatas is null or empty 
10-02 02:38:12.074  2354  2354 W AppHandler: addListener com.android.keyguard.EmergencyButton{307fe5c VFED..C.. ......I. 0,0-0,0 #7f140212 app:id/emergency_call_button_pin_view}
10-02 02:38:12.078  2354  2354 W StatusBarWindowManager: Apply window without WALLPAPER
10-02 02:38:12.083  2354  2354 W HwKeyguardDragHelper: AnimationBlocked
10-02 02:38:12.083  2354  2354 I HwKeyguardBottomArea: HwKeyguardBottom setVisibility with error state
10-02 02:38:12.084  2354  2354 I HwKeyguardBottomArea: HwKeyguardBottom setVisibility with error state
10-02 02:38:12.089  2354  2354 W AppHandler: sendMessage 4
10-02 02:38:12.093  2354  2354 W HwKeyguardPolicy: KGSvcCall updateKeyguardState 1->1; false false
10-02 02:38:12.093  2354  2354 W StatusBarWindowManager: Apply window without WALLPAPER
10-02 02:38:12.095  2354  2354 I PanelBar: panelExpansionChanged 0.0, true
10-02 02:38:12.101  2354  2354 W DisabledFeatureUtils: Dis-Feature : 0
10-02 02:38:12.101  2354  2354 E KeyguardUpdateMonitor: isSimPinSecure mSimDatas is null or empty 
10-02 02:38:12.103  2354  2354 I KeyguardUpdateMonitor: hasFingerprintUnlockTimedOut = false
10-02 02:38:12.103  2354  2354 W StatusBarKeyguardViewManager: set navBarVisible 
10-02 02:38:12.108  2354  2354 W DisabledFeatureUtils: Dis-Feature : 0
10-02 02:38:12.108  2354  2354 E KeyguardUpdateMonitor: isSimPinSecure mSimDatas is null or empty 
10-02 02:38:12.108  2354  2354 I KeyguardUpdateMonitor: Ignore update FP: 1 true
10-02 02:38:12.109  2354  2354 W AppHandler: sendSingleMessage 10
10-02 02:38:12.109  2354  2354 W StatusBarKeyguardViewManager: updateStates Show KeyguardStatusBar with clcok: false
10-02 02:38:12.115  2354  2354 E HiddenSpace: update HiddenSpaceData!
10-02 02:38:12.116  2354  2354 I HiddenSpace: don't find the hidden space userId!
10-02 02:38:12.119  2354  2354 W AppHandler: sendImmediateMessage 10
10-02 02:38:12.119  2354  2354 W HwLockScreenPanel: Handle message: 10
10-02 02:38:12.119  2354  2354 W KgBattery: getCharge info with type: text
10-02 02:38:12.125  2354  2354 I HwBackDropView: restore param to 0
10-02 02:38:12.125  2354  2354 W HwBackDropView: setDrawBehindAsSrc skipped. null
10-02 02:38:12.125  2354  2354 I HwBackDropView: checkVisibility : true; true
10-02 02:38:12.125  2354  2354 W AppHandler: sendImmediateMessage 12
10-02 02:38:12.126  2354  2354 W HwLockScreenPanel: Handle message: 12
10-02 02:38:12.191  2354  2354 W HwKeyguardDragHelper: AnimationBlocked
10-02 02:38:12.197  2354  2354 W PanelView: set notification panel padding = 1436
10-02 02:38:12.206  2354  2354 W View    : requestLayout() improperly called by com.android.systemui.statusbar.ExpandableNotificationRow{fb1d93f VFE...C.. ......ID 0,0-1056,239} during layout: running second layout pass
10-02 02:38:12.206  2354  2354 W HwKeyguardDragHelper: AnimationBlocked
10-02 02:38:12.207  2354  2354 W PanelView: set notification panel padding = 1436
10-02 02:38:12.208  2354  2354 W PanelView: set notification panel padding = 1436
10-02 02:38:12.209  2354  2354 W StatusBarWindowManager: Apply window without WALLPAPER
10-02 02:38:12.209  2354  2354 W StatusBarWindowManager: Apply window without WALLPAPER
10-02 02:38:12.209  2354  2457 I SendBroadcastPermission: action:com.android.systemui.statusbar.visible.change, mPermissionType:0
10-02 02:38:12.212  2816  3027 I ash     : screen off not care panel fully open
10-02 02:38:12.226  2354  2354 I SendBroadcastPermission: action:com.android.keyguard.keyguardlocked, mPermissionType:0
10-02 02:38:12.228  2354  2354 W HwLockScreenPanel: Handle message: 4
10-02 02:38:12.229  2354  2354 W DisabledFeatureUtils: Dis-Feature : 0
10-02 02:38:12.229  2354  2354 E KeyguardUpdateMonitor: isSimPinSecure mSimDatas is null or empty 
10-02 02:38:12.229  2354  2354 I KeyguardUpdateMonitor: Ignore update FP: 1 true
10-02 02:38:12.236  2354  2354 W HwLockScreenPanel: Handle message: 10
10-02 02:38:12.236  2354  2354 W KgBattery: getCharge info with type: text
10-02 02:38:12.240  2354  2354 I HwBackDropView: restore param to 0
10-02 02:38:12.240  2354  2354 I HwBackDropView: checkVisibility : true; true
10-02 02:38:12.242  2354  2354 W HwKeyguardDragHelper: AnimationBlocked
10-02 02:38:12.242  2354  2354 W PanelView: set notification panel padding = 1436
10-02 02:38:12.243  2354  2354 E BokehDrawable: BlurBitmap  draw super 0.0
10-02 02:38:12.381  2023 13901 I SendBroadcastPermission: action:android.intent.action.SIG_STR, mPermissionType:0
10-02 02:38:12.381  2023  2023 I MQoS    : onSignal: mSubId=1,currDataSubID=1
10-02 02:38:12.381  2023  2023 I MQoS    : received cell-signal:5
10-02 02:38:12.389  2023  2023 I MQoS    : onSignal: mSubId=0,currDataSubID=1
10-02 02:38:12.389  2023 13184 I SendBroadcastPermission: action:android.intent.action.SIG_STR, mPermissionType:0
10-02 02:38:12.389  2023  2023 I MQoS    : received cell-signal:5
10-02 02:38:12.390  2354  2457 I HwMobileSignalController: subId:1 phoneType:1 networktype:13 targetClass:3 masterLevel:5 slaveLevel:-1
10-02 02:38:12.395  2354  2457 I HwMobileSignalController: subId:0 phoneType:1 networktype:3 targetClass:2 masterLevel:5 slaveLevel:-1
10-02 02:38:12.615  2354  2465 I WeatherUtils: getCurrentWeatherInfo currentTemperature is :18.0 mWeatherIcon Id is: 33
10-02 02:38:12.638  2354  2465 I WeatherUtils: getCurrentWeatherInfo currentTemperature is :21.0 mWeatherIcon Id is: 33
10-02 02:38:12.653  2354  2354 W HwKeyguardDragHelper: AnimationBlocked
10-02 02:38:12.654  2354  2354 W PanelView: set notification panel padding = 1436
10-02 02:38:14.621  2023  2023 I MQoS    : onSignal: mSubId=1,currDataSubID=1
10-02 02:38:14.621  2023  2023 I MQoS    : received cell-signal:5
10-02 02:38:14.621  2023 12005 I SendBroadcastPermission: action:android.intent.action.SIG_STR, mPermissionType:0
10-02 02:38:14.626  2023  2023 I MQoS    : onSignal: mSubId=0,currDataSubID=1
10-02 02:38:14.627  2023 12006 I SendBroadcastPermission: action:android.intent.action.SIG_STR, mPermissionType:0
10-02 02:38:14.627  2023  2023 I MQoS    : received cell-signal:5
10-02 02:38:14.629  2354  2457 I HwMobileSignalController: subId:1 phoneType:1 networktype:13 targetClass:3 masterLevel:5 slaveLevel:-1
10-02 02:38:14.634  2354  2457 I HwMobileSignalController: subId:0 phoneType:1 networktype:3 targetClass:2 masterLevel:5 slaveLevel:-1
10-02 02:38:14.717  2354  2354 I NetworkSpeedManagerEx: mIsStop = false
10-02 02:38:14.721  2354  2354 I NetworkSpeedManagerEx: value=53185.332speed = 51.9K/s
10-02 02:38:14.721  2354  2354 I NetworkSpeedManagerEx: refreshSpeed: sreen off, no need to refresh net speed!
10-02 02:38:14.731  2354  2354 I NetworkSpeedManagerEx: mIsStop = false
10-02 02:38:14.735  2354  2354 I NetworkSpeedManagerEx: value=53185.332speed = 51.9K/s
10-02 02:38:14.735  2354  2354 I NetworkSpeedManagerEx: refreshSpeed: sreen off, no need to refresh net speed!
10-02 02:38:15.245   767   767 E Thermal-daemon: [Thermal_Hw] temperature_valid, battery : temperature is invalid, invalid temperatrue is 39
10-02 02:38:15.245   767   767 E Thermal-daemon: [Thermal_Hw] temperature_filter: get invalid temperature, use old temp
10-02 02:38:15.248   767   767 E Thermal-daemon: [charger_ic] temp_new :47  temp_old :48
10-02 02:38:15.249   767   767 E ThermalBinder: mThermalService is NULL!
10-02 02:38:15.249   767   767 E Thermal-daemon: Report temperature: [charger_ic] temp :47  report_threshold:1
10-02 02:38:15.251   767   767 E Thermal-daemon: [ap] temp_new :49  temp_old :50
10-02 02:38:15.251   767   767 E ThermalBinder: mThermalService is NULL!
10-02 02:38:15.251   767   767 E Thermal-daemon: Report temperature: [ap] temp :49  report_threshold:1
10-02 02:38:16.808  8458 17539 E msys    : E[N WA]_WCCConnectionDefaultDoDisconnect(1800)=>[INFO] connection/disconnect/[internalState=5]
10-02 02:38:16.861  2023  2023 I MQoS    : onSignal: mSubId=1,currDataSubID=1
10-02 02:38:16.861  2023  2023 I MQoS    : received cell-signal:5
10-02 02:38:16.862  2023  3404 I SendBroadcastPermission: action:android.intent.action.SIG_STR, mPermissionType:0
10-02 02:38:16.869  2354  2457 I HwMobileSignalController: subId:1 phoneType:1 networktype:13 targetClass:3 masterLevel:5 slaveLevel:-1
10-02 02:38:17.142   800   832 W AwareLog:defragd: delay_us exceeds max timeout: 589999292 us
10-02 02:38:17.188  8458 17539 E msys    : E[N WA]_WCCXMPPStreamDisconnectHandler(320)=>xmpp/disconnect - WCIStreamStateErrorCode: 0, domain: ACTOVERUNITY, subdomain: NULL: Error Domain=ACTOVERUNITY Code=0 UserInfo=0xabe2b078 {MCFErrorDirectLocalizedFailureReasonKey=EOF}
10-02 02:38:17.188  8458 17539 E msys    : E[N WA]_WCCConnectionDefaultLifecycleEventHandler(2059)=>[INFO] connection/xmpp/lifecycle_event/not-connected, [601.1423s]
10-02 02:38:17.188  8458 17539 E msys    : E[N WA]_WCCXMPPStreamDoDisconnect(1120)=>xmpp/disconnect - flags: 129
10-02 02:38:17.188  8458 17539 E msys    : E[N WA]_WCCConnectionDefaultDisconnectHandler(2089)=>connection/disconnected, backoff on socket failed to connect
10-02 02:38:17.189  8458 17539 E msys    : E[N WA]_WCCConnectionDefaultDisconnectHandler(2118)=>connection/disconnected, transport error
10-02 02:38:17.189  8458 17539 E msys    : E[N WA]_WCCConnectionDefaultEmitStateChange(3031)=>[INFO] connection/new_state/not-connected [connection_id=648544675, wcc_source=1, wcc_reason=10]
10-02 02:38:17.207  8458 17539 E msys    : E[N WA]_WCCConnectionDefaultDisconnectHandler(2182)=>[INFO] connection/disconnected/[no-connect, did-read-bytes]
10-02 02:38:17.655  2758  6337 I NearbyPresence: (REDACTED) %s verified [==] new request %s equals to the old request
10-02 02:38:17.722  2354  2354 I NetworkSpeedManagerEx: mIsStop = false
10-02 02:38:17.726  2354  2354 I NetworkSpeedManagerEx: value=63184.332speed = 61.7K/s
10-02 02:38:17.726  2354  2354 I NetworkSpeedManagerEx: refreshSpeed: sreen off, no need to refresh net speed!
10-02 02:38:17.735  2354  2354 I NetworkSpeedManagerEx: mIsStop = false
10-02 02:38:17.739  2354  2354 I NetworkSpeedManagerEx: value=63184.332speed = 61.7K/s
10-02 02:38:17.739  2354  2354 I NetworkSpeedManagerEx: refreshSpeed: sreen off, no need to refresh net speed!
10-02 02:38:20.251   767   767 E Thermal-daemon: [Thermal_Hw] temperature_valid, battery : temperature is invalid, invalid temperatrue is 39
10-02 02:38:20.251   767   767 E Thermal-daemon: [Thermal_Hw] temperature_filter: get invalid temperature, use old temp
10-02 02:38:20.360  2023  2193 W AlarmManager: mIsScreenOn is: false, WAKEUP alarm trigger action = com.huawei.intent.action.PUSH package name is: android
10-02 02:38:20.371  5821  5821 I PushLog2849: [main-1]action is com.huawei.intent.action.PUSH(android/null:-1)
10-02 02:38:20.375  5821  5821 I PushLog2849: [main-1]broadcast(),and mReceivers  4(android/null:-1)
10-02 02:38:20.395  5821  5839 E BastetManager: Failed to get bastet service
10-02 02:38:20.398  5821  5839 I PushLog2849: [ReceiverDispatcher-280]isBastetAvailable false, can't use bastet.(android/null:-1)
10-02 02:38:20.398  5821  5839 I PushLog2849: [ReceiverDispatcher-280]resetBastet(android/null:-1)
10-02 02:38:20.400  5821  5839 I PushLog2849: [ReceiverDispatcher-280]init push bastet failed!(android/null:-1)
10-02 02:38:20.706  5821  5839 I PushLog2849: [ReceiverDispatcher-280]read to Send:DA(android/null:-1)
10-02 02:38:20.708  5821  5839 I PushLog2849: [ReceiverDispatcher-280]send msg to remote srv success(android/null:-1)
10-02 02:38:20.730  2354  2354 I NetworkSpeedManagerEx: mIsStop = false
10-02 02:38:20.733  2354  2354 I NetworkSpeedManagerEx: value=83496.336speed = 81.5K/s
10-02 02:38:20.733  2354  2354 I NetworkSpeedManagerEx: refreshSpeed: sreen off, no need to refresh net speed!
10-02 02:38:20.740  2354  2354 I NetworkSpeedManagerEx: mIsStop = false
10-02 02:38:20.743  2354  2354 I NetworkSpeedManagerEx: value=83496.336speed = 81.5K/s
10-02 02:38:20.743  2354  2354 I NetworkSpeedManagerEx: refreshSpeed: sreen off, no need to refresh net speed!
10-02 02:38:21.046  2023  2023 I MQoS    : onSignal: mSubId=0,currDataSubID=1
10-02 02:38:21.046  2023 12006 I SendBroadcastPermission: action:android.intent.action.SIG_STR, mPermissionType:0
10-02 02:38:21.046  2023  2023 I MQoS    : received cell-signal:5
10-02 02:38:21.052  2354  2457 I HwMobileSignalController: subId:0 phoneType:1 networktype:3 targetClass:2 masterLevel:5 slaveLevel:-1
10-02 02:38:21.093  5821 19093 I PushLog2849: [SocketRead_01:23:08-356]received a msg cmdId:DB(android/null:-1)
10-02 02:38:21.144  5821 19093 I PushLog2849: [SocketRead_01:23:08-356]broadcast(),and mReceivers  4(android/null:-1)
10-02 02:38:21.340  2023 12007 I SendBroadcastPermission: action:android.intent.action.SIG_STR, mPermissionType:0
10-02 02:38:21.340  2023  2023 I MQoS    : onSignal: mSubId=1,currDataSubID=1
10-02 02:38:21.340  2023  2023 I MQoS    : received cell-signal:5
10-02 02:38:21.347  2354  2457 I HwMobileSignalController: subId:1 phoneType:1 networktype:13 targetClass:3 masterLevel:5 slaveLevel:-1
10-02 02:38:21.516  2023  4781 I MQoS    : MSG_QUERY_TCP_INFO called,count:507
10-02 02:38:21.517  2023  2023 I WifiProJNI: ######### CMD_QUERY_PKTS ########
10-02 02:38:21.517  2023  2272 I QosMonitor: postEventFromNative: msg=100,arg1=0,arg2=9
10-02 02:38:21.517  2023  2272 W WifiProJNI: poll before: g_monitor_fd =318
10-02 02:38:21.517  2023  2023 I MQoS    : rtt=0,tcp_tx_pkts=0,tcp_rx_pkts=0
10-02 02:38:21.520  2023  4781 I TrafficMonitor: getStatic,count:0,work status:false
10-02 02:38:21.520  2023  4781 I MQoS    : QOS_level:5(5),use RAT:4G;signalLvl:5
10-02 02:38:21.585  2023  2193 W AlarmManager: mIsScreenOn is: false, WAKEUP alarm trigger action = com.android.intent.action.HEARTBEAT_FIXER package name is: android
10-02 02:38:21.585  2023  2193 W AlarmManager: mIsScreenOn is: false, WAKEUP alarm trigger action = com.facebook.lite.metainstallreferrer.periodic_install_referrer_entries_purge package name is: com.facebook.lite
10-02 02:38:21.588  2023  2023 I SendBroadcastPermission: action:com.google.android.intent.action.GTALK_HEARTBEAT, mPermissionType:0
10-02 02:38:21.590  2023  2023 I SendBroadcastPermission: action:com.google.android.intent.action.MCS_HEARTBEAT, mPermissionType:0
10-02 02:38:21.612  2758  3473 I AlarmManager: setExactAndAllowWhileIdle [name: GCM_HB_ALARM type: 2 triggerAtMillis: 5615081]
10-02 02:38:21.617  2758  3473 W WakeLock: GCM_HB_ALARM release without a matched acquire!
10-02 02:38:21.766   787   787 I cnss-daemon: RTM_NEWNEIGH message received: 28
10-02 02:38:21.767   787   787 E cnss-daemon: Stale or unreachable neighbors, ndm state: 4
10-02 02:38:21.814  2758  3473 I AlarmManager: setExactAndAllowWhileIdle [name: GCM_HB_ALARM type: 2 triggerAtMillis: 6395283]
10-02 02:38:23.470  3405  7643 I QtiTetherService: limitReached Alert received limitName: globalAlert on Interface: rmnet_data0
10-02 02:38:23.475   782  2020 I QtiConnectivityAdapter: getV6TetherStats(tether= upstream=)
10-02 02:38:23.533   782  2020 I QtiConnectivityAdapter: getV6TetherStats(tether= upstream=)
10-02 02:38:23.578  2023  2207 I SendBroadcastPermission: action:android.intent.action.SIG_STR, mPermissionType:0
10-02 02:38:23.578  2023  2023 I MQoS    : onSignal: mSubId=0,currDataSubID=1
10-02 02:38:23.578  2023  2023 I MQoS    : received cell-signal:5
10-02 02:38:23.579  2023  2212 I TetherStatsReporting: getTetherStats() called NetworkStats: elapsedRealtime=5556942
10-02 02:38:23.579  2023  2212 I TetherStatsReporting:   [0] iface=rmnet_data0 uid=0 set=DEFAULT tag=0x0 roaming=NO rxBytes=227075 rxPackets=1408 txBytes=95207 txPackets=1002 operations=0
10-02 02:38:23.579  2023  2212 I TetherStatsReporting:  proc=
10-02 02:38:23.579  2023  2212 I TetherStatsReporting:   [1] iface=rmnet_data0 uid=0 set=FOREGROUND tag=0x0 roaming=NO rxBytes=0 rxPackets=0 txBytes=0 txPackets=0 operations=0
10-02 02:38:23.579  2023  2212 I TetherStatsReporting:  proc=
10-02 02:38:23.579  2023  2212 I TetherStatsReporting:   [2] iface=rmnet_data0 uid=1000 set=DEFAULT tag=0x0 roaming=NO rxBytes=20732 rxPackets=52 txBytes=5479 txPackets=76 operations=0
10-02 02:38:23.579  2023  2212 I TetherStatsReporting:  proc=
10-02 02:38:23.579  2023  2212 I TetherStatsReporting:   [3] iface=rmnet_data0 uid=1000 set=FOREGROUND tag=0x0 roaming=NO rxBytes=0 rxPackets=0 txBytes=0 txPackets=0 operations=0
10-02 02:38:23.579  2023  2212 I TetherStatsReporting:  proc=
10-02 02:38:23.579  2023  2212 I TetherStatsReporting:   [4] iface=rmnet_data0 uid=9999 set=DEFAULT tag=0x0 roaming=NO rxBytes=134761 rxPackets=888 txBytes=77148 txPackets=1134 operations=0
10-02 02:38:23.579  2023  2212 I TetherStatsReporting:  proc=
